Component: ARM Compiler 5.06 update 4 (build 422) Tool: armlink [4d35d2]

==============================================================================

Section Cross References

    nrf24l01.o(.text) refers to nrf24l01_drv.o(.text) for L01_ClearIRQ
    nrf24l01.o(.text) refers to timer.o(.text) for wait_100us
    nrf24l01.o(.text) refers to nrf24l01.o(.data) for receive_flag
    nrf24l01.o(.text) refers to robot.o(.bss) for g_robot
    nrf24l01_drv.o(.text) refers to misc.o(.text) for nrf_spi_wr_rd
    packet.o(.text) refers to misc.o(.text) for get_bat_v
    packet.o(.text) refers to timer.o(.text) for get_one_timer
    packet.o(.text) refers to robot.o(.bss) for g_robot
    packet.o(.text) refers to packet.o(.data) for packet_flag
    packet.o(.text) refers to action.o(.data) for shooter
    packet.o(.text) refers to robot.o(.data) for rf_comm_tim
    packet.o(.text) refers to pid.o(.text) for pid_set_param
    packet.o(.text) refers to rt_memclr.o(.text) for __aeabi_memclr
    packet.o(.text) refers to init.o(.data) for encrpty_cpuid
    param.o(.text) refers to rt_memclr.o(.text) for __aeabi_memclr
    param.o(.text) refers to i2c.o(.text) for high_size_eeprom_rd
    param.o(.text) refers to rt_memclr_w.o(.text) for __aeabi_memclr4
    pid.o(.text) refers to misc.o(.text) for N2RPM
    pid.o(.text) refers to system_stm32f4xx.o(.data) for SystemCoreClock
    robot.o(.text) refers to param.o(.text) for load_param
    robot.o(.text) refers to misc.o(.text) for read_dip_sw
    robot.o(.text) refers to rt_memclr_w.o(.text) for __aeabi_memclr4
    robot.o(.text) refers to pid.o(.text) for pid_init
    robot.o(.text) refers to f2d.o(x$fpl$f2d) for __aeabi_f2d
    robot.o(.text) refers to sin.o(i.__hardfp_sin) for __hardfp_sin
    robot.o(.text) refers to d2f.o(x$fpl$d2f) for __aeabi_d2f
    robot.o(.text) refers to cos.o(i.__hardfp_cos) for __hardfp_cos
    robot.o(.text) refers to action.o(.text) for init_shooter
    robot.o(.text) refers to motor.o(.text) for update_motor
    robot.o(.text) refers to timer.o(.text) for wait_ms
    robot.o(.text) refers to robot.o(.constdata) for .constdata
    robot.o(.text) refers to robot.o(.data) for wheel_reduction_ratio_x_set
    robot.o(.text) refers to init.o(.data) for eeprom_blue_init_flag
    robot.o(.text) refers to robot.o(.bss) for g_robot
    robot.o(.text) refers to pid.o(.bss) for gyro_pid
    robot.o(.text) refers to comm.o(.text) for do_comm
    robot.o(.text) refers to nrf24l01.o(.text) for start_nRF24L01_RX
    robot.o(.text) refers to hm_bluetooth.o(.text) for AT_Set_device_name_cmd
    robot.o(.text) refers to init.o(.text) for UNLOCK_FLASH_RDP
    robot.o(.text) refers to packet.o(.data) for identify_success
    robot.o(.text) refers to usbd_cdc_vcp.o(.data) for USB_Receive_ok
    robot.o(.text) refers to usbd_cdc_vcp.o(.bss) for USB_Receive_Buffer
    robot.o(.text) refers to hm_bluetooth.o(.bss) for bluetooth_name
    robot.o(.text) refers to usbd_cdc_core.o(.bss) for APP_Rx_Buffer
    robot.o(.text) refers to usbd_cdc_core.o(.data) for APP_Rx_ptr_in
    robot.o(.text) refers to hm_bluetooth.o(.data) for bluetooth_code
    robot.o(.text) refers to error_event.o(.data) for error_flag
    robot.o(.text) refers to init.o(.bss) for cpuid_data
    robot.o(.text) refers to gpio.o(.text) for feed_iwdog
    stm32f4xx_it.o(.text) refers to usb_hcd_int.o(.text) for USBH_OTG_ISR_Handler
    stm32f4xx_it.o(.text) refers to usb_dcd_int.o(.text) for USBD_OTG_ISR_Handler
    stm32f4xx_it.o(.text) refers to init.o(.data) for usb_host_device_mode
    stm32f4xx_it.o(.text) refers to usbh_core.o(.bss) for USB_OTG_Core_dev
    stm32f4xx_it.o(.text) refers to usbd_core.o(.bss) for USB_OTG_dev
    system_stm32f4xx.o(.text) refers to system_stm32f4xx.o(.data) for SystemCoreClock
    timer.o(.text) refers to timer.o(.data) for sys_tick
    usart_ble.o(.text) refers to stm32f4xx_usart.o(.text) for USART_Init
    usart_ble.o(.text) refers to rt_memclr_w.o(.text) for __aeabi_memclr4
    usart_ble.o(.text) refers to rt_memcpy_v6.o(.text) for __aeabi_memcpy
    usart_ble.o(.text) refers to usart_ble.o(.data) for uart_rx_buf_cnt
    usart_ble.o(.text) refers to usart_ble.o(.bss) for uart_rx_buf
    action.o(.text) refers to misc.o(.text) for shoot_off
    action.o(.text) refers to dflt_clz.o(x$fpl$dfltu) for __aeabi_ui2d
    action.o(.text) refers to dmul.o(x$fpl$dmul) for __aeabi_dmul
    action.o(.text) refers to dfixu.o(x$fpl$dfixu) for __aeabi_d2uiz
    action.o(.text) refers to action.o(.bss) for g_shooter
    action.o(.text) refers to robot.o(.bss) for g_robot
    action.o(.text) refers to action.o(.data) for shooter
    action.o(.text) refers to system_stm32f4xx.o(.data) for SystemCoreClock
    action.o(.text) refers to f2d.o(x$fpl$f2d) for __aeabi_f2d
    action.o(.text) refers to ceil.o(i.__hardfp_ceil) for __hardfp_ceil
    action.o(.text) refers to dfix.o(x$fpl$dfix) for __aeabi_d2iz
    action.o(.text) refers to stm32f4xx_exti.o(.text) for EXTI_ClearFlag
[...]
    I2C_GetITStatus                          0x0800806d   Thumb Code    64  stm32f4xx_i2c.o(.text)
    I2C_ClearITPendingBit                    0x080080ad   Thumb Code    12  stm32f4xx_i2c.o(.text)
    IWDG_WriteAccessCmd                      0x080080b9   Thumb Code     6  stm32f4xx_iwdg.o(.text)
    IWDG_SetPrescaler                        0x080080bf   Thumb Code     6  stm32f4xx_iwdg.o(.text)
    IWDG_SetReload                           0x080080c5   Thumb Code     6  stm32f4xx_iwdg.o(.text)
    IWDG_ReloadCounter                       0x080080cb   Thumb Code    10  stm32f4xx_iwdg.o(.text)
    IWDG_Enable                              0x080080d5   Thumb Code    10  stm32f4xx_iwdg.o(.text)
    IWDG_GetFlagStatus                       0x080080df   Thumb Code    20  stm32f4xx_iwdg.o(.text)
    NVIC_PriorityGroupConfig                 0x080080f9   Thumb Code    10  stm32f4xx_misc.o(.text)
    NVIC_Init                                0x08008103   Thumb Code   106  stm32f4xx_misc.o(.text)
    NVIC_SetVectorTable                      0x0800816d   Thumb Code    14  stm32f4xx_misc.o(.text)
    NVIC_SystemLPConfig                      0x0800817b   Thumb Code    34  stm32f4xx_misc.o(.text)
    SysTick_CLKSourceConfig                  0x0800819d   Thumb Code    40  stm32f4xx_misc.o(.text)
    RCC_DeInit                               0x080081d9   Thumb Code    60  stm32f4xx_rcc.o(.text)
    RCC_HSEConfig                            0x08008215   Thumb Code    14  stm32f4xx_rcc.o(.text)
    RCC_GetFlagStatus                        0x08008223   Thumb Code    60  stm32f4xx_rcc.o(.text)
    RCC_WaitForHSEStartUp                    0x0800825f   Thumb Code    56  stm32f4xx_rcc.o(.text)
    RCC_AdjustHSICalibrationValue            0x08008297   Thumb Code    20  stm32f4xx_rcc.o(.text)
    RCC_HSICmd                               0x080082ab   Thumb Code     6  stm32f4xx_rcc.o(.text)
    RCC_LSEConfig                            0x080082b1   Thumb Code    46  stm32f4xx_rcc.o(.text)
    RCC_LSICmd                               0x080082df   Thumb Code     6  stm32f4xx_rcc.o(.text)
    RCC_PLLConfig                            0x080082e5   Thumb Code    32  stm32f4xx_rcc.o(.text)
    RCC_PLLCmd                               0x08008305   Thumb Code     6  stm32f4xx_rcc.o(.text)
    RCC_PLLI2SConfig                         0x0800830b   Thumb Code    14  stm32f4xx_rcc.o(.text)
    RCC_PLLI2SCmd                            0x08008319   Thumb Code     6  stm32f4xx_rcc.o(.text)
    RCC_ClockSecuritySystemCmd               0x0800831f   Thumb Code     6  stm32f4xx_rcc.o(.text)
    RCC_MCO1Config                           0x08008325   Thumb Code    28  stm32f4xx_rcc.o(.text)
    RCC_MCO2Config                           0x08008341   Thumb Code    28  stm32f4xx_rcc.o(.text)
    RCC_SYSCLKConfig                         0x0800835d   Thumb Code    20  stm32f4xx_rcc.o(.text)
    RCC_GetSYSCLKSource                      0x08008371   Thumb Code    12  stm32f4xx_rcc.o(.text)
    RCC_HCLKConfig                           0x0800837d   Thumb Code    20  stm32f4xx_rcc.o(.text)
    RCC_PCLK1Config                          0x08008391   Thumb Code    20  stm32f4xx_rcc.o(.text)
    RCC_PCLK2Config                          0x080083a5   Thumb Code    22  stm32f4xx_rcc.o(.text)
    RCC_GetClocksFreq                        0x080083bb   Thumb Code   222  stm32f4xx_rcc.o(.text)
    RCC_RTCCLKConfig                         0x08008499   Thumb Code    54  stm32f4xx_rcc.o(.text)
    RCC_RTCCLKCmd                            0x080084cf   Thumb Code     8  stm32f4xx_rcc.o(.text)
    RCC_BackupResetCmd                       0x080084d7   Thumb Code     8  stm32f4xx_rcc.o(.text)
    RCC_I2SCLKConfig                         0x080084df   Thumb Code     6  stm32f4xx_rcc.o(.text)
    RCC_AHB1PeriphClockCmd                   0x080084e5   Thumb Code    34  stm32f4xx_rcc.o(.text)
    RCC_AHB2PeriphClockCmd                   0x08008507   Thumb Code    34  stm32f4xx_rcc.o(.text)
    RCC_AHB3PeriphClockCmd                   0x08008529   Thumb Code    34  stm32f4xx_rcc.o(.text)
    RCC_APB1PeriphClockCmd                   0x0800854b   Thumb Code    34  stm32f4xx_rcc.o(.text)
    RCC_APB2PeriphClockCmd                   0x0800856d   Thumb Code    34  stm32f4xx_rcc.o(.text)
    RCC_AHB1PeriphResetCmd                   0x0800858f   Thumb Code    34  stm32f4xx_rcc.o(.text)
    RCC_AHB2PeriphResetCmd                   0x080085b1   Thumb Code    72  stm32f4xx_rcc.o(.text)
    RCC_AHB3PeriphResetCmd                   0x080085f9   Thumb Code    34  stm32f4xx_rcc.o(.text)
    RCC_APB1PeriphResetCmd                   0x0800861b   Thumb Code    34  stm32f4xx_rcc.o(.text)
    RCC_APB2PeriphResetCmd                   0x0800863d   Thumb Code    34  stm32f4xx_rcc.o(.text)
    RCC_AHB1PeriphClockLPModeCmd             0x0800865f   Thumb Code    34  stm32f4xx_rcc.o(.text)
    RCC_AHB2PeriphClockLPModeCmd             0x08008681   Thumb Code    34  stm32f4xx_rcc.o(.text)
    RCC_AHB3PeriphClockLPModeCmd             0x080086a3   Thumb Code    34  stm32f4xx_rcc.o(.text)
    RCC_APB1PeriphClockLPModeCmd             0x080086c5   Thumb Code    34  stm32f4xx_rcc.o(.text)
    RCC_APB2PeriphClockLPModeCmd             0x080086e7   Thumb Code    34  stm32f4xx_rcc.o(.text)
    RCC_ITConfig                             0x08008709   Thumb Code    34  stm32f4xx_rcc.o(.text)
    RCC_ClearFlag                            0x0800872b   Thumb Code    18  stm32f4xx_rcc.o(.text)
    RCC_GetITStatus                          0x0800873d   Thumb Code    22  stm32f4xx_rcc.o(.text)
    RCC_ClearITPendingBit                    0x08008753   Thumb Code     8  stm32f4xx_rcc.o(.text)
    SPI_I2S_DeInit                           0x08008761   Thumb Code    76  stm32f4xx_spi.o(.text)
    SPI_Init                                 0x080087ad   Thumb Code    60  stm32f4xx_spi.o(.text)
    I2S_Init                                 0x080087e9   Thumb Code   350  stm32f4xx_spi.o(.text)
    SPI_StructInit                           0x08008947   Thumb Code    24  stm32f4xx_spi.o(.text)
    I2S_StructInit                           0x0800895f   Thumb Code    20  stm32f4xx_spi.o(.text)
    SPI_Cmd                                  0x08008973   Thumb Code    24  stm32f4xx_spi.o(.text)
    I2S_Cmd                                  0x0800898b   Thumb Code    24  stm32f4xx_spi.o(.text)
    SPI_DataSizeConfig                       0x080089a3   Thumb Code    18  stm32f4xx_spi.o(.text)
    SPI_BiDirectionalLineConfig              0x080089b5   Thumb Code    28  stm32f4xx_spi.o(.text)
    SPI_NSSInternalSoftwareConfig            0x080089d1   Thumb Code    30  stm32f4xx_spi.o(.text)
    SPI_SSOutputCmd                          0x080089ef   Thumb Code    24  stm32f4xx_spi.o(.text)
    SPI_TIModeCmd                            0x08008a07   Thumb Code    24  stm32f4xx_spi.o(.text)
    I2S_FullDuplexConfig                     0x08008a1f   Thumb Code    80  stm32f4xx_spi.o(.text)
    SPI_I2S_ReceiveData                      0x08008a6f   Thumb Code     6  stm32f4xx_spi.o(.text)
    SPI_I2S_SendData                         0x08008a75   Thumb Code     4  stm32f4xx_spi.o(.text)
    SPI_CalculateCRC                         0x08008a79   Thumb Code    24  stm32f4xx_spi.o(.text)
    SPI_TransmitCRC                          0x08008a91   Thumb Code    10  stm32f4xx_spi.o(.text)
    SPI_GetCRC                               0x08008a9b   Thumb Code    16  stm32f4xx_spi.o(.text)
    SPI_GetCRCPolynomial                     0x08008aab   Thumb Code     6  stm32f4xx_spi.o(.text)
    SPI_I2S_DMACmd                           0x08008ab1   Thumb Code    18  stm32f4xx_spi.o(.text)
    SPI_I2S_ITConfig                         0x08008ac3   Thumb Code    32  stm32f4xx_spi.o(.text)
    SPI_I2S_GetFlagStatus                    0x08008ae3   Thumb Code    18  stm32f4xx_spi.o(.text)
    SPI_I2S_ClearFlag                        0x08008af5   Thumb Code     6  stm32f4xx_spi.o(.text)
    SPI_I2S_GetITStatus                      0x08008afb   Thumb Code    52  stm32f4xx_spi.o(.text)
    SPI_I2S_ClearITPendingBit                0x08008b2f   Thumb Code    42  stm32f4xx_spi.o(.text)
    SYSCFG_DeInit                            0x08008b59   Thumb Code    22  stm32f4xx_syscfg.o(.text)
    SYSCFG_MemoryRemapConfig                 0x08008b6f   Thumb Code     6  stm32f4xx_syscfg.o(.text)
    SYSCFG_EXTILineConfig                    0x08008b75   Thumb Code    66  stm32f4xx_syscfg.o(.text)
    SYSCFG_ETH_MediaInterfaceConfig          0x08008bb7   Thumb Code     6  stm32f4xx_syscfg.o(.text)
    SYSCFG_CompensationCellCmd               0x08008bbd   Thumb Code     6  stm32f4xx_syscfg.o(.text)
    SYSCFG_GetCompensationCellStatus         0x08008bc3   Thumb Code    22  stm32f4xx_syscfg.o(.text)
    TIM_DeInit                               0x08008be5   Thumb Code   346  stm32f4xx_tim.o(.text)
    TIM_TimeBaseInit                         0x08008d3f   Thumb Code   104  stm32f4xx_tim.o(.text)
    TIM_TimeBaseStructInit                   0x08008da7   Thumb Code    18  stm32f4xx_tim.o(.text)
    TIM_PrescalerConfig                      0x08008db9   Thumb Code     6  stm32f4xx_tim.o(.text)
    TIM_CounterModeConfig                    0x08008dbf   Thumb Code    18  stm32f4xx_tim.o(.text)
    TIM_SetCounter                           0x08008dd1   Thumb Code     4  stm32f4xx_tim.o(.text)
    TIM_SetAutoreload                        0x08008dd5   Thumb Code     4  stm32f4xx_tim.o(.text)
    TIM_GetCounter                           0x08008dd9   Thumb Code     6  stm32f4xx_tim.o(.text)
    TIM_GetPrescaler                         0x08008ddf   Thumb Code     6  stm32f4xx_tim.o(.text)
    TIM_UpdateDisableConfig                  0x08008de5   Thumb Code    24  stm32f4xx_tim.o(.text)
    TIM_UpdateRequestConfig                  0x08008dfd   Thumb Code    24  stm32f4xx_tim.o(.text)
    TIM_ARRPreloadConfig                     0x08008e15   Thumb Code    24  stm32f4xx_tim.o(.text)
    TIM_SelectOnePulseMode                   0x08008e2d   Thumb Code    18  stm32f4xx_tim.o(.text)
    TIM_SetClockDivision                     0x08008e3f   Thumb Code    18  stm32f4xx_tim.o(.text)
    TIM_Cmd                                  0x08008e51   Thumb Code    24  stm32f4xx_tim.o(.text)
    TIM_OC1Init                              0x08008e69   Thumb Code   114  stm32f4xx_tim.o(.text)
    TIM_OC2Init                              0x08008edb   Thumb Code   154  stm32f4xx_tim.o(.text)
    TIM_OC3Init                              0x08008f75   Thumb Code   204  stm32f4xx_tim.o(.text)
    TIM_OC4Init                              0x08009041   Thumb Code   112  stm32f4xx_tim.o(.text)
    TIM_OCStructInit                         0x080090b1   Thumb Code    20  stm32f4xx_tim.o(.text)
    TIM_SelectOCxM                           0x080090c5   Thumb Code    86  stm32f4xx_tim.o(.text)
    TIM_SetCompare1                          0x0800911b   Thumb Code     4  stm32f4xx_tim.o(.text)
    TIM_SetCompare2                          0x0800911f   Thumb Code     4  stm32f4xx_tim.o(.text)
    TIM_SetCompare3                          0x08009123   Thumb Code     4  stm32f4xx_tim.o(.text)
    TIM_SetCompare4                          0x08009127   Thumb Code     4  stm32f4xx_tim.o(.text)
    TIM_ForcedOC1Config                      0x0800912b   Thumb Code    18  stm32f4xx_tim.o(.text)
    TIM_ForcedOC2Config                      0x0800913d   Thumb Code    26  stm32f4xx_tim.o(.text)
    TIM_ForcedOC3Config                      0x08009157   Thumb Code    18  stm32f4xx_tim.o(.text)
    TIM_ForcedOC4Config                      0x08009169   Thumb Code    26  stm32f4xx_tim.o(.text)
    TIM_OC1PreloadConfig                     0x08009183   Thumb Code    18  stm32f4xx_tim.o(.text)
    TIM_OC2PreloadConfig                     0x08009195   Thumb Code    26  stm32f4xx_tim.o(.text)
    TIM_OC3PreloadConfig                     0x080091af   Thumb Code    18  stm32f4xx_tim.o(.text)
    TIM_OC4PreloadConfig                     0x080091c1   Thumb Code    26  stm32f4xx_tim.o(.text)
    TIM_OC1FastConfig                        0x080091db   Thumb Code    18  stm32f4xx_tim.o(.text)
    TIM_OC2FastConfig                        0x080091ed   Thumb Code    26  stm32f4xx_tim.o(.text)
    TIM_OC3FastConfig                        0x08009207   Thumb Code    18  stm32f4xx_tim.o(.text)
    TIM_OC4FastConfig                        0x08009219   Thumb Code    26  stm32f4xx_tim.o(.text)
    TIM_ClearOC1Ref                          0x08009233   Thumb Code    18  stm32f4xx_tim.o(.text)
    TIM_ClearOC2Ref                          0x08009245   Thumb Code    24  stm32f4xx_tim.o(.text)
    TIM_ClearOC3Ref                          0x0800925d   Thumb Code    18  stm32f4xx_tim.o(.text)
    TIM_ClearOC4Ref                          0x0800926f   Thumb Code    24  stm32f4xx_tim.o(.text)
    TIM_OC1PolarityConfig                    0x08009287   Thumb Code    18  stm32f4xx_tim.o(.text)
    TIM_OC1NPolarityConfig                   0x08009299   Thumb Code    18  stm32f4xx_tim.o(.text)
    TIM_OC2PolarityConfig                    0x080092ab   Thumb Code    26  stm32f4xx_tim.o(.text)
    TIM_OC2NPolarityConfig                   0x080092c5   Thumb Code    26  stm32f4xx_tim.o(.text)
    TIM_OC3PolarityConfig                    0x080092df   Thumb Code    26  stm32f4xx_tim.o(.text)
    TIM_OC3NPolarityConfig                   0x080092f9   Thumb Code    26  stm32f4xx_tim.o(.text)
    TIM_OC4PolarityConfig                    0x08009313   Thumb Code    26  stm32f4xx_tim.o(.text)
    TIM_CCxCmd                               0x0800932d   Thumb Code    30  stm32f4xx_tim.o(.text)
    TIM_CCxNCmd                              0x0800934b   Thumb Code    30  stm32f4xx_tim.o(.text)
    TIM_SetIC4Prescaler                      0x08009369   Thumb Code    26  stm32f4xx_tim.o(.text)
    TIM_SetIC3Prescaler                      0x080093d3   Thumb Code    18  stm32f4xx_tim.o(.text)
    TIM_SetIC2Prescaler                      0x0800942d   Thumb Code    26  stm32f4xx_tim.o(.text)
    TIM_SetIC1Prescaler                      0x080094a1   Thumb Code    18  stm32f4xx_tim.o(.text)
    TIM_ICInit                               0x080094ed   Thumb Code   110  stm32f4xx_tim.o(.text)
    TIM_ICStructInit                         0x0800955b   Thumb Code    18  stm32f4xx_tim.o(.text)
    TIM_PWMIConfig                           0x0800956d   Thumb Code   124  stm32f4xx_tim.o(.text)
    TIM_GetCapture1                          0x080095e9   Thumb Code     6  stm32f4xx_tim.o(.text)
    TIM_GetCapture2                          0x080095ef   Thumb Code     6  stm32f4xx_tim.o(.text)
    TIM_GetCapture3                          0x080095f5   Thumb Code     6  stm32f4xx_tim.o(.text)
    TIM_GetCapture4                          0x080095fb   Thumb Code     6  stm32f4xx_tim.o(.text)
    TIM_BDTRConfig                           0x08009601   Thumb Code    32  stm32f4xx_tim.o(.text)
    TIM_BDTRStructInit                       0x08009621   Thumb Code    18  stm32f4xx_tim.o(.text)
    TIM_CtrlPWMOutputs                       0x08009633   Thumb Code    30  stm32f4xx_tim.o(.text)
    TIM_SelectCOM                            0x08009651   Thumb Code    24  stm32f4xx_tim.o(.text)
    TIM_CCPreloadControl                     0x08009669   Thumb Code    24  stm32f4xx_tim.o(.text)
    TIM_ITConfig                             0x08009681   Thumb Code    18  stm32f4xx_tim.o(.text)
    TIM_GenerateEvent                        0x08009693   Thumb Code     4  stm32f4xx_tim.o(.text)
    TIM_GetFlagStatus                        0x08009697   Thumb Code    18  stm32f4xx_tim.o(.text)
    TIM_ClearFlag                            0x080096a9   Thumb Code     6  stm32f4xx_tim.o(.text)
    TIM_GetITStatus                          0x080096af   Thumb Code    34  stm32f4xx_tim.o(.text)
    TIM_ClearITPendingBit                    0x080096d1   Thumb Code     6  stm32f4xx_tim.o(.text)
    TIM_DMAConfig                            0x080096d7   Thumb Code    10  stm32f4xx_tim.o(.text)
    TIM_DMACmd                               0x080096e1   Thumb Code    18  stm32f4xx_tim.o(.text)
    TIM_SelectCCDMA                          0x080096f3   Thumb Code    24  stm32f4xx_tim.o(.text)
    TIM_InternalClockConfig                  0x0800970b   Thumb Code    12  stm32f4xx_tim.o(.text)
    TIM_SelectInputTrigger                   0x08009717   Thumb Code    18  stm32f4xx_tim.o(.text)
    TIM_ITRxExternalClockConfig              0x08009729   Thumb Code    24  stm32f4xx_tim.o(.text)
    TIM_TIxExternalClockConfig               0x08009741   Thumb Code    62  stm32f4xx_tim.o(.text)
    TIM_ETRConfig                            0x0800977f   Thumb Code    28  stm32f4xx_tim.o(.text)
    TIM_ETRClockMode1Config                  0x0800979b   Thumb Code    54  stm32f4xx_tim.o(.text)
    TIM_ETRClockMode2Config                  0x080097d1   Thumb Code    32  stm32f4xx_tim.o(.text)
    TIM_SelectOutputTrigger                  0x080097f1   Thumb Code    18  stm32f4xx_tim.o(.text)
    TIM_SelectSlaveMode                      0x08009803   Thumb Code    18  stm32f4xx_tim.o(.text)
    TIM_SelectMasterSlaveMode                0x08009815   Thumb Code    18  stm32f4xx_tim.o(.text)
    TIM_EncoderInterfaceConfig               0x08009827   Thumb Code    66  stm32f4xx_tim.o(.text)
    TIM_SelectHallSensor                     0x08009869   Thumb Code    24  stm32f4xx_tim.o(.text)
    TIM_RemapConfig                          0x08009881   Thumb Code     6  stm32f4xx_tim.o(.text)
    USART_DeInit                             0x08009889   Thumb Code   156  stm32f4xx_usart.o(.text)
    USART_Init                               0x08009925   Thumb Code   204  stm32f4xx_usart.o(.text)
    USART_StructInit                         0x080099f1   Thumb Code    24  stm32f4xx_usart.o(.text)
    USART_ClockInit                          0x08009a09   Thumb Code    32  stm32f4xx_usart.o(.text)
    USART_ClockStructInit                    0x08009a29   Thumb Code    12  stm32f4xx_usart.o(.text)
    USART_Cmd                                0x08009a35   Thumb Code    24  stm32f4xx_usart.o(.text)
    USART_SetPrescaler                       0x08009a4d   Thumb Code    16  stm32f4xx_usart.o(.text)
    USART_OverSampling8Cmd                   0x08009a5d   Thumb Code    22  stm32f4xx_usart.o(.text)
    USART_OneBitMethodCmd                    0x08009a73   Thumb Code    24  stm32f4xx_usart.o(.text)
    USART_SendData                           0x08009a8b   Thumb Code     8  stm32f4xx_usart.o(.text)
    USART_ReceiveData                        0x08009a93   Thumb Code    10  stm32f4xx_usart.o(.text)
    USART_SetAddress                         0x08009a9d   Thumb Code    18  stm32f4xx_usart.o(.text)
    USART_ReceiverWakeUpCmd                  0x08009aaf   Thumb Code    24  stm32f4xx_usart.o(.text)
    USART_WakeUpConfig                       0x08009ac7   Thumb Code    18  stm32f4xx_usart.o(.text)
    USART_LINBreakDetectLengthConfig         0x08009ad9   Thumb Code    18  stm32f4xx_usart.o(.text)
    USART_LINCmd                             0x08009aeb   Thumb Code    24  stm32f4xx_usart.o(.text)
    USART_SendBreak                          0x08009b03   Thumb Code    10  stm32f4xx_usart.o(.text)
    USART_HalfDuplexCmd                      0x08009b0d   Thumb Code    24  stm32f4xx_usart.o(.text)
    USART_SetGuardTime                       0x08009b25   Thumb Code    16  stm32f4xx_usart.o(.text)
    USART_SmartCardCmd                       0x08009b35   Thumb Code    24  stm32f4xx_usart.o(.text)
    USART_SmartCardNACKCmd                   0x08009b4d   Thumb Code    24  stm32f4xx_usart.o(.text)
    USART_IrDAConfig                         0x08009b65   Thumb Code    18  stm32f4xx_usart.o(.text)
    USART_IrDACmd                            0x08009b77   Thumb Code    24  stm32f4xx_usart.o(.text)
    USART_DMACmd                             0x08009b8f   Thumb Code    18  stm32f4xx_usart.o(.text)
    USART_ITConfig                           0x08009ba1   Thumb Code    74  stm32f4xx_usart.o(.text)
    USART_GetFlagStatus                      0x08009beb   Thumb Code    26  stm32f4xx_usart.o(.text)
    USART_ClearFlag                          0x08009c05   Thumb Code    18  stm32f4xx_usart.o(.text)
    USART_GetITStatus                        0x08009c17   Thumb Code   110  stm32f4xx_usart.o(.text)
    USART_ClearITPendingBit                  0x08009c85   Thumb Code    30  stm32f4xx_usart.o(.text)
    USBH_Connected                           0x08009ca5   Thumb Code    12  usbh_core.o(.text)
    USBH_Disconnected                        0x08009cb1   Thumb Code    12  usbh_core.o(.text)
    USBH_SOF                                 0x08009cbd   Thumb Code     6  usbh_core.o(.text)
    USBH_DeInit                              0x08009cc3   Thumb Code    58  usbh_core.o(.text)
    USBH_Init                                0x08009cfd   Thumb Code    68  usbh_core.o(.text)
    USBH_HandleControl                       0x08009d41   Thumb Code   544  usbh_core.o(.text)
    USBH_ErrorHandle                         0x08009f61   Thumb Code    46  usbh_core.o(.text)
    USBH_Process                             0x0800a167   Thumb Code   428  usbh_core.o(.text)
    USBH_Open_Channel                        0x0800a319   Thumb Code   154  usbh_hcs.o(.text)
    USBH_Modify_Channel                      0x0800a3b3   Thumb Code   100  usbh_hcs.o(.text)
    USBH_Alloc_Channel                       0x0800a43f   Thumb Code    38  usbh_hcs.o(.text)
    USBH_Free_Channel                        0x0800a465   Thumb Code    30  usbh_hcs.o(.text)
    USBH_DeAllocate_AllChannel               0x0800a483   Thumb Code    28  usbh_hcs.o(.text)
    USBH_CtlReq                              0x0800a4b7   Thumb Code   100  usbh_ioreq.o(.text)
    USBH_CtlSendSetup                        0x0800a51b   Thumb Code    66  usbh_ioreq.o(.text)
    USBH_CtlSendData                         0x0800a55d   Thumb Code   110  usbh_ioreq.o(.text)
    USBH_CtlReceiveData                      0x0800a5cb   Thumb Code    70  usbh_ioreq.o(.text)
    USBH_BulkSendData                        0x0800a611   Thumb Code    94  usbh_ioreq.o(.text)
    USBH_BulkReceiveData                     0x0800a66f   Thumb Code    96  usbh_ioreq.o(.text)
    USBH_InterruptReceiveData                0x0800a6cf   Thumb Code   120  usbh_ioreq.o(.text)
    USBH_InterruptSendData                   0x0800a747   Thumb Code   118  usbh_ioreq.o(.text)
    USBH_IsocReceiveData                     0x0800a7bd   Thumb Code    70  usbh_ioreq.o(.text)
    USBH_IsocSendData                        0x0800a803   Thumb Code    68  usbh_ioreq.o(.text)
    USBH_GetDescriptor                       0x0800a8a1   Thumb Code    68  usbh_stdreq.o(.text)
    USBH_Get_DevDesc                         0x0800a8e5   Thumb Code    56  usbh_stdreq.o(.text)
    USBH_GetNextDesc                         0x0800a963   Thumb Code    18  usbh_stdreq.o(.text)
    USBH_Get_CfgDesc                         0x0800aa87   Thumb Code    88  usbh_stdreq.o(.text)
    USBH_Get_StringDesc                      0x0800ab15   Thumb Code    60  usbh_stdreq.o(.text)
    USBH_SetAddress                          0x0800ab51   Thumb Code    38  usbh_stdreq.o(.text)
    USBH_SetCfg                              0x0800ab77   Thumb Code    38  usbh_stdreq.o(.text)
    USBH_SetInterface                        0x0800ab9d   Thumb Code    44  usbh_stdreq.o(.text)
    USBH_ClrFeature                          0x0800abc9   Thumb Code    76  usbh_stdreq.o(.text)
    USBH_Set_Report                          0x0800b16d   Thumb Code    52  usbh_hid_core.o(.text)
    USB_OTG_WritePacket                      0x0800b3f5   Thumb Code    64  usb_core.o(.text)
    USB_OTG_ReadPacket                       0x0800b435   Thumb Code    40  usb_core.o(.text)
    USB_OTG_SelectCore                       0x0800b45d   Thumb Code   204  usb_core.o(.text)
    USB_OTG_CoreInit                         0x0800b529   Thumb Code   294  usb_core.o(.text)
    USB_OTG_EnableGlobalInt                  0x0800b64f   Thumb Code    34  usb_core.o(.text)
    USB_OTG_DisableGlobalInt                 0x0800b671   Thumb Code    34  usb_core.o(.text)
    USB_OTG_FlushTxFifo                      0x0800b693   Thumb Code    80  usb_core.o(.text)
    USB_OTG_FlushRxFifo                      0x0800b6e3   Thumb Code    70  usb_core.o(.text)
    USB_OTG_SetCurrentMode                   0x0800b729   Thumb Code    78  usb_core.o(.text)
    USB_OTG_GetMode                          0x0800b777   Thumb Code    22  usb_core.o(.text)
    USB_OTG_IsDeviceMode                     0x0800b78d   Thumb Code    22  usb_core.o(.text)
    USB_OTG_IsHostMode                       0x0800b7a3   Thumb Code    20  usb_core.o(.text)
    USB_OTG_ReadCoreItr                      0x0800b7b7   Thumb Code    16  usb_core.o(.text)
    USB_OTG_ReadOtgItr                       0x0800b7c7   Thumb Code     8  usb_core.o(.text)
    USB_OTG_EnableHostInt                    0x0800b7cf   Thumb Code   116  usb_core.o(.text)
    USB_OTG_ReadHPRT0                        0x0800b843   Thumb Code    48  usb_core.o(.text)
    USB_OTG_DriveVbus                        0x0800b873   Thumb Code    92  usb_core.o(.text)
    USB_OTG_ResetPort                        0x0800b8cf   Thumb Code    64  usb_core.o(.text)
    USB_OTG_InitFSLSPClkSel                  0x0800b90f   Thumb Code    24  usb_core.o(.text)
    USB_OTG_CoreInitHost                     0x0800b927   Thumb Code   216  usb_core.o(.text)
    USB_OTG_IsEvenFrame                      0x0800b9ff   Thumb Code    16  usb_core.o(.text)
    USB_OTG_ReadHostAllChannels_intr         0x0800ba0f   Thumb Code     8  usb_core.o(.text)
    USB_OTG_HC_Init                          0x0800ba17   Thumb Code   568  usb_core.o(.text)
    USB_OTG_HC_StartXfer                     0x0800bc4f   Thumb Code   502  usb_core.o(.text)
    USB_OTG_HC_Halt                          0x0800be45   Thumb Code   130  usb_core.o(.text)
    USB_OTG_HC_DoPing                        0x0800bec7   Thumb Code    90  usb_core.o(.text)
    USB_OTG_StopHost                         0x0800bf21   Thumb Code    96  usb_core.o(.text)
    USB_OTG_InitDevSpeed                     0x0800bf81   Thumb Code    24  usb_core.o(.text)
    USB_OTG_EnableDevInt                     0x0800bf99   Thumb Code   154  usb_core.o(.text)
    USB_OTG_CoreInitDev                      0x0800c033   Thumb Code   522  usb_core.o(.text)
    USB_OTG_GetDeviceSpeed                   0x0800c23d   Thumb Code    52  usb_core.o(.text)
    USB_OTG_EP0Activate                      0x0800c271   Thumb Code   106  usb_core.o(.text)
    USB_OTG_EPActivate                       0x0800c2db   Thumb Code   152  usb_core.o(.text)
    USB_OTG_EPDeactivate                     0x0800c373   Thumb Code    94  usb_core.o(.text)
    USB_OTG_EPStartXfer                      0x0800c3d1   Thumb Code   502  usb_core.o(.text)
    USB_OTG_EP0StartXfer                     0x0800c5c7   Thumb Code   342  usb_core.o(.text)
    USB_OTG_EPSetStall                       0x0800c71d   Thumb Code   100  usb_core.o(.text)
    USB_OTG_EPClearStall                     0x0800c781   Thumb Code    80  usb_core.o(.text)
    USB_OTG_ReadDevAllOutEp_itr              0x0800c7d1   Thumb Code    16  usb_core.o(.text)
    USB_OTG_ReadDevOutEP_itr                 0x0800c7e1   Thumb Code    20  usb_core.o(.text)
    USB_OTG_ReadDevAllInEPItr                0x0800c7f5   Thumb Code    16  usb_core.o(.text)
    USB_OTG_EP0_OutStart                     0x0800c805   Thumb Code    98  usb_core.o(.text)
    USB_OTG_ActiveRemoteWakeup               0x0800c867   Thumb Code   106  usb_core.o(.text)
    USB_OTG_UngateClock                      0x0800c8d1   Thumb Code    54  usb_core.o(.text)
    USB_OTG_StopDevice                       0x0800c907   Thumb Code    82  usb_core.o(.text)
    USB_OTG_GetEPStatus                      0x0800c959   Thumb Code   106  usb_core.o(.text)
    USB_OTG_SetEPStatus                      0x0800c9c3   Thumb Code   282  usb_core.o(.text)
    HCD_Init                                 0x0800cadd   Thumb Code    96  usb_hcd.o(.text)
    HCD_GetCurrentSpeed                      0x0800cb3d   Thumb Code    20  usb_hcd.o(.text)
    HCD_ResetPort                            0x0800cb51   Thumb Code    14  usb_hcd.o(.text)
    HCD_IsDeviceConnected                    0x0800cb5f   Thumb Code     8  usb_hcd.o(.text)
    HCD_GetCurrentFrame                      0x0800cb67   Thumb Code    10  usb_hcd.o(.text)
    HCD_GetURB_State                         0x0800cb71   Thumb Code    10  usb_hcd.o(.text)
    HCD_GetXferCnt                           0x0800cb7b   Thumb Code    12  usb_hcd.o(.text)
    HCD_GetHCState                           0x0800cb87   Thumb Code    10  usb_hcd.o(.text)
    HCD_HC_Init                              0x0800cb91   Thumb Code    16  usb_hcd.o(.text)
    HCD_SubmitRequest                        0x0800cba1   Thumb Code    32  usb_hcd.o(.text)
    USBH_OTG_ISR_Handler                     0x0800d99b   Thumb Code   168  usb_hcd_int.o(.text)
    USBD_DeInit                              0x0800da49   Thumb Code     6  usbd_core.o(.text)
    USBD_Init                                0x0800da4f   Thumb Code    66  usbd_core.o(.text)
    USBD_SetCfg                              0x0800dce3   Thumb Code    30  usbd_core.o(.text)
    USBD_ClrCfg                              0x0800dd01   Thumb Code    22  usbd_core.o(.text)
    USBD_CtlSendData                         0x0800dd41   Thumb Code    46  usbd_ioreq.o(.text)
    USBD_CtlContinueSendData                 0x0800dd6f   Thumb Code    30  usbd_ioreq.o(.text)
    USBD_CtlPrepareRx                        0x0800dd8d   Thumb Code    46  usbd_ioreq.o(.text)
    USBD_CtlContinueRx                       0x0800ddbb   Thumb Code    30  usbd_ioreq.o(.text)
    USBD_CtlSendStatus                       0x0800ddd9   Thumb Code    36  usbd_ioreq.o(.text)
    USBD_CtlReceiveStatus                    0x0800ddfd   Thumb Code    36  usbd_ioreq.o(.text)
    USBD_GetRxCount                          0x0800de21   Thumb Code    20  usbd_ioreq.o(.text)
    USBD_CtlError                            0x0800de35   Thumb Code    30  usbd_req.o(.text)
    USBD_StdDevReq                           0x0800e21d   Thumb Code   114  usbd_req.o(.text)
    USBD_StdItfReq                           0x0800e28f   Thumb Code    76  usbd_req.o(.text)
    USBD_StdEPReq                            0x0800e2db   Thumb Code   360  usbd_req.o(.text)
    USBD_ParseSetupRequest                   0x0800e443   Thumb Code    72  usbd_req.o(.text)
    USBD_GetString                           0x0800e49f   Thumb Code    82  usbd_req.o(.text)
    DCD_Init                                 0x0800e825   Thumb Code   156  usb_dcd.o(.text)
    DCD_EP_Open                              0x0800e8c1   Thumb Code   104  usb_dcd.o(.text)
    DCD_EP_Close                             0x0800e929   Thumb Code    74  usb_dcd.o(.text)
    DCD_EP_PrepareRx                         0x0800e973   Thumb Code    82  usb_dcd.o(.text)
    DCD_EP_Tx                                0x0800e9c5   Thumb Code    78  usb_dcd.o(.text)
    DCD_EP_Stall                             0x0800ea13   Thumb Code    72  usb_dcd.o(.text)
    DCD_EP_ClrStall                          0x0800ea5b   Thumb Code    72  usb_dcd.o(.text)
    DCD_EP_Flush                             0x0800eaa3   Thumb Code    36  usb_dcd.o(.text)
    DCD_EP_SetAddress                        0x0800eac7   Thumb Code    28  usb_dcd.o(.text)
    DCD_DevConnect                           0x0800eae3   Thumb Code    32  usb_dcd.o(.text)
    DCD_DevDisconnect                        0x0800eb03   Thumb Code    34  usb_dcd.o(.text)
    DCD_GetEPStatus                          0x0800eb25   Thumb Code    64  usb_dcd.o(.text)
    DCD_SetEPStatus                          0x0800eb65   Thumb Code    62  usb_dcd.o(.text)
    USBD_OTG_ISR_Handler                     0x0800f22f   Thumb Code   224  usb_dcd_int.o(.text)
    __2sprintf                               0x0800f315   Thumb Code    34  noretval__2sprintf.o(.text)
    _printf_pre_padding                      0x0800f33d   Thumb Code    44  _printf_pad.o(.text)
    _printf_post_padding                     0x0800f369   Thumb Code    34  _printf_pad.o(.text)
    _printf_str                              0x0800f38b   Thumb Code    82  _printf_str.o(.text)
    _printf_int_hex                          0x0800f3dd   Thumb Code    84  _printf_hex_int.o(.text)
    _printf_longlong_hex                     0x0800f3dd   Thumb Code     0  _printf_hex_int.o(.text)
    __printf                                 0x0800f435   Thumb Code   308  __printf_flags_wp.o(.text)
    __0sscanf                                0x0800f56d   Thumb Code    52  __0sscanf.o(.text)
    _scanf_int                               0x0800f5a9   Thumb Code   332  _scanf_int.o(.text)
    strcat                                   0x0800f6f5   Thumb Code    24  strcat.o(.text)
    __aeabi_memcpy                           0x0800f70d   Thumb Code     0  rt_memcpy_v6.o(.text)
    __rt_memcpy                              0x0800f70d   Thumb Code   138  rt_memcpy_v6.o(.text)
    _memcpy_lastbytes                        0x0800f773   Thumb Code     0  rt_memcpy_v6.o(.text)
    __aeabi_memcpy4                          0x0800f797   Thumb Code     0  rt_memcpy_w.o(.text)
    __aeabi_memcpy8                          0x0800f797   Thumb Code     0  rt_memcpy_w.o(.text)
    __rt_memcpy_w                            0x0800f797   Thumb Code   100  rt_memcpy_w.o(.text)
    _memcpy_lastbytes_aligned                0x0800f7df   Thumb Code     0  rt_memcpy_w.o(.text)
    __aeabi_memclr                           0x0800f7fb   Thumb Code     0  rt_memclr.o(.text)
    __rt_memclr                              0x0800f7fb   Thumb Code    68  rt_memclr.o(.text)
    _memset                                  0x0800f7ff   Thumb Code     0  rt_memclr.o(.text)
    __aeabi_memclr4                          0x0800f83f   Thumb Code     0  rt_memclr_w.o(.text)
    __aeabi_memclr8                          0x0800f83f   Thumb Code     0  rt_memclr_w.o(.text)
    __rt_memclr_w                            0x0800f83f   Thumb Code    78  rt_memclr_w.o(.text)
    _memset_w                                0x0800f843   Thumb Code     0  rt_memclr_w.o(.text)
    __use_two_region_memory                  0x0800f88d   Thumb Code     2  heapauxi.o(.text)
    __rt_heap_escrow$2region                 0x0800f88f   Thumb Code     2  heapauxi.o(.text)
    __rt_heap_expand$2region                 0x0800f891   Thumb Code     2  heapauxi.o(.text)
    __read_errno                             0x0800f893   Thumb Code    10  _rserrno.o(.text)
    __set_errno                              0x0800f89d   Thumb Code    12  _rserrno.o(.text)
    _printf_int_common                       0x0800f8a9   Thumb Code   178  _printf_intcommon.o(.text)
    _printf_char_common                      0x0800f967   Thumb Code    32  _printf_char_common.o(.text)
    _sputc                                   0x0800f98d   Thumb Code    10  _sputc.o(.text)
    _printf_cs_common                        0x0800f997   Thumb Code    20  _printf_char.o(.text)
    _printf_char                             0x0800f9ab   Thumb Code    16  _printf_char.o(.text)
    _printf_string                           0x0800f9bb   Thumb Code     8  _printf_char.o(.text)
    _chval                                   0x0800f9c3   Thumb Code    28  _chval.o(.text)
    __vfscanf_char                           0x0800f9ed   Thumb Code    24  scanf_char.o(.text)
    _sgetc                                   0x0800fa0d   Thumb Code    30  _sgetc.o(.text)
    _sbackspace                              0x0800fa2b   Thumb Code    34  _sgetc.o(.text)
    __aeabi_errno_addr                       0x0800fa4d   Thumb Code     8  rt_errno_addr_intlibspace.o(.text)
    __errno$intlibspace                      0x0800fa4d   Thumb Code     0  rt_errno_addr_intlibspace.o(.text)
    __rt_errno_addr$intlibspace              0x0800fa4d   Thumb Code     0  rt_errno_addr_intlibspace.o(.text)
    isspace                                  0x0800fa55   Thumb Code    18  isspace.o(.text)
    __vfscanf                                0x0800fa69   Thumb Code   878  _scanf.o(.text)
    __user_libspace                          0x0800fddd   Thumb Code     8  libspace.o(.text)
    __user_perproc_libspace                  0x0800fddd   Thumb Code     0  libspace.o(.text)
    __user_perthread_libspace                0x0800fddd   Thumb Code     0  libspace.o(.text)
    __user_setup_stackheap                   0x0800fde5   Thumb Code    74  sys_stackheap_outer.o(.text)
    __rt_ctype_table                         0x0800fe31   Thumb Code    16  rt_ctype_table.o(.text)
    exit                                     0x0800fe41   Thumb Code    18  exit.o(.text)
    __rt_locale                              0x0800fe55   Thumb Code     8  rt_locale_intlibspace.o(.text)
    strcmp                                   0x0800fe5d   Thumb Code   128  strcmpv7m.o(.text)
    _sys_exit                                0x0800fedd   Thumb Code     8  sys_exit.o(.text)
    __I$use$semihosting                      0x0800fee9   Thumb Code     0  use_no_semi.o(.text)
    __use_no_semihosting_swi                 0x0800fee9   Thumb Code     2  use_no_semi.o(.text)
    __ARM_fpclassify                         0x0800feeb   Thumb Code    48  fpclassify.o(i.__ARM_fpclassify)
    __semihosting_library_function           0x0800feeb   Thumb Code     0  indicate_semi.o(.text)
    __hardfp_atan                            0x0800ff21   Thumb Code   622  atan.o(i.__hardfp_atan)
    __hardfp_atan2                           0x080101f9   Thumb Code   432  atan2.o(i.__hardfp_atan2)
    __hardfp_ceil                            0x080103e9   Thumb Code   252  ceil.o(i.__hardfp_ceil)
    __hardfp_cos                             0x08010501   Thumb Code   180  cos.o(i.__hardfp_cos)
    __hardfp_sin                             0x080105c9   Thumb Code   180  sin.o(i.__hardfp_sin)
    __ieee754_rem_pio2                       0x08010691   Thumb Code   938  rred.o(i.__ieee754_rem_pio2)
    __kernel_cos                             0x08010ac9   Thumb Code   322  cos_i.o(i.__kernel_cos)
    __kernel_poly                            0x08010c39   Thumb Code   248  poly.o(i.__kernel_poly)
    __kernel_sin                             0x08010d31   Thumb Code   280  sin_i.o(i.__kernel_sin)
    __mathlib_dbl_infnan                     0x08010e61   Thumb Code    20  dunder.o(i.__mathlib_dbl_infnan)
    __mathlib_dbl_infnan2                    0x08010e75   Thumb Code    20  dunder.o(i.__mathlib_dbl_infnan2)
    __mathlib_dbl_invalid                    0x08010e89   Thumb Code    24  dunder.o(i.__mathlib_dbl_invalid)
    __mathlib_dbl_underflow                  0x08010ea9   Thumb Code    24  dunder.o(i.__mathlib_dbl_underflow)
    _is_digit                                0x08010ec9   Thumb Code    14  __printf_wp.o(i._is_digit)
    atan                                     0x08010ed7   Thumb Code    16  atan.o(i.atan)
    fabs                                     0x08010ee7   Thumb Code    24  fabs.o(i.fabs)
    _get_lc_ctype                            0x08010f01   Thumb Code    44  lc_ctype_c.o(locale$$code)
    __aeabi_dneg                             0x08010f2d   Thumb Code     0  basic.o(x$fpl$basic)
    _dneg                                    0x08010f2d   Thumb Code     6  basic.o(x$fpl$basic)
    __aeabi_fneg                             0x08010f33   Thumb Code     0  basic.o(x$fpl$basic)
    _fneg                                    0x08010f33   Thumb Code     6  basic.o(x$fpl$basic)
    _dabs                                    0x08010f39   Thumb Code     6  basic.o(x$fpl$basic)
    _fabs                                    0x08010f3f   Thumb Code     6  basic.o(x$fpl$basic)
    __aeabi_d2f                              0x08010f45   Thumb Code     0  d2f.o(x$fpl$d2f)
    _d2f                                     0x08010f45   Thumb Code    98  d2f.o(x$fpl$d2f)
    __aeabi_dadd                             0x08010fa9   Thumb Code     0  daddsub_clz.o(x$fpl$dadd)
    _dadd                                    0x08010fa9   Thumb Code   332  daddsub_clz.o(x$fpl$dadd)
    __fpl_dcmp_Inf                           0x080110f9   Thumb Code    24  dcmpi.o(x$fpl$dcmpinf)
    __aeabi_ddiv                             0x08011111   Thumb Code     0  ddiv.o(x$fpl$ddiv)
    _ddiv                                    0x08011111   Thumb Code   552  ddiv.o(x$fpl$ddiv)
    __aeabi_d2iz                             0x080113c1   Thumb Code     0  dfix.o(x$fpl$dfix)
    _dfix                                    0x080113c1   Thumb Code    94  dfix.o(x$fpl$dfix)
    __aeabi_d2uiz                            0x08011421   Thumb Code     0  dfixu.o(x$fpl$dfixu)
    _dfixu                                   0x08011421   Thumb Code    90  dfixu.o(x$fpl$dfixu)
    __aeabi_i2d                              0x0801147b   Thumb Code     0  dflt_clz.o(x$fpl$dflt)
    _dflt                                    0x0801147b   Thumb Code    46  dflt_clz.o(x$fpl$dflt)
    __aeabi_ui2d                             0x080114a9   Thumb Code     0  dflt_clz.o(x$fpl$dfltu)
    _dfltu                                   0x080114a9   Thumb Code    38  dflt_clz.o(x$fpl$dfltu)
    __aeabi_cdcmple                          0x080114d1   Thumb Code     0  dleqf.o(x$fpl$dleqf)
    _dcmple                                  0x080114d1   Thumb Code   120  dleqf.o(x$fpl$dleqf)
    __fpl_dcmple_InfNaN                      0x08011533   Thumb Code     0  dleqf.o(x$fpl$dleqf)
    __aeabi_dmul                             0x08011549   Thumb Code     0  dmul.o(x$fpl$dmul)
    _dmul                                    0x08011549   Thumb Code   332  dmul.o(x$fpl$dmul)
    __fpl_dnaninf                            0x0801169d   Thumb Code   156  dnaninf.o(x$fpl$dnaninf)
    __fpl_dretinf                            0x08011739   Thumb Code    12  dretinf.o(x$fpl$dretinf)
    __aeabi_cdrcmple                         0x08011745   Thumb Code     0  drleqf.o(x$fpl$drleqf)
    _drcmple                                 0x08011745   Thumb Code   108  drleqf.o(x$fpl$drleqf)
    __aeabi_drsub                            0x080117b1   Thumb Code     0  daddsub_clz.o(x$fpl$drsb)
    _drsb                                    0x080117b1   Thumb Code    22  daddsub_clz.o(x$fpl$drsb)
    __aeabi_dsub                             0x080117c9   Thumb Code     0  daddsub_clz.o(x$fpl$dsub)
    _dsub                                    0x080117c9   Thumb Code   464  daddsub_clz.o(x$fpl$dsub)
    __aeabi_f2d                              0x0801199d   Thumb Code     0  f2d.o(x$fpl$f2d)
    _f2d                                     0x0801199d   Thumb Code    86  f2d.o(x$fpl$f2d)
    __fpl_fnaninf                            0x080119f3   Thumb Code   140  fnaninf.o(x$fpl$fnaninf)
    _fp_init                                 0x08011a7f   Thumb Code    10  fpinit.o(x$fpl$fpinit)
    __fplib_config_fpu_vfp                   0x08011a87   Thumb Code     0  fpinit.o(x$fpl$fpinit)
    __fplib_config_pureend_doubles           0x08011a87   Thumb Code     0  fpinit.o(x$fpl$fpinit)
    __fpl_fretinf                            0x08011a89   Thumb Code    10  fretinf.o(x$fpl$fretinf)
    __I$use$fp                               0x08011a92   Number         0  usenofp.o(x$fpl$usenofp)
    __mathlib_zero                           0x080120e0   Data           8  qnan.o(.constdata)
    Region$$Table$$Base                      0x080121d8   Number         0  anon$$obj.o(Region$$Table)
    Region$$Table$$Limit                     0x080121f8   Number         0  anon$$obj.o(Region$$Table)
    __ctype                                  0x08012205   Data           0  lc_ctype_c.o(locale$$data)
    receive_flag                             0x10000000   Data           4  nrf24l01.o(.data)
    packet_flag                              0x10000004   Data           1  packet.o(.data)
    identify_buf_ptr                         0x10000008   Data           4  packet.o(.data)
    identify_success                         0x1000000c   Data           1  packet.o(.data)
    wheel_reduction_ratio_x_set              0x10000058   Data           4  robot.o(.data)
    wheel_reduction_ratio_yz_set             0x1000005c   Data           4  robot.o(.data)
    max_shot_strength_set                    0x10000060   Data           4  robot.o(.data)
    startpoint                               0x10000064   Data           1  robot.o(.data)
    steplength                               0x10000065   Data           1  robot.o(.data)
    g_do_set_receive_mode_flag               0x10000066   Data           1  robot.o(.data)
    g_set_receive_mode_flag                  0x10000067   Data           1  robot.o(.data)
    forcestopcounter                         0x10000068   Data           4  robot.o(.data)
    last_beep                                0x1000006c   Data           1  robot.o(.data)
    is_low_power_cnt                         0x1000006d   Data           1  robot.o(.data)
    g_pid_timer_cnt                          0x1000006e   Data           1  robot.o(.data)
    power_mon_timer                          0x10000070   Data           8  robot.o(.data)
    heart_led_timer                          0x10000078   Data           8  robot.o(.data)
    rf_comm_tim                              0x10000080   Data           8  robot.o(.data)
    identify_cpuid_tim                       0x10000088   Data           8  robot.o(.data)
    gyro_mon_timer                           0x10000090   Data           8  robot.o(.data)
    shoot_interval_timer                     0x10000098   Data           8  robot.o(.data)
    SystemCoreClock                          0x100000b0   Data           4  system_stm32f4xx.o(.data)
    AHBPrescTable                            0x100000b4   Data          16  system_stm32f4xx.o(.data)
    sys_tick                                 0x100000c8   Data           8  timer.o(.data)
    uart_rx_buf_cnt                          0x100000d0   Data           1  usart_ble.o(.data)
    uart_tx_buf_cnt                          0x100000d1   Data           1  usart_ble.o(.data)
    uart_rx_buf_ptr                          0x100000d2   Data           1  usart_ble.o(.data)
    ble_ack_ok                               0x100000d3   Data           1  usart_ble.o(.data)
    g_is_uart_get_a_packet                   0x100000d4   Data           1  usart_ble.o(.data)
    g_is_uart_sent_a_packet                  0x100000d5   Data           1  usart_ble.o(.data)
    g_is_uart_get_packet_num                 0x100000d6   Data           1  usart_ble.o(.data)
    g_is_uart_sent_packet_num                0x100000d7   Data           1  usart_ble.o(.data)
    shooter                                  0x100000d8   Data           1  action.o(.data)
    g_is_shoot_set                           0x100000d9   Data           1  action.o(.data)
    is_action_shoot                          0x100000da   Data           1  action.o(.data)
    shoot_power_curve_a                      0x100000dc   Data           4  action.o(.data)
    shoot_power_curve_b                      0x100000e0   Data           4  action.o(.data)
    dribbler_power_amp                       0x100000e4   Data           4  action.o(.data)
    type                                     0x100000f8   Data           1  comm.o(.data)
    packet_cnt                               0x100000f9   Data           1  comm.o(.data)
    gyro_control_flag                        0x100000fa   Data           1  comm.o(.data)
    error_flag                               0x10000120   Data           1  error_event.o(.data)
    BAUDRATE_ENUM                            0x10000121   Data           1  hm_bluetooth.o(.data)
    CONNECT_MODE_EUNM                        0x10000122   Data           1  hm_bluetooth.o(.data)
    DATA_TRANSER_SPEED_ENUM                  0x10000123   Data           1  hm_bluetooth.o(.data)
    EDR_WORK_MODE_ENUM                       0x10000124   Data           1  hm_bluetooth.o(.data)
    CONNECT_NOTIFY_ENUM                      0x10000125   Data           1  hm_bluetooth.o(.data)
    PIO1_LED_STATUS_ENUM                     0x10000126   Data           1  hm_bluetooth.o(.data)
    Hm_bluetooth_connect_flag                0x10000127   Data           1  hm_bluetooth.o(.data)
    bluetooth_code                           0x10000128   Data           6  hm_bluetooth.o(.data)
    encrpty_cpuid                            0x1000012e   Data           8  init.o(.data)
    usb_host_device_mode                     0x10000136   Data           1  init.o(.data)
    eeprom_blue_init_flag                    0x10000137   Data           1  init.o(.data)
    encoder_tab                              0x10000148   Data          16  motor.o(.data)
    is_motor_run                             0x10000158   Data           1  motor.o(.data)
    z_factory                                0x1000015c   Data           8  mpu6050_driver.o(.data)
    angel_z                                  0x10000164   Data           4  mpu6050_driver.o(.data)
    angel_x                                  0x10000168   Data           4  mpu6050_driver.o(.data)
    angel_y                                  0x1000016c   Data           4  mpu6050_driver.o(.data)
    adc_offset_gyro_z                        0x10000170   Data           4  mpu6050_driver.o(.data)
    HSEStartUpStatus                         0x10000178   Data           1  usb_bsp.o(.data)
    BSP_delay                                0x1000017c   Data           4  usb_bsp.o(.data)
    linecoding                               0x10000180   Data           8  usbd_cdc_vcp.o(.data)
    USB_Receive_ok                           0x10000188   Data           1  usbd_cdc_vcp.o(.data)
    usb_receive_ptr                          0x1000018a   Data           2  usbd_cdc_vcp.o(.data)
    usb_receive_cnt                          0x1000018c   Data           2  usbd_cdc_vcp.o(.data)
    VCP_fops                                 0x10000190   Data          20  usbd_cdc_vcp.o(.data)
    USR_desc                                 0x100001a4   Data          28  usbd_desc.o(.data)
    USBD_DeviceDesc                          0x100001c0   Data          18  usbd_desc.o(.data)
    USBD_DeviceQualifierDesc                 0x100001d2   Data          10  usbd_desc.o(.data)
    USBD_LangIDDesc                          0x100001dc   Data           4  usbd_desc.o(.data)
    USR_cb                                   0x100001e0   Data          28  usbd_usr.o(.data)
    KeybrdCharXpos                           0x100001fc   Data           1  usbh_usr.o(.data)
    KeybrdCharYpos                           0x100001fe   Data           2  usbh_usr.o(.data)
    x_loc                                    0x10000200   Data           2  usbh_usr.o(.data)
    y_loc                                    0x10000202   Data           2  usbh_usr.o(.data)
    prev_x                                   0x10000204   Data           2  usbh_usr.o(.data)
    prev_y                                   0x10000206   Data           2  usbh_usr.o(.data)
    USR_Callbacks                            0x10000208   Data          72  usbh_usr.o(.data)
    USBH_HCD_INT_cb                          0x10000264   Data          12  usbh_core.o(.data)
    USBH_HCD_INT_fops                        0x10000270   Data           4  usbh_core.o(.data)
    HID_Setup                                0x1000027c   Data           8  usbh_hid_core.o(.data)
    start_toggle                             0x10000284   Data           1  usbh_hid_core.o(.data)
    HID_callb                                0x10000288   Data          16  usbh_hid_core.o(.data)
    HID_JOYSTICK_cb                          0x10000298   Data           8  usbh_hid_joystick.o(.data)
    HID_KEYBRD_cb                            0x100002a0   Data           8  usbh_hid_keybd.o(.data)
    HID_MOUSE_Data                           0x100002c0   Data           4  usbh_hid_mouse.o(.data)
    HID_MOUSE_cb                             0x100002c4   Data           8  usbh_hid_mouse.o(.data)
    SET_TEST_MODE                            0x100002cc   Data           4  usbd_core.o(.data)
    USBD_DCD_INT_cb                          0x100002d0   Data          44  usbd_core.o(.data)
    USBD_DCD_INT_fops                        0x100002fc   Data           4  usbd_core.o(.data)
    USBD_ep_status                           0x10000300   Data           4  usbd_req.o(.data)
    USBD_default_cfg                         0x10000304   Data           4  usbd_req.o(.data)
    USBD_cfg_status                          0x10000308   Data           4  usbd_req.o(.data)
    CmdBuff                                  0x10000314   Data           8  usbd_cdc_core.o(.data)
    APP_Rx_ptr_in                            0x1000031c   Data           4  usbd_cdc_core.o(.data)
    APP_Rx_ptr_out                           0x10000320   Data           4  usbd_cdc_core.o(.data)
    APP_Rx_length                            0x10000324   Data           4  usbd_cdc_core.o(.data)
    USB_Tx_State                             0x10000328   Data           1  usbd_cdc_core.o(.data)
    USBD_CDC_cb                              0x10000334   Data          44  usbd_cdc_core.o(.data)
    usbd_cdc_CfgDesc                         0x10000360   Data          67  usbd_cdc_core.o(.data)
    nRF24L01_dev                             0x100003a8   Data         280  nrf24l01.o(.bss)
    gyro_pid                                 0x100004c0   Data          52  pid.o(.bss)
    g_robot                                  0x100004f8   Data        8352  robot.o(.bss)
    uart_rx_buf                              0x10002598   Data         256  usart_ble.o(.bss)
    uart_tx_buf                              0x10002698   Data         256  usart_ble.o(.bss)
    buf_packet_ok                            0x10002798   Data          25  usart_ble.o(.bss)
    g_shooter                                0x100027b4   Data          16  action.o(.bss)
    g_rf_comm                                0x100027c4   Data          32  comm.o(.bss)
    joystick_packet                          0x100027e4   Data          28  comm.o(.bss)
    identify_data                            0x10002800   Data         260  comm.o(.bss)
    bluetooth_name                           0x10002904   Data          10  hm_bluetooth.o(.bss)
    cpuID                                    0x10002910   Data          12  init.o(.bss)
    cpuid_data                               0x1000291c   Data          12  init.o(.bss)
    acc_gyro_adc                             0x1000293c   Data          12  mpu6050_driver.o(.bss)
    acc_gyro_actul                           0x10002948   Data          24  mpu6050_driver.o(.bss)
    acc_agro_angel                           0x10002960   Data          24  mpu6050_driver.o(.bss)
    adc_offset_buf                           0x10002978   Data          20  mpu6050_driver.o(.bss)
    USART_InitStructure                      0x1000298c   Data          16  usbd_cdc_vcp.o(.bss)
    USB_Receive_Buffer                       0x1000299c   Data          64  usbd_cdc_vcp.o(.bss)
    USB_Tx_Buffer                            0x100029dc   Data          64  usbd_cdc_vcp.o(.bss)
    USB_OTG_Core_dev                         0x10002a1c   Data        2704  usbh_core.o(.bss)
    USB_Host                                 0x100034ac   Data         132  usbh_core.o(.bss)
    USBH_CfgDesc                             0x10003530   Data         512  usbh_stdreq.o(.bss)
    HID_Machine                              0x10003730   Data          84  usbh_hid_core.o(.bss)
    HID_Report                               0x10003784   Data          72  usbh_hid_core.o(.bss)
    HID_Desc                                 0x100037cc   Data          10  usbh_hid_core.o(.bss)
    HID_JOYSTICK_Data                        0x100037d6   Data          20  usbh_hid_joystick.o(.bss)
    USB_OTG_dev                              0x100037ec   Data        2704  usbd_core.o(.bss)
    USBD_StrDesc                             0x1000427c   Data         255  usbd_req.o(.bss)
    usbd_cdc_OtherCfgDesc                    0x1000437b   Data          67  usbd_cdc_core.o(.bss)
    USB_Rx_Buffer                            0x100043be   Data          64  usbd_cdc_core.o(.bss)
    APP_Rx_Buffer                            0x100043fe   Data        2048  usbd_cdc_core.o(.bss)
    __libspace_start                         0x10004c00   Data          96  libspace.o(.bss)
    __temporary_stack_top$libspace           0x10004c60   Data           0  libspace.o(.bss)



==============================================================================

Memory Map of the image

  Image Entry point : 0x08000189

  Load Region LR_IROM1 (Base: 0x08000000, Size: 0x000126b0, Max: 0x00080000, ABSOLUTE, COMPRESSED[0x0001249c])

    Execution Region ER_IROM1 (Base: 0x08000000, Size: 0x00012308, Max: 0x00080000, ABSOLUTE)

    Base Addr    Size         Type   Attr      Idx    E Section Name        Object

    0x08000000   0x00000188   Data   RO          790    RESET               startup_stm32f4xx.o
    0x08000188   0x00000008   Code   RO         1876  * !!!main             c_w.l(__main.o)
    0x08000190   0x00000034   Code   RO         2217    !!!scatter          c_w.l(__scatter.o)
    0x080001c4   0x0000005a   Code   RO         2215    !!dczerorl2         c_w.l(__dczerorl2.o)
    0x0800021e   0x00000002   PAD
    0x08000220   0x0000001c   Code   RO         2219    !!handler_zi        c_w.l(__scatter_zi.o)
    0x0800023c   0x00000000   Code   RO         1859    .ARM.Collect$$_printf_percent$$00000000  c_w.l(_printf_percent.o)
    0x0800023c   0x00000006   Code   RO         1858    .ARM.Collect$$_printf_percent$$0000000C  c_w.l(_printf_x.o)
    0x08000242   0x00000006   Code   RO         1857    .ARM.Collect$$_printf_percent$$00000014  c_w.l(_printf_s.o)
    0x08000248   0x00000004   Code   RO         1965    .ARM.Collect$$_printf_percent$$00000017  c_w.l(_printf_percent_end.o)
    0x0800024c   0x00000002   Code   RO         2078    .ARM.Collect$$libinit$$00000000  c_w.l(libinit.o)
    0x0800024e   0x00000004   Code   RO         2089    .ARM.Collect$$libinit$$00000001  c_w.l(libinit2.o)
    0x08000252   0x00000000   Code   RO         2092    .ARM.Collect$$libinit$$00000004  c_w.l(libinit2.o)
    0x08000252   0x00000000   Code   RO         2095    .ARM.Collect$$libinit$$0000000A  c_w.l(libinit2.o)
    0x08000252   0x00000000   Code   RO         2097    .ARM.Collect$$libinit$$0000000C  c_w.l(libinit2.o)
    0x08000252   0x00000000   Code   RO         2099    .ARM.Collect$$libinit$$0000000E  c_w.l(libinit2.o)
    0x08000252   0x00000006   Code   RO         2100    .ARM.Collect$$libinit$$0000000F  c_w.l(libinit2.o)
    0x08000258   0x00000000   Code   RO         2102    .ARM.Collect$$libinit$$00000011  c_w.l(libinit2.o)
    0x08000258   0x0000000c   Code   RO         2103    .ARM.Collect$$libinit$$00000012  c_w.l(libinit2.o)
    0x08000264   0x00000000   Code   RO         2104    .ARM.Collect$$libinit$$00000013  c_w.l(libinit2.o)
    0x08000264   0x00000000   Code   RO         2106    .ARM.Collect$$libinit$$00000015  c_w.l(libinit2.o)
    0x08000264   0x00000000   Code   RO         2108    .ARM.Collect$$libinit$$00000017  c_w.l(libinit2.o)
    0x08000264   0x00000000   Code   RO         2110    .ARM.Collect$$libinit$$00000019  c_w.l(libinit2.o)
    0x08000264   0x00000000   Code   RO         2112    .ARM.Collect$$libinit$$0000001B  c_w.l(libinit2.o)
    0x08000264   0x00000000   Code   RO         2114    .ARM.Collect$$libinit$$0000001D  c_w.l(libinit2.o)
    0x08000264   0x00000000   Code   RO         2116    .ARM.Collect$$libinit$$0000001F  c_w.l(libinit2.o)
    0x08000264   0x00000000   Code   RO         2118    .ARM.Collect$$libinit$$00000021  c_w.l(libinit2.o)
    0x08000264   0x00000000   Code   RO         2120    .ARM.Collect$$libinit$$00000023  c_w.l(libinit2.o)
    0x08000264   0x00000000   Code   RO         2122    .ARM.Collect$$libinit$$00000025  c_w.l(libinit2.o)
    0x08000264   0x00000000   Code   RO         2126    .ARM.Collect$$libinit$$0000002C  c_w.l(libinit2.o)
    0x08000264   0x00000000   Code   RO         2128    .ARM.Collect$$libinit$$0000002E  c_w.l(libinit2.o)
    0x08000264   0x00000000   Code   RO         2130    .ARM.Collect$$libinit$$00000030  c_w.l(libinit2.o)
    0x08000264   0x00000000   Code   RO         2132    .ARM.Collect$$libinit$$00000032  c_w.l(libinit2.o)
    0x08000264   0x00000002   Code   RO         2133    .ARM.Collect$$libinit$$00000033  c_w.l(libinit2.o)
    0x08000266   0x00000002   Code   RO         2155    .ARM.Collect$$libshutdown$$00000000  c_w.l(libshutdown.o)
    0x08000268   0x00000000   Code   RO         2168    .ARM.Collect$$libshutdown$$00000002  c_w.l(libshutdown2.o)
    0x08000268   0x00000000   Code   RO         2170    .ARM.Collect$$libshutdown$$00000004  c_w.l(libshutdown2.o)
    0x08000268   0x00000000   Code   RO         2173    .ARM.Collect$$libshutdown$$00000007  c_w.l(libshutdown2.o)
    0x08000268   0x00000000   Code   RO         2176    .ARM.Collect$$libshutdown$$0000000A  c_w.l(libshutdown2.o)
    0x08000268   0x00000000   Code   RO         2178    .ARM.Collect$$libshutdown$$0000000C  c_w.l(libshutdown2.o)
    0x08000268   0x00000000   Code   RO         2181    .ARM.Collect$$libshutdown$$0000000F  c_w.l(libshutdown2.o)
    0x08000268   0x00000002   Code   RO         2182    .ARM.Collect$$libshutdown$$00000010  c_w.l(libshutdown2.o)
    0x0800026a   0x00000000   Code   RO         1954    .ARM.Collect$$rtentry$$00000000  c_w.l(__rtentry.o)
    0x0800026a   0x00000000   Code   RO         2035    .ARM.Collect$$rtentry$$00000002  c_w.l(__rtentry2.o)
    0x0800026a   0x00000006   Code   RO         2047    .ARM.Collect$$rtentry$$00000004  c_w.l(__rtentry4.o)
    0x08000270   0x00000000   Code   RO         2037    .ARM.Collect$$rtentry$$00000009  c_w.l(__rtentry2.o)
    0x08000270   0x00000004   Code   RO         2038    .ARM.Collect$$rtentry$$0000000A  c_w.l(__rtentry2.o)
    0x08000274   0x00000000   Code   RO         2040    .ARM.Collect$$rtentry$$0000000C  c_w.l(__rtentry2.o)
    0x08000274   0x00000008   Code   RO         2041    .ARM.Collect$$rtentry$$0000000D  c_w.l(__rtentry2.o)
    0x0800027c   0x00000002   Code   RO         2079    .ARM.Collect$$rtexit$$00000000  c_w.l(rtexit.o)
    0x0800027e   0x00000000   Code   RO         2135    .ARM.Collect$$rtexit$$00000002  c_w.l(rtexit2.o)
    0x0800027e   0x00000004   Code   RO         2136    .ARM.Collect$$rtexit$$00000003  c_w.l(rtexit2.o)
    0x08000282   0x00000006   Code   RO         2137    .ARM.Collect$$rtexit$$00000004  c_w.l(rtexit2.o)
    0x08000288   0x00000170   Code   RO            2    .text               nrf24l01.o
    0x080003f8   0x00000398   Code   RO          162    .text               nrf24l01_drv.o
    0x08000790   0x000009a4   Code   RO          182    .text               packet.o
    0x08001134   0x00000116   Code   RO          214    .text               param.o
    0x0800124a   0x00000002   PAD
    0x0800124c   0x000002f4   Code   RO          233    .text               pid.o
    0x08001540   0x00000b34   Code   RO          255    .text               robot.o
    0x08002074   0x0000003c   Code   RO          394    .text               stm32f4xx_it.o
    0x080020b0   0x00000210   Code   RO          422    .text               system_stm32f4xx.o
    0x080022c0   0x00000104   Code   RO          444    .text               timer.o
    0x080023c4   0x00000278   Code   RO          469    .text               usart_ble.o
    0x0800263c   0x00000674   Code   RO          495    .text               action.o
    0x08002cb0   0x00000708   Code   RO          523    .text               comm.o
    0x080033b8   0x000005f4   Code   RO          547    .text               cpuid_des.o
    0x080039ac   0x0000008c   Code   RO          607    .text               gpio.o
    0x08003a38   0x00000b50   Code   RO          623    .text               hm_bluetooth.o
    0x08004588   0x0000075c   Code   RO          651    .text               i2c.o
    0x08004ce4   0x000006c8   Code   RO          667    .text               init.o
    0x080053ac   0x0000000e   Code   RO          705    .text               main.o
    0x080053ba   0x00000002   PAD
    0x080053bc   0x0000080c   Code   RO          721    .text               misc.o
    0x08005bc8   0x00000574   Code   RO          744    .text               motor.o
    0x0800613c   0x000005b4   Code   RO          763    .text               mpu6050_driver.o
    0x080066f0   0x00000040   Code   RO          791    .text               startup_stm32f4xx.o
    0x08006730   0x00000238   Code   RO          796    .text               usb_bsp.o
    0x08006968   0x0000022c   Code   RO          815    .text               usbd_cdc_vcp.o
    0x08006b94   0x00000154   Code   RO          847    .text               usbd_desc.o
    0x08006ce8   0x0000001e   Code   RO          873    .text               usbd_usr.o
    0x08006d06   0x00000002   PAD
    0x08006d08   0x000002f0   Code   RO          896    .text               usbh_usr.o
    0x08006ff8   0x00000464   Code   RO          930    .text               stm32f4xx_adc.o
    0x0800745c   0x0000011c   Code   RO         1106    .text               stm32f4xx_exti.o
    0x08007578   0x000004bc   Code   RO         1122    .text               stm32f4xx_flash.o
    0x08007a34   0x0000025c   Code   RO         1154    .text               stm32f4xx_gpio.o
    0x08007c90   0x00000428   Code   RO         1218    .text               stm32f4xx_i2c.o
    0x080080b8   0x00000040   Code   RO         1234    .text               stm32f4xx_iwdg.o
    0x080080f8   0x000000e0   Code   RO         1250    .text               stm32f4xx_misc.o
    0x080081d8   0x00000588   Code   RO         1282    .text               stm32f4xx_rcc.o
    0x08008760   0x000003f8   Code   RO         1348    .text               stm32f4xx_spi.o
    0x08008b58   0x0000008c   Code   RO         1364    .text               stm32f4xx_syscfg.o
    0x08008be4   0x00000ca2   Code   RO         1380    .text               stm32f4xx_tim.o
    0x08009886   0x00000002   PAD
    0x08009888   0x0000041a   Code   RO         1396    .text               stm32f4xx_usart.o
    0x08009ca2   0x00000002   PAD
    0x08009ca4   0x00000674   Code   RO         1428    .text               usbh_core.o
    0x0800a318   0x00000186   Code   RO         1454    .text               usbh_hcs.o
    0x0800a49e   0x000003a8   Code   RO         1470    .text               usbh_ioreq.o
    0x0800a846   0x00000002   PAD
    0x0800a848   0x000003d8   Code   RO         1486    .text               usbh_stdreq.o
    0x0800ac20   0x00000588   Code   RO         1509    .text               usbh_hid_core.o
    0x0800b1a8   0x00000028   Code   RO         1544    .text               usbh_hid_joystick.o
    0x0800b1d0   0x0000015c   Code   RO         1566    .text               usbh_hid_keybd.o
    0x0800b32c   0x00000028   Code   RO         1588    .text               usbh_hid_mouse.o
    0x0800b354   0x00001788   Code   RO         1609    .text               usb_core.o
    0x0800cadc   0x000000e4   Code   RO         1625    .text               usb_hcd.o
    0x0800cbc0   0x00000e88   Code   RO         1641    .text               usb_hcd_int.o
    0x0800da48   0x000002f8   Code   RO         1657    .text               usbd_core.o
    0x0800dd40   0x000000f4   Code   RO         1683    .text               usbd_ioreq.o
    0x0800de34   0x000006c0   Code   RO         1699    .text               usbd_req.o
    0x0800e4f4   0x00000330   Code   RO         1724    .text               usbd_cdc_core.o
    0x0800e824   0x0000037e   Code   RO         1773    .text               usb_dcd.o
    0x0800eba2   0x00000002   PAD
    0x0800eba4   0x00000770   Code   RO         1789    .text               usb_dcd_int.o
    0x0800f314   0x00000028   Code   RO         1808    .text               c_w.l(noretval__2sprintf.o)
    0x0800f33c   0x0000004e   Code   RO         1812    .text               c_w.l(_printf_pad.o)
    0x0800f38a   0x00000052   Code   RO         1814    .text               c_w.l(_printf_str.o)
    0x0800f3dc   0x00000058   Code   RO         1819    .text               c_w.l(_printf_hex_int.o)
    0x0800f434   0x00000138   Code   RO         1849    .text               c_w.l(__printf_flags_wp.o)
    0x0800f56c   0x0000003c   Code   RO         1860    .text               c_w.l(__0sscanf.o)
    0x0800f5a8   0x0000014c   Code   RO         1862    .text               c_w.l(_scanf_int.o)
    0x0800f6f4   0x00000018   Code   RO         1864    .text               c_w.l(strcat.o)
    0x0800f70c   0x0000008a   Code   RO         1866    .text               c_w.l(rt_memcpy_v6.o)
    0x0800f796   0x00000064   Code   RO         1868    .text               c_w.l(rt_memcpy_w.o)
    0x0800f7fa   0x00000044   Code   RO         1870    .text               c_w.l(rt_memclr.o)
    0x0800f83e   0x0000004e   Code   RO         1872    .text               c_w.l(rt_memclr_w.o)
    0x0800f88c   0x00000006   Code   RO         1874    .text               c_w.l(heapauxi.o)
    0x0800f892   0x00000016   Code   RO         1955    .text               c_w.l(_rserrno.o)
    0x0800f8a8   0x000000b2   Code   RO         1957    .text               c_w.l(_printf_intcommon.o)
    0x0800f95a   0x00000002   PAD
    0x0800f95c   0x00000030   Code   RO         1959    .text               c_w.l(_printf_char_common.o)
    0x0800f98c   0x0000000a   Code   RO         1961    .text               c_w.l(_sputc.o)
    0x0800f996   0x0000002c   Code   RO         1963    .text               c_w.l(_printf_char.o)
    0x0800f9c2   0x0000001c   Code   RO         1966    .text               c_w.l(_chval.o)
    0x0800f9de   0x00000002   PAD
    0x0800f9e0   0x0000002c   Code   RO         1968    .text               c_w.l(scanf_char.o)
    0x0800fa0c   0x00000040   Code   RO         1970    .text               c_w.l(_sgetc.o)
    0x0800fa4c   0x00000008   Code   RO         2052    .text               c_w.l(rt_errno_addr_intlibspace.o)
    0x0800fa54   0x00000012   Code   RO         2054    .text               c_w.l(isspace.o)
    0x0800fa66   0x00000002   PAD
    0x0800fa68   0x00000374   Code   RO         2058    .text               c_w.l(_scanf.o)
    0x0800fddc   0x00000008   Code   RO         2064    .text               c_w.l(libspace.o)
    0x0800fde4   0x0000004a   Code   RO         2067    .text               c_w.l(sys_stackheap_outer.o)
    0x0800fe2e   0x00000002   PAD
    0x0800fe30   0x00000010   Code   RO         2069    .text               c_w.l(rt_ctype_table.o)
    0x0800fe40   0x00000012   Code   RO         2071    .text               c_w.l(exit.o)
    0x0800fe52   0x00000002   PAD
    0x0800fe54   0x00000008   Code   RO         2084    .text               c_w.l(rt_locale_intlibspace.o)
    0x0800fe5c   0x00000080   Code   RO         2141    .text               c_w.l(strcmpv7m.o)
    0x0800fedc   0x0000000c   Code   RO         2147    .text               c_w.l(sys_exit.o)
    0x0800fee8   0x00000002   Code   RO         2158    .text               c_w.l(use_no_semi.o)
    0x0800feea   0x00000000   Code   RO         2160    .text               c_w.l(indicate_semi.o)
    0x0800feea   0x00000030   Code   RO         2060    i.__ARM_fpclassify  m_wm.l(fpclassify.o)
    0x0800ff1a   0x00000006   PAD
    0x0800ff20   0x000002d8   Code   RO         1985    i.__hardfp_atan     m_wm.l(atan.o)
    0x080101f8   0x000001f0   Code   RO         1912    i.__hardfp_atan2    m_wm.l(atan2.o)
    0x080103e8   0x00000118   Code   RO         1924    i.__hardfp_ceil     m_wm.l(ceil.o)
    0x08010500   0x000000c8   Code   RO         1930    i.__hardfp_cos      m_wm.l(cos.o)
    0x080105c8   0x000000c8   Code   RO         1942    i.__hardfp_sin      m_wm.l(sin.o)
    0x08010690   0x00000438   Code   RO         2023    i.__ieee754_rem_pio2  m_wm.l(rred.o)
    0x08010ac8   0x00000170   Code   RO         1999    i.__kernel_cos      m_wm.l(cos_i.o)
    0x08010c38   0x000000f8   Code   RO         2062    i.__kernel_poly     m_wm.l(poly.o)
    0x08010d30   0x00000130   Code   RO         2028    i.__kernel_sin      m_wm.l(sin_i.o)
    0x08010e60   0x00000014   Code   RO         2003    i.__mathlib_dbl_infnan  m_wm.l(dunder.o)
    0x08010e74   0x00000014   Code   RO         2004    i.__mathlib_dbl_infnan2  m_wm.l(dunder.o)
    0x08010e88   0x00000020   Code   RO         2005    i.__mathlib_dbl_invalid  m_wm.l(dunder.o)
    0x08010ea8   0x00000020   Code   RO         2008    i.__mathlib_dbl_underflow  m_wm.l(dunder.o)
    0x08010ec8   0x0000000e   Code   RO         1847    i._is_digit         c_w.l(__printf_wp.o)
    0x08010ed6   0x00000010   Code   RO         1987    i.atan              m_wm.l(atan.o)
    0x08010ee6   0x00000018   Code   RO         2018    i.fabs              m_wm.l(fabs.o)
    0x08010efe   0x00000002   PAD
    0x08010f00   0x0000002c   Code   RO         2087    locale$$code        c_w.l(lc_ctype_c.o)
    0x08010f2c   0x00000018   Code   RO         1972    x$fpl$basic         fz_wm.l(basic.o)
    0x08010f44   0x00000062   Code   RO         1878    x$fpl$d2f           fz_wm.l(d2f.o)
    0x08010fa6   0x00000002   PAD
    0x08010fa8   0x00000150   Code   RO         1880    x$fpl$dadd          fz_wm.l(daddsub_clz.o)
    0x080110f8   0x00000018   Code   RO         1974    x$fpl$dcmpinf       fz_wm.l(dcmpi.o)
    0x08011110   0x000002b0   Code   RO         1887    x$fpl$ddiv          fz_wm.l(ddiv.o)
    0x080113c0   0x0000005e   Code   RO         1890    x$fpl$dfix          fz_wm.l(dfix.o)
    0x0801141e   0x00000002   PAD
    0x08011420   0x0000005a   Code   RO         1894    x$fpl$dfixu         fz_wm.l(dfixu.o)
    0x0801147a   0x0000002e   Code   RO         1899    x$fpl$dflt          fz_wm.l(dflt_clz.o)
    0x080114a8   0x00000026   Code   RO         1898    x$fpl$dfltu         fz_wm.l(dflt_clz.o)
    0x080114ce   0x00000002   PAD
    0x080114d0   0x00000078   Code   RO         1904    x$fpl$dleqf         fz_wm.l(dleqf.o)
    0x08011548   0x00000154   Code   RO         1906    x$fpl$dmul          fz_wm.l(dmul.o)
    0x0801169c   0x0000009c   Code   RO         1976    x$fpl$dnaninf       fz_wm.l(dnaninf.o)
    0x08011738   0x0000000c   Code   RO         1978    x$fpl$dretinf       fz_wm.l(dretinf.o)
    0x08011744   0x0000006c   Code   RO         1908    x$fpl$drleqf        fz_wm.l(drleqf.o)
    0x080117b0   0x00000016   Code   RO         1881    x$fpl$drsb          fz_wm.l(daddsub_clz.o)
    0x080117c6   0x00000002   PAD
    0x080117c8   0x000001d4   Code   RO         1882    x$fpl$dsub          fz_wm.l(daddsub_clz.o)
    0x0801199c   0x00000056   Code   RO         1910    x$fpl$f2d           fz_wm.l(f2d.o)
    0x080119f2   0x0000008c   Code   RO         1980    x$fpl$fnaninf       fz_wm.l(fnaninf.o)
    0x08011a7e   0x0000000a   Code   RO         2145    x$fpl$fpinit        fz_wm.l(fpinit.o)
    0x08011a88   0x0000000a   Code   RO         1982    x$fpl$fretinf       fz_wm.l(fretinf.o)
    0x08011a92   0x00000000   Code   RO         1984    x$fpl$usenofp       fz_wm.l(usenofp.o)
    0x08011a92   0x00000002   PAD
    0x08011a94   0x00000010   Data   RO          257    .constdata          robot.o
    0x08011aa4   0x00000348   Data   RO          548    .constdata          cpuid_des.o
    0x08011dec   0x000001ec   Data   RO         1567    .constdata          usbh_hid_keybd.o
    0x08011fd8   0x00000028   Data   RO         1820    .constdata          c_w.l(_printf_hex_int.o)
    0x08012000   0x00000011   Data   RO         1850    .constdata          c_w.l(__printf_flags_wp.o)
    0x08012011   0x00000007   PAD
    0x08012018   0x00000098   Data   RO         1988    .constdata          m_wm.l(atan.o)
    0x080120b0   0x00000030   Data   RO         2000    .constdata          m_wm.l(cos_i.o)
    0x080120e0   0x00000008   Data   RO         2022    .constdata          m_wm.l(qnan.o)
    0x080120e8   0x000000c8   Data   RO         2025    .constdata          m_wm.l(rred.o)
    0x080121b0   0x00000028   Data   RO         2029    .constdata          m_wm.l(sin_i.o)
    0x080121d8   0x00000020   Data   RO         2213    Region$$Table       anon$$obj.o
    0x080121f8   0x00000110   Data   RO         2086    locale$$data        c_w.l(lc_ctype_c.o)


    Execution Region RW_IRAM2 (Base: 0x10000000, Size: 0x00005260, Max: 0x00010000, ABSOLUTE, COMPRESSED[0x00000194])

    Base Addr    Size         Type   Attr      Idx    E Section Name        Object

    0x10000000   0x00000004   Data   RW            4    .data               nrf24l01.o
    0x10000004   0x00000052   Data   RW          183    .data               packet.o
    0x10000056   0x00000002   PAD
    0x10000058   0x00000058   Data   RW          258    .data               robot.o
    0x100000b0   0x00000014   Data   RW          423    .data               system_stm32f4xx.o
    0x100000c4   0x00000004   PAD
    0x100000c8   0x00000008   Data   RW          445    .data               timer.o
    0x100000d0   0x00000008   Data   RW          471    .data               usart_ble.o
    0x100000d8   0x00000020   Data   RW          497    .data               action.o
    0x100000f8   0x00000028   Data   RW          525    .data               comm.o
    0x10000120   0x00000001   Data   RW          575    .data               error_event.o
    0x10000121   0x0000000d   Data   RW          625    .data               hm_bluetooth.o
    0x1000012e   0x0000000a   Data   RW          669    .data               init.o
    0x10000138   0x0000000d   Data   RW          723    .data               misc.o
    0x10000145   0x00000003   PAD
    0x10000148   0x00000011   Data   RW          745    .data               motor.o
    0x10000159   0x00000003   PAD
    0x1000015c   0x00000019   Data   RW          765    .data               mpu6050_driver.o
    0x10000175   0x00000003   PAD
    0x10000178   0x00000008   Data   RW          797    .data               usb_bsp.o
    0x10000180   0x00000024   Data   RW          817    .data               usbd_cdc_vcp.o
    0x100001a4   0x0000003c   Data   RW          848    .data               usbd_desc.o
    0x100001e0   0x0000001c   Data   RW          874    .data               usbd_usr.o
    0x100001fc   0x00000058   Data   RW          898    .data               usbh_usr.o
    0x10000254   0x00000010   Data   RW         1283    .data               stm32f4xx_rcc.o
    0x10000264   0x00000012   Data   RW         1430    .data               usbh_core.o
    0x10000276   0x00000003   Data   RW         1488    .data               usbh_stdreq.o
    0x10000279   0x00000003   PAD
    0x1000027c   0x0000001c   Data   RW         1511    .data               usbh_hid_core.o
    0x10000298   0x00000008   Data   RW         1546    .data               usbh_hid_joystick.o
    0x100002a0   0x0000001f   Data   RW         1568    .data               usbh_hid_keybd.o
    0x100002bf   0x00000001   PAD
    0x100002c0   0x0000000c   Data   RW         1589    .data               usbh_hid_mouse.o
    0x100002cc   0x00000034   Data   RW         1659    .data               usbd_core.o
    0x10000300   0x0000000d   Data   RW         1701    .data               usbd_req.o
    0x1000030d   0x00000003   PAD
    0x10000310   0x00000098   Data   RW         1726    .data               usbd_cdc_core.o
    0x100003a8   0x00000118   Zero   RW            3    .bss                nrf24l01.o
    0x100004c0   0x00000034   Zero   RW          234    .bss                pid.o
    0x100004f4   0x00000004   PAD
    0x100004f8   0x000020a0   Zero   RW          256    .bss                robot.o
    0x10002598   0x00000219   Zero   RW          470    .bss                usart_ble.o
    0x100027b1   0x00000003   PAD
    0x100027b4   0x00000010   Zero   RW          496    .bss                action.o
    0x100027c4   0x00000140   Zero   RW          524    .bss                comm.o
    0x10002904   0x0000000a   Zero   RW          624    .bss                hm_bluetooth.o
    0x1000290e   0x00000002   PAD
    0x10002910   0x00000018   Zero   RW          668    .bss                init.o
    0x10002928   0x00000014   Zero   RW          722    .bss                misc.o
    0x1000293c   0x00000050   Zero   RW          764    .bss                mpu6050_driver.o
    0x1000298c   0x00000090   Zero   RW          816    .bss                usbd_cdc_vcp.o
    0x10002a1c   0x00000b14   Zero   RW         1429    .bss                usbh_core.o
    0x10003530   0x00000200   Zero   RW         1487    .bss                usbh_stdreq.o
    0x10003730   0x000000a6   Zero   RW         1510    .bss                usbh_hid_core.o
    0x100037d6   0x00000014   Zero   RW         1545    .bss                usbh_hid_joystick.o
    0x100037ea   0x00000002   PAD
    0x100037ec   0x00000a90   Zero   RW         1658    .bss                usbd_core.o
    0x1000427c   0x000000ff   Zero   RW         1700    .bss                usbd_req.o
    0x1000437b   0x00000883   Zero   RW         1725    .bss                usbd_cdc_core.o
    0x10004bfe   0x00000002   PAD
    0x10004c00   0x00000060   Zero   RW         2065    .bss                c_w.l(libspace.o)
    0x10004c60   0x00000200   Zero   RW          789    HEAP                startup_stm32f4xx.o
    0x10004e60   0x00000400   Zero   RW          788    STACK               startup_stm32f4xx.o


==============================================================================

Image component sizes


      Code (inc. data)   RO Data    RW Data    ZI Data      Debug   Object Name

      1652        116          0         32         16      34883   action.o
      1800        118          0         40        320       4288   comm.o
      1524         86        840          0          0       5350   cpuid_des.o
         0          0          0          1          0        705   error_event.o
       140         18          0          0          0        948   gpio.o
      2896        124          0         13         10       8415   hm_bluetooth.o
      1884         22          0          0          0       6879   i2c.o
      1736        114          0         10         24      22628   init.o
        14          0          0          0          0        499   main.o
      2060        118          0         13         20      25950   misc.o
      1396         60          0         17          0       5089   motor.o
      1460        110          0         25         80       5941   mpu6050_driver.o
       368         22          0          4        280     319580   nrf24l01.o
       920          4          0          0          0       5832   nrf24l01_drv.o
      2468        124          0         82          0       8323   packet.o
       278          0          0          0          0       1936   param.o
       756         24          0          0         52       4916   pid.o
      2868        288         16         88       8352      36803   robot.o
        64         26        392          0       1536        848   startup_stm32f4xx.o
      1124         24          0          0          0      10718   stm32f4xx_adc.o
       284         10          0          0          0       2355   stm32f4xx_exti.o
      1212         26          0          0          0       7117   stm32f4xx_flash.o
       604         36          0          0          0       4165   stm32f4xx_gpio.o
      1064         26          0          0          0       8283   stm32f4xx_i2c.o
        60         12          0          0          0       1404   stm32f4xx_it.o
        64          6          0          0          0       1361   stm32f4xx_iwdg.o
       224         20          0          0          0       1901   stm32f4xx_misc.o
      1416         48          0         16          0      11099   stm32f4xx_rcc.o
      1016         22          0          0          0       6877   stm32f4xx_spi.o
       140         12          0          0          0       1699   stm32f4xx_syscfg.o
      3234         60          0          0          0      23048   stm32f4xx_tim.o
      1050         26          0          0          0       7892   stm32f4xx_usart.o
       528         46          0         20          0       1879   system_stm32f4xx.o
       260         10          0          8          0       2737   timer.o
       632         30          0          8        537       3937   usart_ble.o
       568         16          0          8          0       3785   usb_bsp.o
      6024         10          0          0          0      17482   usb_core.o
       894          0          0          0          0       4740   usb_dcd.o
      1904         22          0          0          0       5103   usb_dcd_int.o
       228          0          0          0          0       3344   usb_hcd.o
      3720         12          0          0          0       6823   usb_hcd_int.o
       816         58          0        152       2179       5704   usbd_cdc_core.o
       556         22          0         36        144       3604   usbd_cdc_vcp.o
       760          6          0         52       2704       6158   usbd_core.o
       340        164          0         60          0       3776   usbd_desc.o
       244          0          0          0          0       2862   usbd_ioreq.o
      1728         50          0         13        255       5749   usbd_req.o
        30          0          0         28          0       1553   usbd_usr.o
      1652         50          0         18       2836       9429   usbh_core.o
       390          0          0          0          0       2788   usbh_hcs.o
      1416         38          0         28        166       6629   usbh_hid_core.o
        40          6          0          8         20       2628   usbh_hid_joystick.o
       348         44        492         31          0       2076   usbh_hid_keybd.o
        40          6          0         12          0       1838   usbh_hid_mouse.o
       936          0          0          0          0       4824   usbh_ioreq.o
       984         12          0          3        512       6265   usbh_stdreq.o
       752        126          0         88          0       7701   usbh_usr.o

    ----------------------------------------------------------------------
     61580       2430       1772        936      20056     711146   Object Totals
         0          0         32          0          0          0   (incl. Generated)
        14          0          0         22         13          0   (incl. Padding)

    ----------------------------------------------------------------------

      Code (inc. data)   RO Data    RW Data    ZI Data      Debug   Library Member Name

        60          8          0          0          0         84   __0sscanf.o
        90          0          0          0          0          0   __dczerorl2.o
         8          0          0          0          0         68   __main.o
       312          4         17          0          0         92   __printf_flags_wp.o
        14          0          0          0          0         68   __printf_wp.o
         0          0          0          0          0          0   __rtentry.o
        12          0          0          0          0          0   __rtentry2.o
         6          0          0          0          0          0   __rtentry4.o
        52          8          0          0          0          0   __scatter.o
        28          0          0          0          0          0   __scatter_zi.o
        28          0          0          0          0         68   _chval.o
        44          0          0          0          0        108   _printf_char.o
        48          6          0          0          0         96   _printf_char_common.o
        88          4         40          0          0         88   _printf_hex_int.o
       178          0          0          0          0         88   _printf_intcommon.o
        78          0          0          0          0        108   _printf_pad.o
         0          0          0          0          0          0   _printf_percent.o
         4          0          0          0          0          0   _printf_percent_end.o
         6          0          0          0          0          0   _printf_s.o
        82          0          0          0          0         80   _printf_str.o
         6          0          0          0          0          0   _printf_x.o
        22          0          0          0          0        100   _rserrno.o
       884          6          0          0          0        100   _scanf.o
       332          0          0          0          0         96   _scanf_int.o
        64          0          0          0          0         84   _sgetc.o
        10          0          0          0          0         68   _sputc.o
        18          0          0          0          0         80   exit.o
         6          0          0          0          0        152   heapauxi.o
         0          0          0          0          0          0   indicate_semi.o
        18          0          0          0          0         76   isspace.o
        44         10        272          0          0         76   lc_ctype_c.o
         2          0          0          0          0          0   libinit.o
        24          0          0          0          0          0   libinit2.o
         2          0          0          0          0          0   libshutdown.o
         2          0          0          0          0          0   libshutdown2.o
         8          4          0          0         96         68   libspace.o
        40          6          0          0          0         84   noretval__2sprintf.o
        16          4          0          0          0         76   rt_ctype_table.o
         8          4          0          0          0         68   rt_errno_addr_intlibspace.o
         8          4          0          0          0         68   rt_locale_intlibspace.o
        68          0          0          0          0         68   rt_memclr.o
        78          0          0          0          0         80   rt_memclr_w.o
       138          0          0          0          0         68   rt_memcpy_v6.o
       100          0          0          0          0         80   rt_memcpy_w.o
         2          0          0          0          0          0   rtexit.o
        10          0          0          0          0          0   rtexit2.o
        44          8          0          0          0         84   scanf_char.o
        24          0          0          0          0         68   strcat.o
       128          0          0          0          0         68   strcmpv7m.o
        12          4          0          0          0         68   sys_exit.o
        74          0          0          0          0         80   sys_stackheap_outer.o
         2          0          0          0          0         68   use_no_semi.o
        24          0          0          0          0        164   basic.o
        98          4          0          0          0        140   d2f.o
       826         16          0          0          0        492   daddsub_clz.o
        24          0          0          0          0        116   dcmpi.o
       688        140          0          0          0        256   ddiv.o
        94          4          0          0          0        140   dfix.o
        90          4          0          0          0        140   dfixu.o
        84          0          0          0          0        232   dflt_clz.o
       120          4          0          0          0        140   dleqf.o
       340         12          0          0          0        152   dmul.o
       156          4          0          0          0        140   dnaninf.o
        12          0          0          0          0        116   dretinf.o
       108          0          0          0          0        128   drleqf.o
        86          4          0          0          0        132   f2d.o
       140          4          0          0          0        132   fnaninf.o
        10          0          0          0          0        116   fpinit.o
        10          0          0          0          0        116   fretinf.o
         0          0          0          0          0          0   usenofp.o
       744        106        152          0          0        352   atan.o
       496         64          0          0          0        192   atan2.o
       280         28          0          0          0        156   ceil.o
       200         20          0          0          0        164   cos.o
       368         46         48          0          0        200   cos_i.o
       104         16          0          0          0        496   dunder.o
        24          0          0          0          0        124   fabs.o
        48          0          0          0          0        124   fpclassify.o
       248          0          0          0          0        152   poly.o
         0          0          8          0          0          0   qnan.o
      1080        142        200          0          0        188   rred.o
       200         20          0          0          0        164   sin.o
       304         24         40          0          0        208   sin_i.o

    ----------------------------------------------------------------------
     10368        742        784          0         96       8248   Library Totals
        30          0          7          0          0          0   (incl. Padding)

    ----------------------------------------------------------------------

      Code (inc. data)   RO Data    RW Data    ZI Data      Debug   Library Name

      3332         80        329          0         96       2876   c_w.l
      2910        196          0          0          0       2852   fz_wm.l
      4096        466        448          0          0       2520   m_wm.l

    ----------------------------------------------------------------------
     10368        742        784          0         96       8248   Library Totals

    ----------------------------------------------------------------------

==============================================================================


      Code (inc. data)   RO Data    RW Data    ZI Data      Debug   

     71948       3172       2556        936      20152     702182   Grand Totals
     71948       3172       2556        404      20152     702182   ELF Image Totals (compressed)
     71948       3172       2556        404          0          0   ROM Totals

==============================================================================

    Total RO  Size (Code + RO Data)                74504 (  72.76kB)
    Total RW  Size (RW Data + ZI Data)             21088 (  20.59kB)
    Total ROM Size (Code + RO Data + RW Data)      74908 (  73.15kB)

==============================================================================

