Component: ARM Compiler 5.06 update 4 (build 422) Tool: armlink [4d35d2]

==============================================================================

Section Cross References

    nrf24l01.o(.text) refers to nrf24l01_drv.o(.text) for L01_ClearIRQ
    nrf24l01.o(.text) refers to timer.o(.text) for wait_100us
    nrf24l01.o(.text) refers to nrf24l01.o(.data) for receive_flag
    nrf24l01.o(.text) refers to robot.o(.bss) for g_robot
    nrf24l01_drv.o(.text) refers to misc.o(.text) for nrf_spi_wr_rd
    packet.o(.text) refers to misc.o(.text) for get_bat_v
    packet.o(.text) refers to timer.o(.text) for get_one_timer
    packet.o(.text) refers to robot.o(.bss) for g_robot
    packet.o(.text) refers to packet.o(.data) for packet_flag
    packet.o(.text) refers to action.o(.data) for shooter
    packet.o(.text) refers to robot.o(.data) for rf_comm_tim
    packet.o(.text) refers to pid.o(.text) for pid_set_param
    packet.o(.text) refers to rt_memclr.o(.text) for __aeabi_memclr
    packet.o(.text) refers to init.o(.data) for encrpty_cpuid
    param.o(.text) refers to rt_memclr.o(.text) for __aeabi_memclr
    param.o(.text) refers to i2c.o(.text) for high_size_eeprom_rd
    param.o(.text) refers to rt_memclr_w.o(.text) for __aeabi_memclr4
    pid.o(.text) refers to misc.o(.text) for N2RPM
    pid.o(.text) refers to system_stm32f4xx.o(.data) for SystemCoreClock
    robot.o(.text) refers to param.o(.text) for load_param
    robot.o(.text) refers to misc.o(.text) for read_dip_sw
    robot.o(.text) refers to rt_memclr_w.o(.text) for __aeabi_memclr4
    robot.o(.text) refers to pid.o(.text) for pid_init
    robot.o(.text) refers to f2d.o(x$fpl$f2d) for __aeabi_f2d
    robot.o(.text) refers to sin.o(i.__hardfp_sin) for __hardfp_sin
    robot.o(.text) refers to d2f.o(x$fpl$d2f) for __aeabi_d2f
    robot.o(.text) refers to cos.o(i.__hardfp_cos) for __hardfp_cos
    robot.o(.text) refers to action.o(.text) for init_shooter
    robot.o(.text) refers to motor.o(.text) for update_motor
    robot.o(.text) refers to timer.o(.text) for wait_ms
    robot.o(.text) refers to robot.o(.constdata) for .constdata
    robot.o(.text) refers to robot.o(.data) for wheel_reduction_ratio_x_set
    robot.o(.text) refers to init.o(.data) for eeprom_blue_init_flag
    robot.o(.text) refers to robot.o(.bss) for g_robot
    robot.o(.text) refers to pid.o(.bss) for gyro_pid
    robot.o(.text) refers to comm.o(.text) for do_comm
    robot.o(.text) refers to nrf24l01.o(.text) for start_nRF24L01_RX
    robot.o(.text) refers to hm_bluetooth.o(.text) for AT_Set_device_name_cmd
    robot.o(.text) refers to init.o(.text) for UNLOCK_FLASH_RDP
    robot.o(.text) refers to packet.o(.data) for identify_success
    robot.o(.text) refers to usbd_cdc_vcp.o(.data) for USB_Receive_ok
    robot.o(.text) refers to usbd_cdc_vcp.o(.bss) for USB_Receive_Buffer
    robot.o(.text) refers to hm_bluetooth.o(.bss) for bluetooth_name
    robot.o(.text) refers to usbd_cdc_core.o(.bss) for APP_Rx_Buffer
    robot.o(.text) refers to usbd_cdc_core.o(.data) for APP_Rx_ptr_in
    robot.o(.text) refers to init.o(.bss) for cpuid_data
    robot.o(.text) refers to gpio.o(.text) for feed_iwdog
    stm32f4xx_it.o(.text) refers to usb_hcd_int.o(.text) for USBH_OTG_ISR_Handler
    stm32f4xx_it.o(.text) refers to usb_dcd_int.o(.text) for USBD_OTG_ISR_Handler
    stm32f4xx_it.o(.text) refers to init.o(.data) for usb_host_device_mode
    stm32f4xx_it.o(.text) refers to usbh_core.o(.bss) for USB_OTG_Core_dev
    stm32f4xx_it.o(.text) refers to usbd_core.o(.bss) for USB_OTG_dev
    system_stm32f4xx.o(.text) refers to system_stm32f4xx.o(.data) for SystemCoreClock
    timer.o(.text) refers to timer.o(.data) for sys_tick
    usart_ble.o(.text) refers to stm32f4xx_usart.o(.text) for USART_Init
    usart_ble.o(.text) refers to rt_memclr_w.o(.text) for __aeabi_memclr4
    usart_ble.o(.text) refers to rt_memcpy_v6.o(.text) for __aeabi_memcpy
    usart_ble.o(.text) refers to usart_ble.o(.data) for uart_rx_buf_cnt
    usart_ble.o(.text) refers to usart_ble.o(.bss) for uart_rx_buf
    action.o(.text) refers to misc.o(.text) for shoot_off
    action.o(.text) refers to dflt_clz.o(x$fpl$dfltu) for __aeabi_ui2d
    action.o(.text) refers to dmul.o(x$fpl$dmul) for __aeabi_dmul
    action.o(.text) refers to dfixu.o(x$fpl$dfixu) for __aeabi_d2uiz
    action.o(.text) refers to action.o(.bss) for g_shooter
    action.o(.text) refers to robot.o(.bss) for g_robot
    action.o(.text) refers to action.o(.data) for shooter
    action.o(.text) refers to system_stm32f4xx.o(.data) for SystemCoreClock
    action.o(.text) refers to f2d.o(x$fpl$f2d) for __aeabi_f2d
    action.o(.text) refers to ceil.o(i.__hardfp_ceil) for __hardfp_ceil
    action.o(.text) refers to dfix.o(x$fpl$dfix) for __aeabi_d2iz
    action.o(.text) refers to stm32f4xx_exti.o(.text) for EXTI_ClearFlag
    action.o(.text) refers to packet.o(.data) for identify_success
    comm.o(.text) refers to nrf24l01.o(.text) for nrf24l01_init
[...]
    I2C_ClearITPendingBit                    0x08007ef9   Thumb Code    12  stm32f4xx_i2c.o(.text)
    IWDG_WriteAccessCmd                      0x08007f05   Thumb Code     6  stm32f4xx_iwdg.o(.text)
    IWDG_SetPrescaler                        0x08007f0b   Thumb Code     6  stm32f4xx_iwdg.o(.text)
    IWDG_SetReload                           0x08007f11   Thumb Code     6  stm32f4xx_iwdg.o(.text)
    IWDG_ReloadCounter                       0x08007f17   Thumb Code    10  stm32f4xx_iwdg.o(.text)
    IWDG_Enable                              0x08007f21   Thumb Code    10  stm32f4xx_iwdg.o(.text)
    IWDG_GetFlagStatus                       0x08007f2b   Thumb Code    20  stm32f4xx_iwdg.o(.text)
    NVIC_PriorityGroupConfig                 0x08007f45   Thumb Code    10  stm32f4xx_misc.o(.text)
    NVIC_Init                                0x08007f4f   Thumb Code   106  stm32f4xx_misc.o(.text)
    NVIC_SetVectorTable                      0x08007fb9   Thumb Code    14  stm32f4xx_misc.o(.text)
    NVIC_SystemLPConfig                      0x08007fc7   Thumb Code    34  stm32f4xx_misc.o(.text)
    SysTick_CLKSourceConfig                  0x08007fe9   Thumb Code    40  stm32f4xx_misc.o(.text)
    RCC_DeInit                               0x08008025   Thumb Code    60  stm32f4xx_rcc.o(.text)
    RCC_HSEConfig                            0x08008061   Thumb Code    14  stm32f4xx_rcc.o(.text)
    RCC_GetFlagStatus                        0x0800806f   Thumb Code    60  stm32f4xx_rcc.o(.text)
    RCC_WaitForHSEStartUp                    0x080080ab   Thumb Code    56  stm32f4xx_rcc.o(.text)
    RCC_AdjustHSICalibrationValue            0x080080e3   Thumb Code    20  stm32f4xx_rcc.o(.text)
    RCC_HSICmd                               0x080080f7   Thumb Code     6  stm32f4xx_rcc.o(.text)
    RCC_LSEConfig                            0x080080fd   Thumb Code    46  stm32f4xx_rcc.o(.text)
    RCC_LSICmd                               0x0800812b   Thumb Code     6  stm32f4xx_rcc.o(.text)
    RCC_PLLConfig                            0x08008131   Thumb Code    32  stm32f4xx_rcc.o(.text)
    RCC_PLLCmd                               0x08008151   Thumb Code     6  stm32f4xx_rcc.o(.text)
    RCC_PLLI2SConfig                         0x08008157   Thumb Code    14  stm32f4xx_rcc.o(.text)
    RCC_PLLI2SCmd                            0x08008165   Thumb Code     6  stm32f4xx_rcc.o(.text)
    RCC_ClockSecuritySystemCmd               0x0800816b   Thumb Code     6  stm32f4xx_rcc.o(.text)
    RCC_MCO1Config                           0x08008171   Thumb Code    28  stm32f4xx_rcc.o(.text)
    RCC_MCO2Config                           0x0800818d   Thumb Code    28  stm32f4xx_rcc.o(.text)
    RCC_SYSCLKConfig                         0x080081a9   Thumb Code    20  stm32f4xx_rcc.o(.text)
    RCC_GetSYSCLKSource                      0x080081bd   Thumb Code    12  stm32f4xx_rcc.o(.text)
    RCC_HCLKConfig                           0x080081c9   Thumb Code    20  stm32f4xx_rcc.o(.text)
    RCC_PCLK1Config                          0x080081dd   Thumb Code    20  stm32f4xx_rcc.o(.text)
    RCC_PCLK2Config                          0x080081f1   Thumb Code    22  stm32f4xx_rcc.o(.text)
    RCC_GetClocksFreq                        0x08008207   Thumb Code   222  stm32f4xx_rcc.o(.text)
    RCC_RTCCLKConfig                         0x080082e5   Thumb Code    54  stm32f4xx_rcc.o(.text)
    RCC_RTCCLKCmd                            0x0800831b   Thumb Code     8  stm32f4xx_rcc.o(.text)
    RCC_BackupResetCmd                       0x08008323   Thumb Code     8  stm32f4xx_rcc.o(.text)
    RCC_I2SCLKConfig                         0x0800832b   Thumb Code     6  stm32f4xx_rcc.o(.text)
    RCC_AHB1PeriphClockCmd                   0x08008331   Thumb Code    34  stm32f4xx_rcc.o(.text)
    RCC_AHB2PeriphClockCmd                   0x08008353   Thumb Code    34  stm32f4xx_rcc.o(.text)
    RCC_AHB3PeriphClockCmd                   0x08008375   Thumb Code    34  stm32f4xx_rcc.o(.text)
    RCC_APB1PeriphClockCmd                   0x08008397   Thumb Code    34  stm32f4xx_rcc.o(.text)
    RCC_APB2PeriphClockCmd                   0x080083b9   Thumb Code    34  stm32f4xx_rcc.o(.text)
    RCC_AHB1PeriphResetCmd                   0x080083db   Thumb Code    34  stm32f4xx_rcc.o(.text)
    RCC_AHB2PeriphResetCmd                   0x080083fd   Thumb Code    72  stm32f4xx_rcc.o(.text)
    RCC_AHB3PeriphResetCmd                   0x08008445   Thumb Code    34  stm32f4xx_rcc.o(.text)
    RCC_APB1PeriphResetCmd                   0x08008467   Thumb Code    34  stm32f4xx_rcc.o(.text)
    RCC_APB2PeriphResetCmd                   0x08008489   Thumb Code    34  stm32f4xx_rcc.o(.text)
    RCC_AHB1PeriphClockLPModeCmd             0x080084ab   Thumb Code    34  stm32f4xx_rcc.o(.text)
    RCC_AHB2PeriphClockLPModeCmd             0x080084cd   Thumb Code    34  stm32f4xx_rcc.o(.text)
    RCC_AHB3PeriphClockLPModeCmd             0x080084ef   Thumb Code    34  stm32f4xx_rcc.o(.text)
    RCC_APB1PeriphClockLPModeCmd             0x08008511   Thumb Code    34  stm32f4xx_rcc.o(.text)
    RCC_APB2PeriphClockLPModeCmd             0x08008533   Thumb Code    34  stm32f4xx_rcc.o(.text)
    RCC_ITConfig                             0x08008555   Thumb Code    34  stm32f4xx_rcc.o(.text)
    RCC_ClearFlag                            0x08008577   Thumb Code    18  stm32f4xx_rcc.o(.text)
    RCC_GetITStatus                          0x08008589   Thumb Code    22  stm32f4xx_rcc.o(.text)
    RCC_ClearITPendingBit                    0x0800859f   Thumb Code     8  stm32f4xx_rcc.o(.text)
    SPI_I2S_DeInit                           0x080085ad   Thumb Code    76  stm32f4xx_spi.o(.text)
    SPI_Init                                 0x080085f9   Thumb Code    60  stm32f4xx_spi.o(.text)
    I2S_Init                                 0x08008635   Thumb Code   350  stm32f4xx_spi.o(.text)
    SPI_StructInit                           0x08008793   Thumb Code    24  stm32f4xx_spi.o(.text)
    I2S_StructInit                           0x080087ab   Thumb Code    20  stm32f4xx_spi.o(.text)
    SPI_Cmd                                  0x080087bf   Thumb Code    24  stm32f4xx_spi.o(.text)
    I2S_Cmd                                  0x080087d7   Thumb Code    24  stm32f4xx_spi.o(.text)
    SPI_DataSizeConfig                       0x080087ef   Thumb Code    18  stm32f4xx_spi.o(.text)
    SPI_BiDirectionalLineConfig              0x08008801   Thumb Code    28  stm32f4xx_spi.o(.text)
    SPI_NSSInternalSoftwareConfig            0x0800881d   Thumb Code    30  stm32f4xx_spi.o(.text)
    SPI_SSOutputCmd                          0x0800883b   Thumb Code    24  stm32f4xx_spi.o(.text)
    SPI_TIModeCmd                            0x08008853   Thumb Code    24  stm32f4xx_spi.o(.text)
    I2S_FullDuplexConfig                     0x0800886b   Thumb Code    80  stm32f4xx_spi.o(.text)
    SPI_I2S_ReceiveData                      0x080088bb   Thumb Code     6  stm32f4xx_spi.o(.text)
    SPI_I2S_SendData                         0x080088c1   Thumb Code     4  stm32f4xx_spi.o(.text)
    SPI_CalculateCRC                         0x080088c5   Thumb Code    24  stm32f4xx_spi.o(.text)
    SPI_TransmitCRC                          0x080088dd   Thumb Code    10  stm32f4xx_spi.o(.text)
    SPI_GetCRC                               0x080088e7   Thumb Code    16  stm32f4xx_spi.o(.text)
    SPI_GetCRCPolynomial                     0x080088f7   Thumb Code     6  stm32f4xx_spi.o(.text)
    SPI_I2S_DMACmd                           0x080088fd   Thumb Code    18  stm32f4xx_spi.o(.text)
    SPI_I2S_ITConfig                         0x0800890f   Thumb Code    32  stm32f4xx_spi.o(.text)
    SPI_I2S_GetFlagStatus                    0x0800892f   Thumb Code    18  stm32f4xx_spi.o(.text)
    SPI_I2S_ClearFlag                        0x08008941   Thumb Code     6  stm32f4xx_spi.o(.text)
    SPI_I2S_GetITStatus                      0x08008947   Thumb Code    52  stm32f4xx_spi.o(.text)
    SPI_I2S_ClearITPendingBit                0x0800897b   Thumb Code    42  stm32f4xx_spi.o(.text)
    SYSCFG_DeInit                            0x080089a5   Thumb Code    22  stm32f4xx_syscfg.o(.text)
    SYSCFG_MemoryRemapConfig                 0x080089bb   Thumb Code     6  stm32f4xx_syscfg.o(.text)
    SYSCFG_EXTILineConfig                    0x080089c1   Thumb Code    66  stm32f4xx_syscfg.o(.text)
    SYSCFG_ETH_MediaInterfaceConfig          0x08008a03   Thumb Code     6  stm32f4xx_syscfg.o(.text)
    SYSCFG_CompensationCellCmd               0x08008a09   Thumb Code     6  stm32f4xx_syscfg.o(.text)
    SYSCFG_GetCompensationCellStatus         0x08008a0f   Thumb Code    22  stm32f4xx_syscfg.o(.text)
    TIM_DeInit                               0x08008a31   Thumb Code   346  stm32f4xx_tim.o(.text)
    TIM_TimeBaseInit                         0x08008b8b   Thumb Code   104  stm32f4xx_tim.o(.text)
    TIM_TimeBaseStructInit                   0x08008bf3   Thumb Code    18  stm32f4xx_tim.o(.text)
    TIM_PrescalerConfig                      0x08008c05   Thumb Code     6  stm32f4xx_tim.o(.text)
    TIM_CounterModeConfig                    0x08008c0b   Thumb Code    18  stm32f4xx_tim.o(.text)
    TIM_SetCounter                           0x08008c1d   Thumb Code     4  stm32f4xx_tim.o(.text)
    TIM_SetAutoreload                        0x08008c21   Thumb Code     4  stm32f4xx_tim.o(.text)
    TIM_GetCounter                           0x08008c25   Thumb Code     6  stm32f4xx_tim.o(.text)
    TIM_GetPrescaler                         0x08008c2b   Thumb Code     6  stm32f4xx_tim.o(.text)
    TIM_UpdateDisableConfig                  0x08008c31   Thumb Code    24  stm32f4xx_tim.o(.text)
    TIM_UpdateRequestConfig                  0x08008c49   Thumb Code    24  stm32f4xx_tim.o(.text)
    TIM_ARRPreloadConfig                     0x08008c61   Thumb Code    24  stm32f4xx_tim.o(.text)
    TIM_SelectOnePulseMode                   0x08008c79   Thumb Code    18  stm32f4xx_tim.o(.text)
    TIM_SetClockDivision                     0x08008c8b   Thumb Code    18  stm32f4xx_tim.o(.text)
    TIM_Cmd                                  0x08008c9d   Thumb Code    24  stm32f4xx_tim.o(.text)
    TIM_OC1Init                              0x08008cb5   Thumb Code   114  stm32f4xx_tim.o(.text)
    TIM_OC2Init                              0x08008d27   Thumb Code   154  stm32f4xx_tim.o(.text)
    TIM_OC3Init                              0x08008dc1   Thumb Code   204  stm32f4xx_tim.o(.text)
    TIM_OC4Init                              0x08008e8d   Thumb Code   112  stm32f4xx_tim.o(.text)
    TIM_OCStructInit                         0x08008efd   Thumb Code    20  stm32f4xx_tim.o(.text)
    TIM_SelectOCxM                           0x08008f11   Thumb Code    86  stm32f4xx_tim.o(.text)
    TIM_SetCompare1                          0x08008f67   Thumb Code     4  stm32f4xx_tim.o(.text)
    TIM_SetCompare2                          0x08008f6b   Thumb Code     4  stm32f4xx_tim.o(.text)
    TIM_SetCompare3                          0x08008f6f   Thumb Code     4  stm32f4xx_tim.o(.text)
    TIM_SetCompare4                          0x08008f73   Thumb Code     4  stm32f4xx_tim.o(.text)
    TIM_ForcedOC1Config                      0x08008f77   Thumb Code    18  stm32f4xx_tim.o(.text)
    TIM_ForcedOC2Config                      0x08008f89   Thumb Code    26  stm32f4xx_tim.o(.text)
    TIM_ForcedOC3Config                      0x08008fa3   Thumb Code    18  stm32f4xx_tim.o(.text)
    TIM_ForcedOC4Config                      0x08008fb5   Thumb Code    26  stm32f4xx_tim.o(.text)
    TIM_OC1PreloadConfig                     0x08008fcf   Thumb Code    18  stm32f4xx_tim.o(.text)
    TIM_OC2PreloadConfig                     0x08008fe1   Thumb Code    26  stm32f4xx_tim.o(.text)
    TIM_OC3PreloadConfig                     0x08008ffb   Thumb Code    18  stm32f4xx_tim.o(.text)
    TIM_OC4PreloadConfig                     0x0800900d   Thumb Code    26  stm32f4xx_tim.o(.text)
    TIM_OC1FastConfig                        0x08009027   Thumb Code    18  stm32f4xx_tim.o(.text)
    TIM_OC2FastConfig                        0x08009039   Thumb Code    26  stm32f4xx_tim.o(.text)
    TIM_OC3FastConfig                        0x08009053   Thumb Code    18  stm32f4xx_tim.o(.text)
    TIM_OC4FastConfig                        0x08009065   Thumb Code    26  stm32f4xx_tim.o(.text)
    TIM_ClearOC1Ref                          0x0800907f   Thumb Code    18  stm32f4xx_tim.o(.text)
    TIM_ClearOC2Ref                          0x08009091   Thumb Code    24  stm32f4xx_tim.o(.text)
    TIM_ClearOC3Ref                          0x080090a9   Thumb Code    18  stm32f4xx_tim.o(.text)
    TIM_ClearOC4Ref                          0x080090bb   Thumb Code    24  stm32f4xx_tim.o(.text)
    TIM_OC1PolarityConfig                    0x080090d3   Thumb Code    18  stm32f4xx_tim.o(.text)
    TIM_OC1NPolarityConfig                   0x080090e5   Thumb Code    18  stm32f4xx_tim.o(.text)
    TIM_OC2PolarityConfig                    0x080090f7   Thumb Code    26  stm32f4xx_tim.o(.text)
    TIM_OC2NPolarityConfig                   0x08009111   Thumb Code    26  stm32f4xx_tim.o(.text)
    TIM_OC3PolarityConfig                    0x0800912b   Thumb Code    26  stm32f4xx_tim.o(.text)
    TIM_OC3NPolarityConfig                   0x08009145   Thumb Code    26  stm32f4xx_tim.o(.text)
    TIM_OC4PolarityConfig                    0x0800915f   Thumb Code    26  stm32f4xx_tim.o(.text)
    TIM_CCxCmd                               0x08009179   Thumb Code    30  stm32f4xx_tim.o(.text)
    TIM_CCxNCmd                              0x08009197   Thumb Code    30  stm32f4xx_tim.o(.text)
    TIM_SetIC4Prescaler                      0x080091b5   Thumb Code    26  stm32f4xx_tim.o(.text)
    TIM_SetIC3Prescaler                      0x0800921f   Thumb Code    18  stm32f4xx_tim.o(.text)
    TIM_SetIC2Prescaler                      0x08009279   Thumb Code    26  stm32f4xx_tim.o(.text)
    TIM_SetIC1Prescaler                      0x080092ed   Thumb Code    18  stm32f4xx_tim.o(.text)
    TIM_ICInit                               0x08009339   Thumb Code   110  stm32f4xx_tim.o(.text)
    TIM_ICStructInit                         0x080093a7   Thumb Code    18  stm32f4xx_tim.o(.text)
    TIM_PWMIConfig                           0x080093b9   Thumb Code   124  stm32f4xx_tim.o(.text)
    TIM_GetCapture1                          0x08009435   Thumb Code     6  stm32f4xx_tim.o(.text)
    TIM_GetCapture2                          0x0800943b   Thumb Code     6  stm32f4xx_tim.o(.text)
    TIM_GetCapture3                          0x08009441   Thumb Code     6  stm32f4xx_tim.o(.text)
    TIM_GetCapture4                          0x08009447   Thumb Code     6  stm32f4xx_tim.o(.text)
    TIM_BDTRConfig                           0x0800944d   Thumb Code    32  stm32f4xx_tim.o(.text)
    TIM_BDTRStructInit                       0x0800946d   Thumb Code    18  stm32f4xx_tim.o(.text)
    TIM_CtrlPWMOutputs                       0x0800947f   Thumb Code    30  stm32f4xx_tim.o(.text)
    TIM_SelectCOM                            0x0800949d   Thumb Code    24  stm32f4xx_tim.o(.text)
    TIM_CCPreloadControl                     0x080094b5   Thumb Code    24  stm32f4xx_tim.o(.text)
    TIM_ITConfig                             0x080094cd   Thumb Code    18  stm32f4xx_tim.o(.text)
    TIM_GenerateEvent                        0x080094df   Thumb Code     4  stm32f4xx_tim.o(.text)
    TIM_GetFlagStatus                        0x080094e3   Thumb Code    18  stm32f4xx_tim.o(.text)
    TIM_ClearFlag                            0x080094f5   Thumb Code     6  stm32f4xx_tim.o(.text)
    TIM_GetITStatus                          0x080094fb   Thumb Code    34  stm32f4xx_tim.o(.text)
    TIM_ClearITPendingBit                    0x0800951d   Thumb Code     6  stm32f4xx_tim.o(.text)
    TIM_DMAConfig                            0x08009523   Thumb Code    10  stm32f4xx_tim.o(.text)
    TIM_DMACmd                               0x0800952d   Thumb Code    18  stm32f4xx_tim.o(.text)
    TIM_SelectCCDMA                          0x0800953f   Thumb Code    24  stm32f4xx_tim.o(.text)
    TIM_InternalClockConfig                  0x08009557   Thumb Code    12  stm32f4xx_tim.o(.text)
    TIM_SelectInputTrigger                   0x08009563   Thumb Code    18  stm32f4xx_tim.o(.text)
    TIM_ITRxExternalClockConfig              0x08009575   Thumb Code    24  stm32f4xx_tim.o(.text)
    TIM_TIxExternalClockConfig               0x0800958d   Thumb Code    62  stm32f4xx_tim.o(.text)
    TIM_ETRConfig                            0x080095cb   Thumb Code    28  stm32f4xx_tim.o(.text)
    TIM_ETRClockMode1Config                  0x080095e7   Thumb Code    54  stm32f4xx_tim.o(.text)
    TIM_ETRClockMode2Config                  0x0800961d   Thumb Code    32  stm32f4xx_tim.o(.text)
    TIM_SelectOutputTrigger                  0x0800963d   Thumb Code    18  stm32f4xx_tim.o(.text)
    TIM_SelectSlaveMode                      0x0800964f   Thumb Code    18  stm32f4xx_tim.o(.text)
    TIM_SelectMasterSlaveMode                0x08009661   Thumb Code    18  stm32f4xx_tim.o(.text)
    TIM_EncoderInterfaceConfig               0x08009673   Thumb Code    66  stm32f4xx_tim.o(.text)
    TIM_SelectHallSensor                     0x080096b5   Thumb Code    24  stm32f4xx_tim.o(.text)
    TIM_RemapConfig                          0x080096cd   Thumb Code     6  stm32f4xx_tim.o(.text)
    USART_DeInit                             0x080096d5   Thumb Code   156  stm32f4xx_usart.o(.text)
    USART_Init                               0x08009771   Thumb Code   204  stm32f4xx_usart.o(.text)
    USART_StructInit                         0x0800983d   Thumb Code    24  stm32f4xx_usart.o(.text)
    USART_ClockInit                          0x08009855   Thumb Code    32  stm32f4xx_usart.o(.text)
    USART_ClockStructInit                    0x08009875   Thumb Code    12  stm32f4xx_usart.o(.text)
    USART_Cmd                                0x08009881   Thumb Code    24  stm32f4xx_usart.o(.text)
    USART_SetPrescaler                       0x08009899   Thumb Code    16  stm32f4xx_usart.o(.text)
    USART_OverSampling8Cmd                   0x080098a9   Thumb Code    22  stm32f4xx_usart.o(.text)
    USART_OneBitMethodCmd                    0x080098bf   Thumb Code    24  stm32f4xx_usart.o(.text)
    USART_SendData                           0x080098d7   Thumb Code     8  stm32f4xx_usart.o(.text)
    USART_ReceiveData                        0x080098df   Thumb Code    10  stm32f4xx_usart.o(.text)
    USART_SetAddress                         0x080098e9   Thumb Code    18  stm32f4xx_usart.o(.text)
    USART_ReceiverWakeUpCmd                  0x080098fb   Thumb Code    24  stm32f4xx_usart.o(.text)
    USART_WakeUpConfig                       0x08009913   Thumb Code    18  stm32f4xx_usart.o(.text)
    USART_LINBreakDetectLengthConfig         0x08009925   Thumb Code    18  stm32f4xx_usart.o(.text)
    USART_LINCmd                             0x08009937   Thumb Code    24  stm32f4xx_usart.o(.text)
    USART_SendBreak                          0x0800994f   Thumb Code    10  stm32f4xx_usart.o(.text)
    USART_HalfDuplexCmd                      0x08009959   Thumb Code    24  stm32f4xx_usart.o(.text)
    USART_SetGuardTime                       0x08009971   Thumb Code    16  stm32f4xx_usart.o(.text)
    USART_SmartCardCmd                       0x08009981   Thumb Code    24  stm32f4xx_usart.o(.text)
    USART_SmartCardNACKCmd                   0x08009999   Thumb Code    24  stm32f4xx_usart.o(.text)
    USART_IrDAConfig                         0x080099b1   Thumb Code    18  stm32f4xx_usart.o(.text)
    USART_IrDACmd                            0x080099c3   Thumb Code    24  stm32f4xx_usart.o(.text)
    USART_DMACmd                             0x080099db   Thumb Code    18  stm32f4xx_usart.o(.text)
    USART_ITConfig                           0x080099ed   Thumb Code    74  stm32f4xx_usart.o(.text)
    USART_GetFlagStatus                      0x08009a37   Thumb Code    26  stm32f4xx_usart.o(.text)
    USART_ClearFlag                          0x08009a51   Thumb Code    18  stm32f4xx_usart.o(.text)
    USART_GetITStatus                        0x08009a63   Thumb Code   110  stm32f4xx_usart.o(.text)
    USART_ClearITPendingBit                  0x08009ad1   Thumb Code    30  stm32f4xx_usart.o(.text)
    USBH_Connected                           0x08009af1   Thumb Code    12  usbh_core.o(.text)
    USBH_Disconnected                        0x08009afd   Thumb Code    12  usbh_core.o(.text)
    USBH_SOF                                 0x08009b09   Thumb Code     6  usbh_core.o(.text)
    USBH_DeInit                              0x08009b0f   Thumb Code    58  usbh_core.o(.text)
    USBH_Init                                0x08009b49   Thumb Code    68  usbh_core.o(.text)
    USBH_HandleControl                       0x08009b8d   Thumb Code   544  usbh_core.o(.text)
    USBH_ErrorHandle                         0x08009dad   Thumb Code    46  usbh_core.o(.text)
    USBH_Process                             0x08009fb3   Thumb Code   428  usbh_core.o(.text)
    USBH_Open_Channel                        0x0800a165   Thumb Code   154  usbh_hcs.o(.text)
    USBH_Modify_Channel                      0x0800a1ff   Thumb Code   100  usbh_hcs.o(.text)
    USBH_Alloc_Channel                       0x0800a28b   Thumb Code    38  usbh_hcs.o(.text)
    USBH_Free_Channel                        0x0800a2b1   Thumb Code    30  usbh_hcs.o(.text)
    USBH_DeAllocate_AllChannel               0x0800a2cf   Thumb Code    28  usbh_hcs.o(.text)
    USBH_CtlReq                              0x0800a303   Thumb Code   100  usbh_ioreq.o(.text)
    USBH_CtlSendSetup                        0x0800a367   Thumb Code    66  usbh_ioreq.o(.text)
    USBH_CtlSendData                         0x0800a3a9   Thumb Code   110  usbh_ioreq.o(.text)
    USBH_CtlReceiveData                      0x0800a417   Thumb Code    70  usbh_ioreq.o(.text)
    USBH_BulkSendData                        0x0800a45d   Thumb Code    94  usbh_ioreq.o(.text)
    USBH_BulkReceiveData                     0x0800a4bb   Thumb Code    96  usbh_ioreq.o(.text)
    USBH_InterruptReceiveData                0x0800a51b   Thumb Code   120  usbh_ioreq.o(.text)
    USBH_InterruptSendData                   0x0800a593   Thumb Code   118  usbh_ioreq.o(.text)
    USBH_IsocReceiveData                     0x0800a609   Thumb Code    70  usbh_ioreq.o(.text)
    USBH_IsocSendData                        0x0800a64f   Thumb Code    68  usbh_ioreq.o(.text)
    USBH_GetDescriptor                       0x0800a6ed   Thumb Code    68  usbh_stdreq.o(.text)
    USBH_Get_DevDesc                         0x0800a731   Thumb Code    56  usbh_stdreq.o(.text)
    USBH_GetNextDesc                         0x0800a7af   Thumb Code    18  usbh_stdreq.o(.text)
    USBH_Get_CfgDesc                         0x0800a8d3   Thumb Code    88  usbh_stdreq.o(.text)
    USBH_Get_StringDesc                      0x0800a961   Thumb Code    60  usbh_stdreq.o(.text)
    USBH_SetAddress                          0x0800a99d   Thumb Code    38  usbh_stdreq.o(.text)
    USBH_SetCfg                              0x0800a9c3   Thumb Code    38  usbh_stdreq.o(.text)
    USBH_SetInterface                        0x0800a9e9   Thumb Code    44  usbh_stdreq.o(.text)
    USBH_ClrFeature                          0x0800aa15   Thumb Code    76  usbh_stdreq.o(.text)
    USBH_Set_Report                          0x0800afb9   Thumb Code    52  usbh_hid_core.o(.text)
    USB_OTG_WritePacket                      0x0800b241   Thumb Code    64  usb_core.o(.text)
    USB_OTG_ReadPacket                       0x0800b281   Thumb Code    40  usb_core.o(.text)
    USB_OTG_SelectCore                       0x0800b2a9   Thumb Code   204  usb_core.o(.text)
    USB_OTG_CoreInit                         0x0800b375   Thumb Code   294  usb_core.o(.text)
    USB_OTG_EnableGlobalInt                  0x0800b49b   Thumb Code    34  usb_core.o(.text)
    USB_OTG_DisableGlobalInt                 0x0800b4bd   Thumb Code    34  usb_core.o(.text)
    USB_OTG_FlushTxFifo                      0x0800b4df   Thumb Code    80  usb_core.o(.text)
    USB_OTG_FlushRxFifo                      0x0800b52f   Thumb Code    70  usb_core.o(.text)
    USB_OTG_SetCurrentMode                   0x0800b575   Thumb Code    78  usb_core.o(.text)
    USB_OTG_GetMode                          0x0800b5c3   Thumb Code    22  usb_core.o(.text)
    USB_OTG_IsDeviceMode                     0x0800b5d9   Thumb Code    22  usb_core.o(.text)
    USB_OTG_IsHostMode                       0x0800b5ef   Thumb Code    20  usb_core.o(.text)
    USB_OTG_ReadCoreItr                      0x0800b603   Thumb Code    16  usb_core.o(.text)
    USB_OTG_ReadOtgItr                       0x0800b613   Thumb Code     8  usb_core.o(.text)
    USB_OTG_EnableHostInt                    0x0800b61b   Thumb Code   116  usb_core.o(.text)
    USB_OTG_ReadHPRT0                        0x0800b68f   Thumb Code    48  usb_core.o(.text)
    USB_OTG_DriveVbus                        0x0800b6bf   Thumb Code    92  usb_core.o(.text)
    USB_OTG_ResetPort                        0x0800b71b   Thumb Code    64  usb_core.o(.text)
    USB_OTG_InitFSLSPClkSel                  0x0800b75b   Thumb Code    24  usb_core.o(.text)
    USB_OTG_CoreInitHost                     0x0800b773   Thumb Code   216  usb_core.o(.text)
    USB_OTG_IsEvenFrame                      0x0800b84b   Thumb Code    16  usb_core.o(.text)
    USB_OTG_ReadHostAllChannels_intr         0x0800b85b   Thumb Code     8  usb_core.o(.text)
    USB_OTG_HC_Init                          0x0800b863   Thumb Code   568  usb_core.o(.text)
    USB_OTG_HC_StartXfer                     0x0800ba9b   Thumb Code   502  usb_core.o(.text)
    USB_OTG_HC_Halt                          0x0800bc91   Thumb Code   130  usb_core.o(.text)
    USB_OTG_HC_DoPing                        0x0800bd13   Thumb Code    90  usb_core.o(.text)
    USB_OTG_StopHost                         0x0800bd6d   Thumb Code    96  usb_core.o(.text)
    USB_OTG_InitDevSpeed                     0x0800bdcd   Thumb Code    24  usb_core.o(.text)
    USB_OTG_EnableDevInt                     0x0800bde5   Thumb Code   154  usb_core.o(.text)
    USB_OTG_CoreInitDev                      0x0800be7f   Thumb Code   522  usb_core.o(.text)
    USB_OTG_GetDeviceSpeed                   0x0800c089   Thumb Code    52  usb_core.o(.text)
    USB_OTG_EP0Activate                      0x0800c0bd   Thumb Code   106  usb_core.o(.text)
    USB_OTG_EPActivate                       0x0800c127   Thumb Code   152  usb_core.o(.text)
    USB_OTG_EPDeactivate                     0x0800c1bf   Thumb Code    94  usb_core.o(.text)
    USB_OTG_EPStartXfer                      0x0800c21d   Thumb Code   502  usb_core.o(.text)
    USB_OTG_EP0StartXfer                     0x0800c413   Thumb Code   342  usb_core.o(.text)
    USB_OTG_EPSetStall                       0x0800c569   Thumb Code   100  usb_core.o(.text)
    USB_OTG_EPClearStall                     0x0800c5cd   Thumb Code    80  usb_core.o(.text)
    USB_OTG_ReadDevAllOutEp_itr              0x0800c61d   Thumb Code    16  usb_core.o(.text)
    USB_OTG_ReadDevOutEP_itr                 0x0800c62d   Thumb Code    20  usb_core.o(.text)
    USB_OTG_ReadDevAllInEPItr                0x0800c641   Thumb Code    16  usb_core.o(.text)
    USB_OTG_EP0_OutStart                     0x0800c651   Thumb Code    98  usb_core.o(.text)
    USB_OTG_ActiveRemoteWakeup               0x0800c6b3   Thumb Code   106  usb_core.o(.text)
    USB_OTG_UngateClock                      0x0800c71d   Thumb Code    54  usb_core.o(.text)
    USB_OTG_StopDevice                       0x0800c753   Thumb Code    82  usb_core.o(.text)
    USB_OTG_GetEPStatus                      0x0800c7a5   Thumb Code   106  usb_core.o(.text)
    USB_OTG_SetEPStatus                      0x0800c80f   Thumb Code   282  usb_core.o(.text)
    HCD_Init                                 0x0800c929   Thumb Code    96  usb_hcd.o(.text)
    HCD_GetCurrentSpeed                      0x0800c989   Thumb Code    20  usb_hcd.o(.text)
    HCD_ResetPort                            0x0800c99d   Thumb Code    14  usb_hcd.o(.text)
    HCD_IsDeviceConnected                    0x0800c9ab   Thumb Code     8  usb_hcd.o(.text)
    HCD_GetCurrentFrame                      0x0800c9b3   Thumb Code    10  usb_hcd.o(.text)
    HCD_GetURB_State                         0x0800c9bd   Thumb Code    10  usb_hcd.o(.text)
    HCD_GetXferCnt                           0x0800c9c7   Thumb Code    12  usb_hcd.o(.text)
    HCD_GetHCState                           0x0800c9d3   Thumb Code    10  usb_hcd.o(.text)
    HCD_HC_Init                              0x0800c9dd   Thumb Code    16  usb_hcd.o(.text)
    HCD_SubmitRequest                        0x0800c9ed   Thumb Code    32  usb_hcd.o(.text)
    USBH_OTG_ISR_Handler                     0x0800d7e7   Thumb Code   168  usb_hcd_int.o(.text)
    USBD_DeInit                              0x0800d895   Thumb Code     6  usbd_core.o(.text)
    USBD_Init                                0x0800d89b   Thumb Code    66  usbd_core.o(.text)
    USBD_SetCfg                              0x0800db2f   Thumb Code    30  usbd_core.o(.text)
    USBD_ClrCfg                              0x0800db4d   Thumb Code    22  usbd_core.o(.text)
    USBD_CtlSendData                         0x0800db8d   Thumb Code    46  usbd_ioreq.o(.text)
    USBD_CtlContinueSendData                 0x0800dbbb   Thumb Code    30  usbd_ioreq.o(.text)
    USBD_CtlPrepareRx                        0x0800dbd9   Thumb Code    46  usbd_ioreq.o(.text)
    USBD_CtlContinueRx                       0x0800dc07   Thumb Code    30  usbd_ioreq.o(.text)
    USBD_CtlSendStatus                       0x0800dc25   Thumb Code    36  usbd_ioreq.o(.text)
    USBD_CtlReceiveStatus                    0x0800dc49   Thumb Code    36  usbd_ioreq.o(.text)
    USBD_GetRxCount                          0x0800dc6d   Thumb Code    20  usbd_ioreq.o(.text)
    USBD_CtlError                            0x0800dc81   Thumb Code    30  usbd_req.o(.text)
    USBD_StdDevReq                           0x0800e069   Thumb Code   114  usbd_req.o(.text)
    USBD_StdItfReq                           0x0800e0db   Thumb Code    76  usbd_req.o(.text)
    USBD_StdEPReq                            0x0800e127   Thumb Code   360  usbd_req.o(.text)
    USBD_ParseSetupRequest                   0x0800e28f   Thumb Code    72  usbd_req.o(.text)
    USBD_GetString                           0x0800e2eb   Thumb Code    82  usbd_req.o(.text)
    DCD_Init                                 0x0800e671   Thumb Code   156  usb_dcd.o(.text)
    DCD_EP_Open                              0x0800e70d   Thumb Code   104  usb_dcd.o(.text)
    DCD_EP_Close                             0x0800e775   Thumb Code    74  usb_dcd.o(.text)
    DCD_EP_PrepareRx                         0x0800e7bf   Thumb Code    82  usb_dcd.o(.text)
    DCD_EP_Tx                                0x0800e811   Thumb Code    78  usb_dcd.o(.text)
    DCD_EP_Stall                             0x0800e85f   Thumb Code    72  usb_dcd.o(.text)
    DCD_EP_ClrStall                          0x0800e8a7   Thumb Code    72  usb_dcd.o(.text)
    DCD_EP_Flush                             0x0800e8ef   Thumb Code    36  usb_dcd.o(.text)
    DCD_EP_SetAddress                        0x0800e913   Thumb Code    28  usb_dcd.o(.text)
    DCD_DevConnect                           0x0800e92f   Thumb Code    32  usb_dcd.o(.text)
    DCD_DevDisconnect                        0x0800e94f   Thumb Code    34  usb_dcd.o(.text)
    DCD_GetEPStatus                          0x0800e971   Thumb Code    64  usb_dcd.o(.text)
    DCD_SetEPStatus                          0x0800e9b1   Thumb Code    62  usb_dcd.o(.text)
    USBD_OTG_ISR_Handler                     0x0800f07b   Thumb Code   224  usb_dcd_int.o(.text)
    __2sprintf                               0x0800f161   Thumb Code    34  noretval__2sprintf.o(.text)
    _printf_pre_padding                      0x0800f189   Thumb Code    44  _printf_pad.o(.text)
    _printf_post_padding                     0x0800f1b5   Thumb Code    34  _printf_pad.o(.text)
    _printf_str                              0x0800f1d7   Thumb Code    82  _printf_str.o(.text)
    _printf_int_hex                          0x0800f229   Thumb Code    84  _printf_hex_int.o(.text)
    _printf_longlong_hex                     0x0800f229   Thumb Code     0  _printf_hex_int.o(.text)
    __printf                                 0x0800f281   Thumb Code   308  __printf_flags_wp.o(.text)
    __0sscanf                                0x0800f3b9   Thumb Code    52  __0sscanf.o(.text)
    _scanf_int                               0x0800f3f5   Thumb Code   332  _scanf_int.o(.text)
    strcat                                   0x0800f541   Thumb Code    24  strcat.o(.text)
    __aeabi_memcpy                           0x0800f559   Thumb Code     0  rt_memcpy_v6.o(.text)
    __rt_memcpy                              0x0800f559   Thumb Code   138  rt_memcpy_v6.o(.text)
    _memcpy_lastbytes                        0x0800f5bf   Thumb Code     0  rt_memcpy_v6.o(.text)
    __aeabi_memcpy4                          0x0800f5e3   Thumb Code     0  rt_memcpy_w.o(.text)
    __aeabi_memcpy8                          0x0800f5e3   Thumb Code     0  rt_memcpy_w.o(.text)
    __rt_memcpy_w                            0x0800f5e3   Thumb Code   100  rt_memcpy_w.o(.text)
    _memcpy_lastbytes_aligned                0x0800f62b   Thumb Code     0  rt_memcpy_w.o(.text)
    __aeabi_memclr                           0x0800f647   Thumb Code     0  rt_memclr.o(.text)
    __rt_memclr                              0x0800f647   Thumb Code    68  rt_memclr.o(.text)
    _memset                                  0x0800f64b   Thumb Code     0  rt_memclr.o(.text)
    __aeabi_memclr4                          0x0800f68b   Thumb Code     0  rt_memclr_w.o(.text)
    __aeabi_memclr8                          0x0800f68b   Thumb Code     0  rt_memclr_w.o(.text)
    __rt_memclr_w                            0x0800f68b   Thumb Code    78  rt_memclr_w.o(.text)
    _memset_w                                0x0800f68f   Thumb Code     0  rt_memclr_w.o(.text)
    __use_two_region_memory                  0x0800f6d9   Thumb Code     2  heapauxi.o(.text)
    __rt_heap_escrow$2region                 0x0800f6db   Thumb Code     2  heapauxi.o(.text)
    __rt_heap_expand$2region                 0x0800f6dd   Thumb Code     2  heapauxi.o(.text)
    __read_errno                             0x0800f6df   Thumb Code    10  _rserrno.o(.text)
    __set_errno                              0x0800f6e9   Thumb Code    12  _rserrno.o(.text)
    _printf_int_common                       0x0800f6f5   Thumb Code   178  _printf_intcommon.o(.text)
    _printf_char_common                      0x0800f7b3   Thumb Code    32  _printf_char_common.o(.text)
    _sputc                                   0x0800f7d9   Thumb Code    10  _sputc.o(.text)
    _printf_cs_common                        0x0800f7e3   Thumb Code    20  _printf_char.o(.text)
    _printf_char                             0x0800f7f7   Thumb Code    16  _printf_char.o(.text)
    _printf_string                           0x0800f807   Thumb Code     8  _printf_char.o(.text)
    _chval                                   0x0800f80f   Thumb Code    28  _chval.o(.text)
    __vfscanf_char                           0x0800f839   Thumb Code    24  scanf_char.o(.text)
    _sgetc                                   0x0800f859   Thumb Code    30  _sgetc.o(.text)
    _sbackspace                              0x0800f877   Thumb Code    34  _sgetc.o(.text)
    __aeabi_errno_addr                       0x0800f899   Thumb Code     8  rt_errno_addr_intlibspace.o(.text)
    __errno$intlibspace                      0x0800f899   Thumb Code     0  rt_errno_addr_intlibspace.o(.text)
    __rt_errno_addr$intlibspace              0x0800f899   Thumb Code     0  rt_errno_addr_intlibspace.o(.text)
    isspace                                  0x0800f8a1   Thumb Code    18  isspace.o(.text)
    __vfscanf                                0x0800f8b5   Thumb Code   878  _scanf.o(.text)
    __user_libspace                          0x0800fc29   Thumb Code     8  libspace.o(.text)
    __user_perproc_libspace                  0x0800fc29   Thumb Code     0  libspace.o(.text)
    __user_perthread_libspace                0x0800fc29   Thumb Code     0  libspace.o(.text)
    __user_setup_stackheap                   0x0800fc31   Thumb Code    74  sys_stackheap_outer.o(.text)
    __rt_ctype_table                         0x0800fc7d   Thumb Code    16  rt_ctype_table.o(.text)
    exit                                     0x0800fc8d   Thumb Code    18  exit.o(.text)
    __rt_locale                              0x0800fca1   Thumb Code     8  rt_locale_intlibspace.o(.text)
    strcmp                                   0x0800fca9   Thumb Code   128  strcmpv7m.o(.text)
    _sys_exit                                0x0800fd29   Thumb Code     8  sys_exit.o(.text)
    __I$use$semihosting                      0x0800fd35   Thumb Code     0  use_no_semi.o(.text)
    __use_no_semihosting_swi                 0x0800fd35   Thumb Code     2  use_no_semi.o(.text)
    __ARM_fpclassify                         0x0800fd37   Thumb Code    48  fpclassify.o(i.__ARM_fpclassify)
    __semihosting_library_function           0x0800fd37   Thumb Code     0  indicate_semi.o(.text)
    __hardfp_atan                            0x0800fd69   Thumb Code   622  atan.o(i.__hardfp_atan)
    __hardfp_atan2                           0x08010041   Thumb Code   432  atan2.o(i.__hardfp_atan2)
    __hardfp_ceil                            0x08010231   Thumb Code   252  ceil.o(i.__hardfp_ceil)
    __hardfp_cos                             0x08010349   Thumb Code   180  cos.o(i.__hardfp_cos)
    __hardfp_sin                             0x08010411   Thumb Code   180  sin.o(i.__hardfp_sin)
    __ieee754_rem_pio2                       0x080104d9   Thumb Code   938  rred.o(i.__ieee754_rem_pio2)
    __kernel_cos                             0x08010911   Thumb Code   322  cos_i.o(i.__kernel_cos)
    __kernel_poly                            0x08010a81   Thumb Code   248  poly.o(i.__kernel_poly)
    __kernel_sin                             0x08010b79   Thumb Code   280  sin_i.o(i.__kernel_sin)
    __mathlib_dbl_infnan                     0x08010ca9   Thumb Code    20  dunder.o(i.__mathlib_dbl_infnan)
    __mathlib_dbl_infnan2                    0x08010cbd   Thumb Code    20  dunder.o(i.__mathlib_dbl_infnan2)
    __mathlib_dbl_invalid                    0x08010cd1   Thumb Code    24  dunder.o(i.__mathlib_dbl_invalid)
    __mathlib_dbl_underflow                  0x08010cf1   Thumb Code    24  dunder.o(i.__mathlib_dbl_underflow)
    _is_digit                                0x08010d11   Thumb Code    14  __printf_wp.o(i._is_digit)
    atan                                     0x08010d1f   Thumb Code    16  atan.o(i.atan)
    fabs                                     0x08010d2f   Thumb Code    24  fabs.o(i.fabs)
    _get_lc_ctype                            0x08010d49   Thumb Code    44  lc_ctype_c.o(locale$$code)
    __aeabi_dneg                             0x08010d75   Thumb Code     0  basic.o(x$fpl$basic)
    _dneg                                    0x08010d75   Thumb Code     6  basic.o(x$fpl$basic)
    __aeabi_fneg                             0x08010d7b   Thumb Code     0  basic.o(x$fpl$basic)
    _fneg                                    0x08010d7b   Thumb Code     6  basic.o(x$fpl$basic)
    _dabs                                    0x08010d81   Thumb Code     6  basic.o(x$fpl$basic)
    _fabs                                    0x08010d87   Thumb Code     6  basic.o(x$fpl$basic)
    __aeabi_d2f                              0x08010d8d   Thumb Code     0  d2f.o(x$fpl$d2f)
    _d2f                                     0x08010d8d   Thumb Code    98  d2f.o(x$fpl$d2f)
    __aeabi_dadd                             0x08010df1   Thumb Code     0  daddsub_clz.o(x$fpl$dadd)
    _dadd                                    0x08010df1   Thumb Code   332  daddsub_clz.o(x$fpl$dadd)
    __fpl_dcmp_Inf                           0x08010f41   Thumb Code    24  dcmpi.o(x$fpl$dcmpinf)
    __aeabi_ddiv                             0x08010f59   Thumb Code     0  ddiv.o(x$fpl$ddiv)
    _ddiv                                    0x08010f59   Thumb Code   552  ddiv.o(x$fpl$ddiv)
    __aeabi_d2iz                             0x08011209   Thumb Code     0  dfix.o(x$fpl$dfix)
    _dfix                                    0x08011209   Thumb Code    94  dfix.o(x$fpl$dfix)
    __aeabi_d2uiz                            0x08011269   Thumb Code     0  dfixu.o(x$fpl$dfixu)
    _dfixu                                   0x08011269   Thumb Code    90  dfixu.o(x$fpl$dfixu)
    __aeabi_i2d                              0x080112c3   Thumb Code     0  dflt_clz.o(x$fpl$dflt)
    _dflt                                    0x080112c3   Thumb Code    46  dflt_clz.o(x$fpl$dflt)
    __aeabi_ui2d                             0x080112f1   Thumb Code     0  dflt_clz.o(x$fpl$dfltu)
    _dfltu                                   0x080112f1   Thumb Code    38  dflt_clz.o(x$fpl$dfltu)
    __aeabi_cdcmple                          0x08011319   Thumb Code     0  dleqf.o(x$fpl$dleqf)
    _dcmple                                  0x08011319   Thumb Code   120  dleqf.o(x$fpl$dleqf)
    __fpl_dcmple_InfNaN                      0x0801137b   Thumb Code     0  dleqf.o(x$fpl$dleqf)
    __aeabi_dmul                             0x08011391   Thumb Code     0  dmul.o(x$fpl$dmul)
    _dmul                                    0x08011391   Thumb Code   332  dmul.o(x$fpl$dmul)
    __fpl_dnaninf                            0x080114e5   Thumb Code   156  dnaninf.o(x$fpl$dnaninf)
    __fpl_dretinf                            0x08011581   Thumb Code    12  dretinf.o(x$fpl$dretinf)
    __aeabi_cdrcmple                         0x0801158d   Thumb Code     0  drleqf.o(x$fpl$drleqf)
    _drcmple                                 0x0801158d   Thumb Code   108  drleqf.o(x$fpl$drleqf)
    __aeabi_drsub                            0x080115f9   Thumb Code     0  daddsub_clz.o(x$fpl$drsb)
    _drsb                                    0x080115f9   Thumb Code    22  daddsub_clz.o(x$fpl$drsb)
    __aeabi_dsub                             0x08011611   Thumb Code     0  daddsub_clz.o(x$fpl$dsub)
    _dsub                                    0x08011611   Thumb Code   464  daddsub_clz.o(x$fpl$dsub)
    __aeabi_f2d                              0x080117e5   Thumb Code     0  f2d.o(x$fpl$f2d)
    _f2d                                     0x080117e5   Thumb Code    86  f2d.o(x$fpl$f2d)
    __fpl_fnaninf                            0x0801183b   Thumb Code   140  fnaninf.o(x$fpl$fnaninf)
    _fp_init                                 0x080118c7   Thumb Code    10  fpinit.o(x$fpl$fpinit)
    __fplib_config_fpu_vfp                   0x080118cf   Thumb Code     0  fpinit.o(x$fpl$fpinit)
    __fplib_config_pureend_doubles           0x080118cf   Thumb Code     0  fpinit.o(x$fpl$fpinit)
    __fpl_fretinf                            0x080118d1   Thumb Code    10  fretinf.o(x$fpl$fretinf)
    __I$use$fp                               0x080118da   Number         0  usenofp.o(x$fpl$usenofp)
    __mathlib_zero                           0x08011f28   Data           8  qnan.o(.constdata)
    Region$$Table$$Base                      0x08012020   Number         0  anon$$obj.o(Region$$Table)
    Region$$Table$$Limit                     0x08012040   Number         0  anon$$obj.o(Region$$Table)
    __ctype                                  0x0801204d   Data           0  lc_ctype_c.o(locale$$data)
    receive_flag                             0x20000000   Data           4  nrf24l01.o(.data)
    packet_flag                              0x20000004   Data           1  packet.o(.data)
    identify_buf_ptr                         0x20000008   Data           4  packet.o(.data)
    identify_success                         0x2000000c   Data           1  packet.o(.data)
    wheel_reduction_ratio_x_set              0x20000040   Data           4  robot.o(.data)
    wheel_reduction_ratio_yz_set             0x20000044   Data           4  robot.o(.data)
    max_shot_strength_set                    0x20000048   Data           4  robot.o(.data)
    startpoint                               0x2000004c   Data           1  robot.o(.data)
    steplength                               0x2000004d   Data           1  robot.o(.data)
    g_do_set_receive_mode_flag               0x2000004e   Data           1  robot.o(.data)
    g_set_receive_mode_flag                  0x2000004f   Data           1  robot.o(.data)
    forcestopcounter                         0x20000050   Data           4  robot.o(.data)
    last_beep                                0x20000054   Data           1  robot.o(.data)
    is_low_power_cnt                         0x20000055   Data           1  robot.o(.data)
    g_pid_timer_cnt                          0x20000056   Data           1  robot.o(.data)
    power_mon_timer                          0x20000058   Data           8  robot.o(.data)
    heart_led_timer                          0x20000060   Data           8  robot.o(.data)
    rf_comm_tim                              0x20000068   Data           8  robot.o(.data)
    identify_cpuid_tim                       0x20000070   Data           8  robot.o(.data)
    gyro_mon_timer                           0x20000078   Data           8  robot.o(.data)
    shoot_interval_timer                     0x20000080   Data           8  robot.o(.data)
    SystemCoreClock                          0x20000098   Data           4  system_stm32f4xx.o(.data)
    AHBPrescTable                            0x2000009c   Data          16  system_stm32f4xx.o(.data)
    sys_tick                                 0x200000b0   Data           8  timer.o(.data)
    uart_rx_buf_cnt                          0x200000b8   Data           1  usart_ble.o(.data)
    uart_tx_buf_cnt                          0x200000b9   Data           1  usart_ble.o(.data)
    uart_rx_buf_ptr                          0x200000ba   Data           1  usart_ble.o(.data)
    ble_ack_ok                               0x200000bb   Data           1  usart_ble.o(.data)
    g_is_uart_get_a_packet                   0x200000bc   Data           1  usart_ble.o(.data)
    g_is_uart_sent_a_packet                  0x200000bd   Data           1  usart_ble.o(.data)
    g_is_uart_get_packet_num                 0x200000be   Data           1  usart_ble.o(.data)
    g_is_uart_sent_packet_num                0x200000bf   Data           1  usart_ble.o(.data)
    shooter                                  0x200000c0   Data           1  action.o(.data)
    g_is_shoot_set                           0x200000c1   Data           1  action.o(.data)
    is_action_shoot                          0x200000c2   Data           1  action.o(.data)
    shoot_power_curve_a                      0x200000c4   Data           4  action.o(.data)
    shoot_power_curve_b                      0x200000c8   Data           4  action.o(.data)
    dribbler_power_amp                       0x200000cc   Data           4  action.o(.data)
    type                                     0x200000e0   Data           1  comm.o(.data)
    packet_cnt                               0x200000e1   Data           1  comm.o(.data)
    gyro_control_flag                        0x200000e2   Data           1  comm.o(.data)
    error_flag                               0x20000108   Data           1  error_event.o(.data)
    BAUDRATE_ENUM                            0x20000109   Data           1  hm_bluetooth.o(.data)
    CONNECT_MODE_EUNM                        0x2000010a   Data           1  hm_bluetooth.o(.data)
    DATA_TRANSER_SPEED_ENUM                  0x2000010b   Data           1  hm_bluetooth.o(.data)
    EDR_WORK_MODE_ENUM                       0x2000010c   Data           1  hm_bluetooth.o(.data)
    CONNECT_NOTIFY_ENUM                      0x2000010d   Data           1  hm_bluetooth.o(.data)
    PIO1_LED_STATUS_ENUM                     0x2000010e   Data           1  hm_bluetooth.o(.data)
    Hm_bluetooth_connect_flag                0x2000010f   Data           1  hm_bluetooth.o(.data)
    bluetooth_code                           0x20000110   Data           6  hm_bluetooth.o(.data)
    encrpty_cpuid                            0x20000116   Data           8  init.o(.data)
    usb_host_device_mode                     0x2000011e   Data           1  init.o(.data)
    eeprom_blue_init_flag                    0x2000011f   Data           1  init.o(.data)
    encoder_tab                              0x20000130   Data          16  motor.o(.data)
    is_motor_run                             0x20000140   Data           1  motor.o(.data)
    z_factory                                0x20000144   Data           8  mpu6050_driver.o(.data)
    angel_z                                  0x2000014c   Data           4  mpu6050_driver.o(.data)
    angel_x                                  0x20000150   Data           4  mpu6050_driver.o(.data)
    angel_y                                  0x20000154   Data           4  mpu6050_driver.o(.data)
    adc_offset_gyro_z                        0x20000158   Data           4  mpu6050_driver.o(.data)
    HSEStartUpStatus                         0x20000160   Data           1  usb_bsp.o(.data)
    BSP_delay                                0x20000164   Data           4  usb_bsp.o(.data)
    linecoding                               0x20000168   Data           8  usbd_cdc_vcp.o(.data)
    USB_Receive_ok                           0x20000170   Data           1  usbd_cdc_vcp.o(.data)
    usb_receive_ptr                          0x20000172   Data           2  usbd_cdc_vcp.o(.data)
    usb_receive_cnt                          0x20000174   Data           2  usbd_cdc_vcp.o(.data)
    VCP_fops                                 0x20000178   Data          20  usbd_cdc_vcp.o(.data)
    USR_desc                                 0x2000018c   Data          28  usbd_desc.o(.data)
    USBD_DeviceDesc                          0x200001a8   Data          18  usbd_desc.o(.data)
    USBD_DeviceQualifierDesc                 0x200001ba   Data          10  usbd_desc.o(.data)
    USBD_LangIDDesc                          0x200001c4   Data           4  usbd_desc.o(.data)
    USR_cb                                   0x200001c8   Data          28  usbd_usr.o(.data)
    KeybrdCharXpos                           0x200001e4   Data           1  usbh_usr.o(.data)
    KeybrdCharYpos                           0x200001e6   Data           2  usbh_usr.o(.data)
    x_loc                                    0x200001e8   Data           2  usbh_usr.o(.data)
    y_loc                                    0x200001ea   Data           2  usbh_usr.o(.data)
    prev_x                                   0x200001ec   Data           2  usbh_usr.o(.data)
    prev_y                                   0x200001ee   Data           2  usbh_usr.o(.data)
    USR_Callbacks                            0x200001f0   Data          72  usbh_usr.o(.data)
    USBH_HCD_INT_cb                          0x2000024c   Data          12  usbh_core.o(.data)
    USBH_HCD_INT_fops                        0x20000258   Data           4  usbh_core.o(.data)
    HID_Setup                                0x20000264   Data           8  usbh_hid_core.o(.data)
    start_toggle                             0x2000026c   Data           1  usbh_hid_core.o(.data)
    HID_callb                                0x20000270   Data          16  usbh_hid_core.o(.data)
    HID_JOYSTICK_cb                          0x20000280   Data           8  usbh_hid_joystick.o(.data)
    HID_KEYBRD_cb                            0x20000288   Data           8  usbh_hid_keybd.o(.data)
    HID_MOUSE_Data                           0x200002a8   Data           4  usbh_hid_mouse.o(.data)
    HID_MOUSE_cb                             0x200002ac   Data           8  usbh_hid_mouse.o(.data)
    SET_TEST_MODE                            0x200002b4   Data           4  usbd_core.o(.data)
    USBD_DCD_INT_cb                          0x200002b8   Data          44  usbd_core.o(.data)
    USBD_DCD_INT_fops                        0x200002e4   Data           4  usbd_core.o(.data)
    USBD_ep_status                           0x200002e8   Data           4  usbd_req.o(.data)
    USBD_default_cfg                         0x200002ec   Data           4  usbd_req.o(.data)
    USBD_cfg_status                          0x200002f0   Data           4  usbd_req.o(.data)
    CmdBuff                                  0x200002fc   Data           8  usbd_cdc_core.o(.data)
    APP_Rx_ptr_in                            0x20000304   Data           4  usbd_cdc_core.o(.data)
    APP_Rx_ptr_out                           0x20000308   Data           4  usbd_cdc_core.o(.data)
    APP_Rx_length                            0x2000030c   Data           4  usbd_cdc_core.o(.data)
    USB_Tx_State                             0x20000310   Data           1  usbd_cdc_core.o(.data)
    USBD_CDC_cb                              0x2000031c   Data          44  usbd_cdc_core.o(.data)
    usbd_cdc_CfgDesc                         0x20000348   Data          67  usbd_cdc_core.o(.data)
    nRF24L01_dev                             0x20000390   Data         280  nrf24l01.o(.bss)
    gyro_pid                                 0x200004a8   Data          52  pid.o(.bss)
    g_robot                                  0x200004e0   Data        8352  robot.o(.bss)
    uart_rx_buf                              0x20002580   Data         256  usart_ble.o(.bss)
    uart_tx_buf                              0x20002680   Data         256  usart_ble.o(.bss)
    buf_packet_ok                            0x20002780   Data          25  usart_ble.o(.bss)
    g_shooter                                0x2000279c   Data          16  action.o(.bss)
    g_rf_comm                                0x200027ac   Data          32  comm.o(.bss)
    joystick_packet                          0x200027cc   Data          28  comm.o(.bss)
    identify_data                            0x200027e8   Data         260  comm.o(.bss)
    bluetooth_name                           0x200028ec   Data          10  hm_bluetooth.o(.bss)
    cpuID                                    0x200028f8   Data          12  init.o(.bss)
    cpuid_data                               0x20002904   Data          12  init.o(.bss)
    acc_gyro_adc                             0x20002924   Data          12  mpu6050_driver.o(.bss)
    acc_gyro_actul                           0x20002930   Data          24  mpu6050_driver.o(.bss)
    acc_agro_angel                           0x20002948   Data          24  mpu6050_driver.o(.bss)
    adc_offset_buf                           0x20002960   Data          20  mpu6050_driver.o(.bss)
    USART_InitStructure                      0x20002974   Data          16  usbd_cdc_vcp.o(.bss)
    USB_Receive_Buffer                       0x20002984   Data          64  usbd_cdc_vcp.o(.bss)
    USB_Tx_Buffer                            0x200029c4   Data          64  usbd_cdc_vcp.o(.bss)
    USB_OTG_Core_dev                         0x20002a04   Data        2704  usbh_core.o(.bss)
    USB_Host                                 0x20003494   Data         132  usbh_core.o(.bss)
    USBH_CfgDesc                             0x20003518   Data         512  usbh_stdreq.o(.bss)
    HID_Machine                              0x20003718   Data          84  usbh_hid_core.o(.bss)
    HID_Report                               0x2000376c   Data          72  usbh_hid_core.o(.bss)
    HID_Desc                                 0x200037b4   Data          10  usbh_hid_core.o(.bss)
    HID_JOYSTICK_Data                        0x200037be   Data          20  usbh_hid_joystick.o(.bss)
    USB_OTG_dev                              0x200037d4   Data        2704  usbd_core.o(.bss)
    USBD_StrDesc                             0x20004264   Data         255  usbd_req.o(.bss)
    usbd_cdc_OtherCfgDesc                    0x20004363   Data          67  usbd_cdc_core.o(.bss)
    USB_Rx_Buffer                            0x200043a6   Data          64  usbd_cdc_core.o(.bss)
    APP_Rx_Buffer                            0x200043e6   Data        2048  usbd_cdc_core.o(.bss)
    __libspace_start                         0x20004be8   Data          96  libspace.o(.bss)
    __temporary_stack_top$libspace           0x20004c48   Data           0  libspace.o(.bss)



==============================================================================

Memory Map of the image

  Image Entry point : 0x08000189

  Load Region LR_IROM1 (Base: 0x08000000, Size: 0x000124e0, Max: 0x00080000, ABSOLUTE, COMPRESSED[0x000122e4])

    Execution Region ER_IROM1 (Base: 0x08000000, Size: 0x00012150, Max: 0x00080000, ABSOLUTE)

    Base Addr    Size         Type   Attr      Idx    E Section Name        Object

    0x08000000   0x00000188   Data   RO          790    RESET               startup_stm32f4xx.o
    0x08000188   0x00000008   Code   RO         1876  * !!!main             c_w.l(__main.o)
    0x08000190   0x00000034   Code   RO         2217    !!!scatter          c_w.l(__scatter.o)
    0x080001c4   0x0000005a   Code   RO         2215    !!dczerorl2         c_w.l(__dczerorl2.o)
    0x0800021e   0x00000002   PAD
    0x08000220   0x0000001c   Code   RO         2219    !!handler_zi        c_w.l(__scatter_zi.o)
    0x0800023c   0x00000000   Code   RO         1859    .ARM.Collect$$_printf_percent$$00000000  c_w.l(_printf_percent.o)
    0x0800023c   0x00000006   Code   RO         1858    .ARM.Collect$$_printf_percent$$0000000C  c_w.l(_printf_x.o)
    0x08000242   0x00000006   Code   RO         1857    .ARM.Collect$$_printf_percent$$00000014  c_w.l(_printf_s.o)
    0x08000248   0x00000004   Code   RO         1965    .ARM.Collect$$_printf_percent$$00000017  c_w.l(_printf_percent_end.o)
    0x0800024c   0x00000002   Code   RO         2078    .ARM.Collect$$libinit$$00000000  c_w.l(libinit.o)
    0x0800024e   0x00000004   Code   RO         2089    .ARM.Collect$$libinit$$00000001  c_w.l(libinit2.o)
    0x08000252   0x00000000   Code   RO         2092    .ARM.Collect$$libinit$$00000004  c_w.l(libinit2.o)
    0x08000252   0x00000000   Code   RO         2095    .ARM.Collect$$libinit$$0000000A  c_w.l(libinit2.o)
    0x08000252   0x00000000   Code   RO         2097    .ARM.Collect$$libinit$$0000000C  c_w.l(libinit2.o)
    0x08000252   0x00000000   Code   RO         2099    .ARM.Collect$$libinit$$0000000E  c_w.l(libinit2.o)
    0x08000252   0x00000006   Code   RO         2100    .ARM.Collect$$libinit$$0000000F  c_w.l(libinit2.o)
    0x08000258   0x00000000   Code   RO         2102    .ARM.Collect$$libinit$$00000011  c_w.l(libinit2.o)
    0x08000258   0x0000000c   Code   RO         2103    .ARM.Collect$$libinit$$00000012  c_w.l(libinit2.o)
    0x08000264   0x00000000   Code   RO         2104    .ARM.Collect$$libinit$$00000013  c_w.l(libinit2.o)
    0x08000264   0x00000000   Code   RO         2106    .ARM.Collect$$libinit$$00000015  c_w.l(libinit2.o)
    0x08000264   0x00000000   Code   RO         2108    .ARM.Collect$$libinit$$00000017  c_w.l(libinit2.o)
    0x08000264   0x00000000   Code   RO         2110    .ARM.Collect$$libinit$$00000019  c_w.l(libinit2.o)
    0x08000264   0x00000000   Code   RO         2112    .ARM.Collect$$libinit$$0000001B  c_w.l(libinit2.o)
    0x08000264   0x00000000   Code   RO         2114    .ARM.Collect$$libinit$$0000001D  c_w.l(libinit2.o)
    0x08000264   0x00000000   Code   RO         2116    .ARM.Collect$$libinit$$0000001F  c_w.l(libinit2.o)
    0x08000264   0x00000000   Code   RO         2118    .ARM.Collect$$libinit$$00000021  c_w.l(libinit2.o)
    0x08000264   0x00000000   Code   RO         2120    .ARM.Collect$$libinit$$00000023  c_w.l(libinit2.o)
    0x08000264   0x00000000   Code   RO         2122    .ARM.Collect$$libinit$$00000025  c_w.l(libinit2.o)
    0x08000264   0x00000000   Code   RO         2126    .ARM.Collect$$libinit$$0000002C  c_w.l(libinit2.o)
    0x08000264   0x00000000   Code   RO         2128    .ARM.Collect$$libinit$$0000002E  c_w.l(libinit2.o)
    0x08000264   0x00000000   Code   RO         2130    .ARM.Collect$$libinit$$00000030  c_w.l(libinit2.o)
    0x08000264   0x00000000   Code   RO         2132    .ARM.Collect$$libinit$$00000032  c_w.l(libinit2.o)
    0x08000264   0x00000002   Code   RO         2133    .ARM.Collect$$libinit$$00000033  c_w.l(libinit2.o)
    0x08000266   0x00000002   Code   RO         2155    .ARM.Collect$$libshutdown$$00000000  c_w.l(libshutdown.o)
    0x08000268   0x00000000   Code   RO         2168    .ARM.Collect$$libshutdown$$00000002  c_w.l(libshutdown2.o)
    0x08000268   0x00000000   Code   RO         2170    .ARM.Collect$$libshutdown$$00000004  c_w.l(libshutdown2.o)
    0x08000268   0x00000000   Code   RO         2173    .ARM.Collect$$libshutdown$$00000007  c_w.l(libshutdown2.o)
    0x08000268   0x00000000   Code   RO         2176    .ARM.Collect$$libshutdown$$0000000A  c_w.l(libshutdown2.o)
    0x08000268   0x00000000   Code   RO         2178    .ARM.Collect$$libshutdown$$0000000C  c_w.l(libshutdown2.o)
    0x08000268   0x00000000   Code   RO         2181    .ARM.Collect$$libshutdown$$0000000F  c_w.l(libshutdown2.o)
    0x08000268   0x00000002   Code   RO         2182    .ARM.Collect$$libshutdown$$00000010  c_w.l(libshutdown2.o)
    0x0800026a   0x00000000   Code   RO         1954    .ARM.Collect$$rtentry$$00000000  c_w.l(__rtentry.o)
    0x0800026a   0x00000000   Code   RO         2035    .ARM.Collect$$rtentry$$00000002  c_w.l(__rtentry2.o)
    0x0800026a   0x00000006   Code   RO         2047    .ARM.Collect$$rtentry$$00000004  c_w.l(__rtentry4.o)
    0x08000270   0x00000000   Code   RO         2037    .ARM.Collect$$rtentry$$00000009  c_w.l(__rtentry2.o)
    0x08000270   0x00000004   Code   RO         2038    .ARM.Collect$$rtentry$$0000000A  c_w.l(__rtentry2.o)
    0x08000274   0x00000000   Code   RO         2040    .ARM.Collect$$rtentry$$0000000C  c_w.l(__rtentry2.o)
    0x08000274   0x00000008   Code   RO         2041    .ARM.Collect$$rtentry$$0000000D  c_w.l(__rtentry2.o)
    0x0800027c   0x00000002   Code   RO         2079    .ARM.Collect$$rtexit$$00000000  c_w.l(rtexit.o)
    0x0800027e   0x00000000   Code   RO         2135    .ARM.Collect$$rtexit$$00000002  c_w.l(rtexit2.o)
    0x0800027e   0x00000004   Code   RO         2136    .ARM.Collect$$rtexit$$00000003  c_w.l(rtexit2.o)
    0x08000282   0x00000006   Code   RO         2137    .ARM.Collect$$rtexit$$00000004  c_w.l(rtexit2.o)
    0x08000288   0x00000170   Code   RO            2    .text               nrf24l01.o
    0x080003f8   0x00000398   Code   RO          162    .text               nrf24l01_drv.o
    0x08000790   0x000008b4   Code   RO          182    .text               packet.o
    0x08001044   0x00000116   Code   RO          214    .text               param.o
    0x0800115a   0x00000002   PAD
    0x0800115c   0x000002f4   Code   RO          233    .text               pid.o
    0x08001450   0x00000a70   Code   RO          255    .text               robot.o
    0x08001ec0   0x0000003c   Code   RO          394    .text               stm32f4xx_it.o
    0x08001efc   0x00000210   Code   RO          422    .text               system_stm32f4xx.o
    0x0800210c   0x00000104   Code   RO          444    .text               timer.o
    0x08002210   0x00000278   Code   RO          469    .text               usart_ble.o
    0x08002488   0x00000674   Code   RO          495    .text               action.o
    0x08002afc   0x00000708   Code   RO          523    .text               comm.o
    0x08003204   0x000005f4   Code   RO          547    .text               cpuid_des.o
    0x080037f8   0x0000008c   Code   RO          607    .text               gpio.o
    0x08003884   0x00000b50   Code   RO          623    .text               hm_bluetooth.o
    0x080043d4   0x0000075c   Code   RO          651    .text               i2c.o
    0x08004b30   0x000006c8   Code   RO          667    .text               init.o
    0x080051f8   0x0000000e   Code   RO          705    .text               main.o
    0x08005206   0x00000002   PAD
    0x08005208   0x0000080c   Code   RO          721    .text               misc.o
    0x08005a14   0x00000574   Code   RO          744    .text               motor.o
    0x08005f88   0x000005b4   Code   RO          763    .text               mpu6050_driver.o
    0x0800653c   0x00000040   Code   RO          791    .text               startup_stm32f4xx.o
    0x0800657c   0x00000238   Code   RO          796    .text               usb_bsp.o
    0x080067b4   0x0000022c   Code   RO          815    .text               usbd_cdc_vcp.o
    0x080069e0   0x00000154   Code   RO          847    .text               usbd_desc.o
    0x08006b34   0x0000001e   Code   RO          873    .text               usbd_usr.o
    0x08006b52   0x00000002   PAD
    0x08006b54   0x000002f0   Code   RO          896    .text               usbh_usr.o
    0x08006e44   0x00000464   Code   RO          930    .text               stm32f4xx_adc.o
    0x080072a8   0x0000011c   Code   RO         1106    .text               stm32f4xx_exti.o
    0x080073c4   0x000004bc   Code   RO         1122    .text               stm32f4xx_flash.o
    0x08007880   0x0000025c   Code   RO         1154    .text               stm32f4xx_gpio.o
    0x08007adc   0x00000428   Code   RO         1218    .text               stm32f4xx_i2c.o
    0x08007f04   0x00000040   Code   RO         1234    .text               stm32f4xx_iwdg.o
    0x08007f44   0x000000e0   Code   RO         1250    .text               stm32f4xx_misc.o
    0x08008024   0x00000588   Code   RO         1282    .text               stm32f4xx_rcc.o
    0x080085ac   0x000003f8   Code   RO         1348    .text               stm32f4xx_spi.o
    0x080089a4   0x0000008c   Code   RO         1364    .text               stm32f4xx_syscfg.o
    0x08008a30   0x00000ca2   Code   RO         1380    .text               stm32f4xx_tim.o
    0x080096d2   0x00000002   PAD
    0x080096d4   0x0000041a   Code   RO         1396    .text               stm32f4xx_usart.o
    0x08009aee   0x00000002   PAD
    0x08009af0   0x00000674   Code   RO         1428    .text               usbh_core.o
    0x0800a164   0x00000186   Code   RO         1454    .text               usbh_hcs.o
    0x0800a2ea   0x000003a8   Code   RO         1470    .text               usbh_ioreq.o
    0x0800a692   0x00000002   PAD
    0x0800a694   0x000003d8   Code   RO         1486    .text               usbh_stdreq.o
    0x0800aa6c   0x00000588   Code   RO         1509    .text               usbh_hid_core.o
    0x0800aff4   0x00000028   Code   RO         1544    .text               usbh_hid_joystick.o
    0x0800b01c   0x0000015c   Code   RO         1566    .text               usbh_hid_keybd.o
    0x0800b178   0x00000028   Code   RO         1588    .text               usbh_hid_mouse.o
    0x0800b1a0   0x00001788   Code   RO         1609    .text               usb_core.o
    0x0800c928   0x000000e4   Code   RO         1625    .text               usb_hcd.o
    0x0800ca0c   0x00000e88   Code   RO         1641    .text               usb_hcd_int.o
    0x0800d894   0x000002f8   Code   RO         1657    .text               usbd_core.o
    0x0800db8c   0x000000f4   Code   RO         1683    .text               usbd_ioreq.o
    0x0800dc80   0x000006c0   Code   RO         1699    .text               usbd_req.o
    0x0800e340   0x00000330   Code   RO         1724    .text               usbd_cdc_core.o
    0x0800e670   0x0000037e   Code   RO         1773    .text               usb_dcd.o
    0x0800e9ee   0x00000002   PAD
    0x0800e9f0   0x00000770   Code   RO         1789    .text               usb_dcd_int.o
    0x0800f160   0x00000028   Code   RO         1808    .text               c_w.l(noretval__2sprintf.o)
    0x0800f188   0x0000004e   Code   RO         1812    .text               c_w.l(_printf_pad.o)
    0x0800f1d6   0x00000052   Code   RO         1814    .text               c_w.l(_printf_str.o)
    0x0800f228   0x00000058   Code   RO         1819    .text               c_w.l(_printf_hex_int.o)
    0x0800f280   0x00000138   Code   RO         1849    .text               c_w.l(__printf_flags_wp.o)
    0x0800f3b8   0x0000003c   Code   RO         1860    .text               c_w.l(__0sscanf.o)
    0x0800f3f4   0x0000014c   Code   RO         1862    .text               c_w.l(_scanf_int.o)
    0x0800f540   0x00000018   Code   RO         1864    .text               c_w.l(strcat.o)
    0x0800f558   0x0000008a   Code   RO         1866    .text               c_w.l(rt_memcpy_v6.o)
    0x0800f5e2   0x00000064   Code   RO         1868    .text               c_w.l(rt_memcpy_w.o)
    0x0800f646   0x00000044   Code   RO         1870    .text               c_w.l(rt_memclr.o)
    0x0800f68a   0x0000004e   Code   RO         1872    .text               c_w.l(rt_memclr_w.o)
    0x0800f6d8   0x00000006   Code   RO         1874    .text               c_w.l(heapauxi.o)
    0x0800f6de   0x00000016   Code   RO         1955    .text               c_w.l(_rserrno.o)
    0x0800f6f4   0x000000b2   Code   RO         1957    .text               c_w.l(_printf_intcommon.o)
    0x0800f7a6   0x00000002   PAD
    0x0800f7a8   0x00000030   Code   RO         1959    .text               c_w.l(_printf_char_common.o)
    0x0800f7d8   0x0000000a   Code   RO         1961    .text               c_w.l(_sputc.o)
    0x0800f7e2   0x0000002c   Code   RO         1963    .text               c_w.l(_printf_char.o)
    0x0800f80e   0x0000001c   Code   RO         1966    .text               c_w.l(_chval.o)
    0x0800f82a   0x00000002   PAD
    0x0800f82c   0x0000002c   Code   RO         1968    .text               c_w.l(scanf_char.o)
    0x0800f858   0x00000040   Code   RO         1970    .text               c_w.l(_sgetc.o)
    0x0800f898   0x00000008   Code   RO         2052    .text               c_w.l(rt_errno_addr_intlibspace.o)
    0x0800f8a0   0x00000012   Code   RO         2054    .text               c_w.l(isspace.o)
    0x0800f8b2   0x00000002   PAD
    0x0800f8b4   0x00000374   Code   RO         2058    .text               c_w.l(_scanf.o)
    0x0800fc28   0x00000008   Code   RO         2064    .text               c_w.l(libspace.o)
    0x0800fc30   0x0000004a   Code   RO         2067    .text               c_w.l(sys_stackheap_outer.o)
    0x0800fc7a   0x00000002   PAD
    0x0800fc7c   0x00000010   Code   RO         2069    .text               c_w.l(rt_ctype_table.o)
    0x0800fc8c   0x00000012   Code   RO         2071    .text               c_w.l(exit.o)
    0x0800fc9e   0x00000002   PAD
    0x0800fca0   0x00000008   Code   RO         2084    .text               c_w.l(rt_locale_intlibspace.o)
    0x0800fca8   0x00000080   Code   RO         2141    .text               c_w.l(strcmpv7m.o)
    0x0800fd28   0x0000000c   Code   RO         2147    .text               c_w.l(sys_exit.o)
    0x0800fd34   0x00000002   Code   RO         2158    .text               c_w.l(use_no_semi.o)
    0x0800fd36   0x00000000   Code   RO         2160    .text               c_w.l(indicate_semi.o)
    0x0800fd36   0x00000030   Code   RO         2060    i.__ARM_fpclassify  m_wm.l(fpclassify.o)
    0x0800fd66   0x00000002   PAD
    0x0800fd68   0x000002d8   Code   RO         1985    i.__hardfp_atan     m_wm.l(atan.o)
    0x08010040   0x000001f0   Code   RO         1912    i.__hardfp_atan2    m_wm.l(atan2.o)
    0x08010230   0x00000118   Code   RO         1924    i.__hardfp_ceil     m_wm.l(ceil.o)
    0x08010348   0x000000c8   Code   RO         1930    i.__hardfp_cos      m_wm.l(cos.o)
    0x08010410   0x000000c8   Code   RO         1942    i.__hardfp_sin      m_wm.l(sin.o)
    0x080104d8   0x00000438   Code   RO         2023    i.__ieee754_rem_pio2  m_wm.l(rred.o)
    0x08010910   0x00000170   Code   RO         1999    i.__kernel_cos      m_wm.l(cos_i.o)
    0x08010a80   0x000000f8   Code   RO         2062    i.__kernel_poly     m_wm.l(poly.o)
    0x08010b78   0x00000130   Code   RO         2028    i.__kernel_sin      m_wm.l(sin_i.o)
    0x08010ca8   0x00000014   Code   RO         2003    i.__mathlib_dbl_infnan  m_wm.l(dunder.o)
    0x08010cbc   0x00000014   Code   RO         2004    i.__mathlib_dbl_infnan2  m_wm.l(dunder.o)
    0x08010cd0   0x00000020   Code   RO         2005    i.__mathlib_dbl_invalid  m_wm.l(dunder.o)
    0x08010cf0   0x00000020   Code   RO         2008    i.__mathlib_dbl_underflow  m_wm.l(dunder.o)
    0x08010d10   0x0000000e   Code   RO         1847    i._is_digit         c_w.l(__printf_wp.o)
    0x08010d1e   0x00000010   Code   RO         1987    i.atan              m_wm.l(atan.o)
    0x08010d2e   0x00000018   Code   RO         2018    i.fabs              m_wm.l(fabs.o)
    0x08010d46   0x00000002   PAD
    0x08010d48   0x0000002c   Code   RO         2087    locale$$code        c_w.l(lc_ctype_c.o)
    0x08010d74   0x00000018   Code   RO         1972    x$fpl$basic         fz_wm.l(basic.o)
    0x08010d8c   0x00000062   Code   RO         1878    x$fpl$d2f           fz_wm.l(d2f.o)
    0x08010dee   0x00000002   PAD
    0x08010df0   0x00000150   Code   RO         1880    x$fpl$dadd          fz_wm.l(daddsub_clz.o)
    0x08010f40   0x00000018   Code   RO         1974    x$fpl$dcmpinf       fz_wm.l(dcmpi.o)
    0x08010f58   0x000002b0   Code   RO         1887    x$fpl$ddiv          fz_wm.l(ddiv.o)
    0x08011208   0x0000005e   Code   RO         1890    x$fpl$dfix          fz_wm.l(dfix.o)
    0x08011266   0x00000002   PAD
    0x08011268   0x0000005a   Code   RO         1894    x$fpl$dfixu         fz_wm.l(dfixu.o)
    0x080112c2   0x0000002e   Code   RO         1899    x$fpl$dflt          fz_wm.l(dflt_clz.o)
    0x080112f0   0x00000026   Code   RO         1898    x$fpl$dfltu         fz_wm.l(dflt_clz.o)
    0x08011316   0x00000002   PAD
    0x08011318   0x00000078   Code   RO         1904    x$fpl$dleqf         fz_wm.l(dleqf.o)
    0x08011390   0x00000154   Code   RO         1906    x$fpl$dmul          fz_wm.l(dmul.o)
    0x080114e4   0x0000009c   Code   RO         1976    x$fpl$dnaninf       fz_wm.l(dnaninf.o)
    0x08011580   0x0000000c   Code   RO         1978    x$fpl$dretinf       fz_wm.l(dretinf.o)
    0x0801158c   0x0000006c   Code   RO         1908    x$fpl$drleqf        fz_wm.l(drleqf.o)
    0x080115f8   0x00000016   Code   RO         1881    x$fpl$drsb          fz_wm.l(daddsub_clz.o)
    0x0801160e   0x00000002   PAD
    0x08011610   0x000001d4   Code   RO         1882    x$fpl$dsub          fz_wm.l(daddsub_clz.o)
    0x080117e4   0x00000056   Code   RO         1910    x$fpl$f2d           fz_wm.l(f2d.o)
    0x0801183a   0x0000008c   Code   RO         1980    x$fpl$fnaninf       fz_wm.l(fnaninf.o)
    0x080118c6   0x0000000a   Code   RO         2145    x$fpl$fpinit        fz_wm.l(fpinit.o)
    0x080118d0   0x0000000a   Code   RO         1982    x$fpl$fretinf       fz_wm.l(fretinf.o)
    0x080118da   0x00000000   Code   RO         1984    x$fpl$usenofp       fz_wm.l(usenofp.o)
    0x080118da   0x00000002   PAD
    0x080118dc   0x00000010   Data   RO          257    .constdata          robot.o
    0x080118ec   0x00000348   Data   RO          548    .constdata          cpuid_des.o
    0x08011c34   0x000001ec   Data   RO         1567    .constdata          usbh_hid_keybd.o
    0x08011e20   0x00000028   Data   RO         1820    .constdata          c_w.l(_printf_hex_int.o)
    0x08011e48   0x00000011   Data   RO         1850    .constdata          c_w.l(__printf_flags_wp.o)
    0x08011e59   0x00000007   PAD
    0x08011e60   0x00000098   Data   RO         1988    .constdata          m_wm.l(atan.o)
    0x08011ef8   0x00000030   Data   RO         2000    .constdata          m_wm.l(cos_i.o)
    0x08011f28   0x00000008   Data   RO         2022    .constdata          m_wm.l(qnan.o)
    0x08011f30   0x000000c8   Data   RO         2025    .constdata          m_wm.l(rred.o)
    0x08011ff8   0x00000028   Data   RO         2029    .constdata          m_wm.l(sin_i.o)
    0x08012020   0x00000020   Data   RO         2213    Region$$Table       anon$$obj.o
    0x08012040   0x00000110   Data   RO         2086    locale$$data        c_w.l(lc_ctype_c.o)


    Execution Region RW_IRAM2 (Base: 0x10000000, Size: 0x00000000, Max: 0x00010000, ABSOLUTE)

    **** No section assigned to this execution region ****


    Execution Region RW_IRAM1 (Base: 0x20000000, Size: 0x00005248, Max: 0x00020000, ABSOLUTE, COMPRESSED[0x00000194])

    Base Addr    Size         Type   Attr      Idx    E Section Name        Object

    0x20000000   0x00000004   Data   RW            4    .data               nrf24l01.o
    0x20000004   0x0000003a   Data   RW          183    .data               packet.o
    0x2000003e   0x00000002   PAD
    0x20000040   0x00000058   Data   RW          258    .data               robot.o
    0x20000098   0x00000014   Data   RW          423    .data               system_stm32f4xx.o
    0x200000ac   0x00000004   PAD
    0x200000b0   0x00000008   Data   RW          445    .data               timer.o
    0x200000b8   0x00000008   Data   RW          471    .data               usart_ble.o
    0x200000c0   0x00000020   Data   RW          497    .data               action.o
    0x200000e0   0x00000028   Data   RW          525    .data               comm.o
    0x20000108   0x00000001   Data   RW          575    .data               error_event.o
    0x20000109   0x0000000d   Data   RW          625    .data               hm_bluetooth.o
    0x20000116   0x0000000a   Data   RW          669    .data               init.o
    0x20000120   0x0000000d   Data   RW          723    .data               misc.o
    0x2000012d   0x00000003   PAD
    0x20000130   0x00000011   Data   RW          745    .data               motor.o
    0x20000141   0x00000003   PAD
    0x20000144   0x00000019   Data   RW          765    .data               mpu6050_driver.o
    0x2000015d   0x00000003   PAD
    0x20000160   0x00000008   Data   RW          797    .data               usb_bsp.o
    0x20000168   0x00000024   Data   RW          817    .data               usbd_cdc_vcp.o
    0x2000018c   0x0000003c   Data   RW          848    .data               usbd_desc.o
    0x200001c8   0x0000001c   Data   RW          874    .data               usbd_usr.o
    0x200001e4   0x00000058   Data   RW          898    .data               usbh_usr.o
    0x2000023c   0x00000010   Data   RW         1283    .data               stm32f4xx_rcc.o
    0x2000024c   0x00000012   Data   RW         1430    .data               usbh_core.o
    0x2000025e   0x00000003   Data   RW         1488    .data               usbh_stdreq.o
    0x20000261   0x00000003   PAD
    0x20000264   0x0000001c   Data   RW         1511    .data               usbh_hid_core.o
    0x20000280   0x00000008   Data   RW         1546    .data               usbh_hid_joystick.o
    0x20000288   0x0000001f   Data   RW         1568    .data               usbh_hid_keybd.o
    0x200002a7   0x00000001   PAD
    0x200002a8   0x0000000c   Data   RW         1589    .data               usbh_hid_mouse.o
    0x200002b4   0x00000034   Data   RW         1659    .data               usbd_core.o
    0x200002e8   0x0000000d   Data   RW         1701    .data               usbd_req.o
    0x200002f5   0x00000003   PAD
    0x200002f8   0x00000098   Data   RW         1726    .data               usbd_cdc_core.o
    0x20000390   0x00000118   Zero   RW            3    .bss                nrf24l01.o
    0x200004a8   0x00000034   Zero   RW          234    .bss                pid.o
    0x200004dc   0x00000004   PAD
    0x200004e0   0x000020a0   Zero   RW          256    .bss                robot.o
    0x20002580   0x00000219   Zero   RW          470    .bss                usart_ble.o
    0x20002799   0x00000003   PAD
    0x2000279c   0x00000010   Zero   RW          496    .bss                action.o
    0x200027ac   0x00000140   Zero   RW          524    .bss                comm.o
    0x200028ec   0x0000000a   Zero   RW          624    .bss                hm_bluetooth.o
    0x200028f6   0x00000002   PAD
    0x200028f8   0x00000018   Zero   RW          668    .bss                init.o
    0x20002910   0x00000014   Zero   RW          722    .bss                misc.o
    0x20002924   0x00000050   Zero   RW          764    .bss                mpu6050_driver.o
    0x20002974   0x00000090   Zero   RW          816    .bss                usbd_cdc_vcp.o
    0x20002a04   0x00000b14   Zero   RW         1429    .bss                usbh_core.o
    0x20003518   0x00000200   Zero   RW         1487    .bss                usbh_stdreq.o
    0x20003718   0x000000a6   Zero   RW         1510    .bss                usbh_hid_core.o
    0x200037be   0x00000014   Zero   RW         1545    .bss                usbh_hid_joystick.o
    0x200037d2   0x00000002   PAD
    0x200037d4   0x00000a90   Zero   RW         1658    .bss                usbd_core.o
    0x20004264   0x000000ff   Zero   RW         1700    .bss                usbd_req.o
    0x20004363   0x00000883   Zero   RW         1725    .bss                usbd_cdc_core.o
    0x20004be6   0x00000002   PAD
    0x20004be8   0x00000060   Zero   RW         2065    .bss                c_w.l(libspace.o)
    0x20004c48   0x00000200   Zero   RW          789    HEAP                startup_stm32f4xx.o
    0x20004e48   0x00000400   Zero   RW          788    STACK               startup_stm32f4xx.o


==============================================================================

Image component sizes


      Code (inc. data)   RO Data    RW Data    ZI Data      Debug   Object Name

      1652        116          0         32         16      34807   action.o
      1800        118          0         40        320       4252   comm.o
      1524         86        840          0          0       5310   cpuid_des.o
         0          0          0          1          0        677   error_event.o
       140         18          0          0          0        932   gpio.o
      2896        124          0         13         10       8359   hm_bluetooth.o
      1884         22          0          0          0       6851   i2c.o
      1736        114          0         10         24      22564   init.o
        14          0          0          0          0        483   main.o
      2060        118          0         13         20      25902   misc.o
      1396         60          0         17          0       5045   motor.o
      1460        110          0         25         80       5893   mpu6050_driver.o
       368         22          0          4        280     319296   nrf24l01.o
       920          4          0          0          0       5804   nrf24l01_drv.o
      2228        100          0         58          0       7919   packet.o
       278          0          0          0          0       1912   param.o
       756         24          0          0         52       4856   pid.o
      2672        262         16         88       8352      36527   robot.o
        64         26        392          0       1536        832   startup_stm32f4xx.o
      1124         24          0          0          0      10694   stm32f4xx_adc.o
       284         10          0          0          0       2323   stm32f4xx_exti.o
      1212         26          0          0          0       7093   stm32f4xx_flash.o
       604         36          0          0          0       4133   stm32f4xx_gpio.o
      1064         26          0          0          0       8255   stm32f4xx_i2c.o
        60         12          0          0          0       1392   stm32f4xx_it.o
        64          6          0          0          0       1345   stm32f4xx_iwdg.o
       224         20          0          0          0       1873   stm32f4xx_misc.o
      1416         48          0         16          0      11059   stm32f4xx_rcc.o
      1016         22          0          0          0       6849   stm32f4xx_spi.o
       140         12          0          0          0       1687   stm32f4xx_syscfg.o
      3234         60          0          0          0      23020   stm32f4xx_tim.o
      1050         26          0          0          0       7864   stm32f4xx_usart.o
       528         46          0         20          0       1835   system_stm32f4xx.o
       260         10          0          8          0       2697   timer.o
       632         30          0          8        537       3877   usart_ble.o
       568         16          0          8          0       3749   usb_bsp.o
      6024         10          0          0          0      17454   usb_core.o
       894          0          0          0          0       4712   usb_dcd.o
      1904         22          0          0          0       5075   usb_dcd_int.o
       228          0          0          0          0       3312   usb_hcd.o
      3720         12          0          0          0       6795   usb_hcd_int.o
       816         58          0        152       2179       5644   usbd_cdc_core.o
       556         22          0         36        144       3556   usbd_cdc_vcp.o
       760          6          0         52       2704       6098   usbd_core.o
       340        164          0         60          0       3732   usbd_desc.o
       244          0          0          0          0       2838   usbd_ioreq.o
      1728         50          0         13        255       5705   usbd_req.o
        30          0          0         28          0       1529   usbd_usr.o
      1652         50          0         18       2836       9357   usbh_core.o
       390          0          0          0          0       2760   usbh_hcs.o
      1416         38          0         28        166       6569   usbh_hid_core.o
        40          6          0          8         20       2576   usbh_hid_joystick.o
       348         44        492         31          0       2032   usbh_hid_keybd.o
        40          6          0         12          0       1782   usbh_hid_mouse.o
       936          0          0          0          0       4800   usbh_ioreq.o
       984         12          0          3        512       6221   usbh_stdreq.o
       752        126          0         88          0       7645   usbh_usr.o

    ----------------------------------------------------------------------
     61144       2380       1772        912      20056     708158   Object Totals
         0          0         32          0          0          0   (incl. Generated)
        14          0          0         22         13          0   (incl. Padding)

    ----------------------------------------------------------------------

      Code (inc. data)   RO Data    RW Data    ZI Data      Debug   Library Member Name

        60          8          0          0          0         84   __0sscanf.o
        90          0          0          0          0          0   __dczerorl2.o
         8          0          0          0          0         68   __main.o
       312          4         17          0          0         92   __printf_flags_wp.o
        14          0          0          0          0         68   __printf_wp.o
         0          0          0          0          0          0   __rtentry.o
        12          0          0          0          0          0   __rtentry2.o
         6          0          0          0          0          0   __rtentry4.o
        52          8          0          0          0          0   __scatter.o
        28          0          0          0          0          0   __scatter_zi.o
        28          0          0          0          0         68   _chval.o
        44          0          0          0          0        108   _printf_char.o
        48          6          0          0          0         96   _printf_char_common.o
        88          4         40          0          0         88   _printf_hex_int.o
       178          0          0          0          0         88   _printf_intcommon.o
        78          0          0          0          0        108   _printf_pad.o
         0          0          0          0          0          0   _printf_percent.o
         4          0          0          0          0          0   _printf_percent_end.o
         6          0          0          0          0          0   _printf_s.o
        82          0          0          0          0         80   _printf_str.o
         6          0          0          0          0          0   _printf_x.o
        22          0          0          0          0        100   _rserrno.o
       884          6          0          0          0        100   _scanf.o
       332          0          0          0          0         96   _scanf_int.o
        64          0          0          0          0         84   _sgetc.o
        10          0          0          0          0         68   _sputc.o
        18          0          0          0          0         80   exit.o
         6          0          0          0          0        152   heapauxi.o
         0          0          0          0          0          0   indicate_semi.o
        18          0          0          0          0         76   isspace.o
        44         10        272          0          0         76   lc_ctype_c.o
         2          0          0          0          0          0   libinit.o
        24          0          0          0          0          0   libinit2.o
         2          0          0          0          0          0   libshutdown.o
         2          0          0          0          0          0   libshutdown2.o
         8          4          0          0         96         68   libspace.o
        40          6          0          0          0         84   noretval__2sprintf.o
        16          4          0          0          0         76   rt_ctype_table.o
         8          4          0          0          0         68   rt_errno_addr_intlibspace.o
         8          4          0          0          0         68   rt_locale_intlibspace.o
        68          0          0          0          0         68   rt_memclr.o
        78          0          0          0          0         80   rt_memclr_w.o
       138          0          0          0          0         68   rt_memcpy_v6.o
       100          0          0          0          0         80   rt_memcpy_w.o
         2          0          0          0          0          0   rtexit.o
        10          0          0          0          0          0   rtexit2.o
        44          8          0          0          0         84   scanf_char.o
        24          0          0          0          0         68   strcat.o
       128          0          0          0          0         68   strcmpv7m.o
        12          4          0          0          0         68   sys_exit.o
        74          0          0          0          0         80   sys_stackheap_outer.o
         2          0          0          0          0         68   use_no_semi.o
        24          0          0          0          0        164   basic.o
        98          4          0          0          0        140   d2f.o
       826         16          0          0          0        492   daddsub_clz.o
        24          0          0          0          0        116   dcmpi.o
       688        140          0          0          0        256   ddiv.o
        94          4          0          0          0        140   dfix.o
        90          4          0          0          0        140   dfixu.o
        84          0          0          0          0        232   dflt_clz.o
       120          4          0          0          0        140   dleqf.o
       340         12          0          0          0        152   dmul.o
       156          4          0          0          0        140   dnaninf.o
        12          0          0          0          0        116   dretinf.o
       108          0          0          0          0        128   drleqf.o
        86          4          0          0          0        132   f2d.o
       140          4          0          0          0        132   fnaninf.o
        10          0          0          0          0        116   fpinit.o
        10          0          0          0          0        116   fretinf.o
         0          0          0          0          0          0   usenofp.o
       744        106        152          0          0        352   atan.o
       496         64          0          0          0        192   atan2.o
       280         28          0          0          0        156   ceil.o
       200         20          0          0          0        164   cos.o
       368         46         48          0          0        200   cos_i.o
       104         16          0          0          0        496   dunder.o
        24          0          0          0          0        124   fabs.o
        48          0          0          0          0        124   fpclassify.o
       248          0          0          0          0        152   poly.o
         0          0          8          0          0          0   qnan.o
      1080        142        200          0          0        188   rred.o
       200         20          0          0          0        164   sin.o
       304         24         40          0          0        208   sin_i.o

    ----------------------------------------------------------------------
     10364        742        784          0         96       8248   Library Totals
        26          0          7          0          0          0   (incl. Padding)

    ----------------------------------------------------------------------

      Code (inc. data)   RO Data    RW Data    ZI Data      Debug   Library Name

      3332         80        329          0         96       2876   c_w.l
      2910        196          0          0          0       2852   fz_wm.l
      4096        466        448          0          0       2520   m_wm.l

    ----------------------------------------------------------------------
     10364        742        784          0         96       8248   Library Totals

    ----------------------------------------------------------------------

==============================================================================


      Code (inc. data)   RO Data    RW Data    ZI Data      Debug   

     71508       3122       2556        912      20152     699194   Grand Totals
     71508       3122       2556        404      20152     699194   ELF Image Totals (compressed)
     71508       3122       2556        404          0          0   ROM Totals

==============================================================================

    Total RO  Size (Code + RO Data)                74064 (  72.33kB)
    Total RW  Size (RW Data + ZI Data)             21064 (  20.57kB)
    Total ROM Size (Code + RO Data + RW Data)      74468 (  72.72kB)

==============================================================================

